Archive member included because of file (symbol)

c:/nxp/lpcxpresso_7.0.2_102/lpcxpresso/tools/bin/../lib/gcc/arm-none-eabi/4.8.3/../../../../arm-none-eabi/lib/armv7-m\libcr_c.a(__weak__main.o)
                              ./src/4_Inicializaciones/cr_startup_lpc175x_6x.o (__main)

Allocating common symbols
Common symbol       size              file

BufferTx1           0x10              ./src/1_Aplicacion/main.o
Buffer_Display      0x6               ./src/1_Aplicacion/main.o
BufferTx0           0x10              ./src/1_Aplicacion/main.o
BufferRx1           0x10              ./src/1_Aplicacion/main.o
BufferRx0           0x10              ./src/1_Aplicacion/main.o

Discarded input sections

 .group         0x00000000        0x8 ./src/4_Inicializaciones/Inicializaciones.o
 .group         0x00000000        0x8 ./src/4_Inicializaciones/Inicializaciones.o
 .group         0x00000000        0x8 ./src/4_Inicializaciones/Inicializaciones.o
 .group         0x00000000        0x8 ./src/4_Inicializaciones/Inicializaciones.o
 .text          0x00000000        0x0 ./src/4_Inicializaciones/Inicializaciones.o
 .data          0x00000000        0x0 ./src/4_Inicializaciones/Inicializaciones.o
 .bss           0x00000000        0x0 ./src/4_Inicializaciones/Inicializaciones.o
 .rodata        0x00000000        0x4 ./src/4_Inicializaciones/Inicializaciones.o
 .text.InitGsm  0x00000000       0x44 ./src/4_Inicializaciones/Inicializaciones.o
 .group         0x00000000        0x8 ./src/4_Inicializaciones/Oscilador_Config.o
 .group         0x00000000        0x8 ./src/4_Inicializaciones/Oscilador_Config.o
 .group         0x00000000        0x8 ./src/4_Inicializaciones/Oscilador_Config.o
 .group         0x00000000        0x8 ./src/4_Inicializaciones/Oscilador_Config.o
 .text          0x00000000        0x0 ./src/4_Inicializaciones/Oscilador_Config.o
 .data          0x00000000        0x0 ./src/4_Inicializaciones/Oscilador_Config.o
 .bss           0x00000000        0x0 ./src/4_Inicializaciones/Oscilador_Config.o
 .debug_macro   0x00000000      0x856 ./src/4_Inicializaciones/Oscilador_Config.o
 .debug_macro   0x00000000       0xf4 ./src/4_Inicializaciones/Oscilador_Config.o
 .debug_macro   0x00000000      0xa2a ./src/4_Inicializaciones/Oscilador_Config.o
 .debug_macro   0x00000000      0x3b2 ./src/4_Inicializaciones/Oscilador_Config.o
 .group         0x00000000        0x8 ./src/4_Inicializaciones/cr_startup_lpc175x_6x.o
 .text          0x00000000        0x0 ./src/4_Inicializaciones/cr_startup_lpc175x_6x.o
 .data          0x00000000        0x0 ./src/4_Inicializaciones/cr_startup_lpc175x_6x.o
 .bss           0x00000000        0x0 ./src/4_Inicializaciones/cr_startup_lpc175x_6x.o
 .debug_macro   0x00000000      0x856 ./src/4_Inicializaciones/cr_startup_lpc175x_6x.o
 .group         0x00000000        0x8 ./src/4_Inicializaciones/crp.o
 .group         0x00000000        0x8 ./src/4_Inicializaciones/crp.o
 .text          0x00000000        0x0 ./src/4_Inicializaciones/crp.o
 .data          0x00000000        0x0 ./src/4_Inicializaciones/crp.o
 .bss           0x00000000        0x0 ./src/4_Inicializaciones/crp.o
 .crp           0x00000000        0x4 ./src/4_Inicializaciones/crp.o
 .debug_info    0x00000000       0x3f ./src/4_Inicializaciones/crp.o
 .debug_abbrev  0x00000000       0x36 ./src/4_Inicializaciones/crp.o
 .debug_aranges
                0x00000000       0x18 ./src/4_Inicializaciones/crp.o
 .debug_macro   0x00000000       0x1a ./src/4_Inicializaciones/crp.o
 .debug_macro   0x00000000      0x856 ./src/4_Inicializaciones/crp.o
 .debug_macro   0x00000000       0x34 ./src/4_Inicializaciones/crp.o
 .debug_line    0x00000000       0x8b ./src/4_Inicializaciones/crp.o
 .debug_str     0x00000000     0x24df ./src/4_Inicializaciones/crp.o
 .comment       0x00000000       0x71 ./src/4_Inicializaciones/crp.o
 .ARM.attributes
                0x00000000       0x33 ./src/4_Inicializaciones/crp.o
 .group         0x00000000        0x8 ./src/3_Drivers/Drivers_UART.o
 .group         0x00000000        0x8 ./src/3_Drivers/Drivers_UART.o
 .group         0x00000000        0x8 ./src/3_Drivers/Drivers_UART.o
 .group         0x00000000        0x8 ./src/3_Drivers/Drivers_UART.o
 .text          0x00000000        0x0 ./src/3_Drivers/Drivers_UART.o
 .data          0x00000000        0x0 ./src/3_Drivers/Drivers_UART.o
 .bss           0x00000000        0x0 ./src/3_Drivers/Drivers_UART.o
 .debug_macro   0x00000000      0x856 ./src/3_Drivers/Drivers_UART.o
 .debug_macro   0x00000000       0xf4 ./src/3_Drivers/Drivers_UART.o
 .debug_macro   0x00000000      0xa2a ./src/3_Drivers/Drivers_UART.o
 .debug_macro   0x00000000      0x3b2 ./src/3_Drivers/Drivers_UART.o
 .group         0x00000000        0x8 ./src/3_Drivers/Funciones_Basicas.o
 .group         0x00000000        0x8 ./src/3_Drivers/Funciones_Basicas.o
 .group         0x00000000        0x8 ./src/3_Drivers/Funciones_Basicas.o
 .group         0x00000000        0x8 ./src/3_Drivers/Funciones_Basicas.o
 .text          0x00000000        0x0 ./src/3_Drivers/Funciones_Basicas.o
 .data          0x00000000        0x0 ./src/3_Drivers/Funciones_Basicas.o
 .bss           0x00000000        0x0 ./src/3_Drivers/Funciones_Basicas.o
 .debug_macro   0x00000000      0x856 ./src/3_Drivers/Funciones_Basicas.o
 .debug_macro   0x00000000       0xf4 ./src/3_Drivers/Funciones_Basicas.o
 .debug_macro   0x00000000      0xa2a ./src/3_Drivers/Funciones_Basicas.o
 .debug_macro   0x00000000      0x3b2 ./src/3_Drivers/Funciones_Basicas.o
 .group         0x00000000        0x8 ./src/3_Drivers/Funciones_ISR.o
 .group         0x00000000        0x8 ./src/3_Drivers/Funciones_ISR.o
 .group         0x00000000        0x8 ./src/3_Drivers/Funciones_ISR.o
 .group         0x00000000        0x8 ./src/3_Drivers/Funciones_ISR.o
 .text          0x00000000        0x0 ./src/3_Drivers/Funciones_ISR.o
 .data          0x00000000        0x0 ./src/3_Drivers/Funciones_ISR.o
 .bss           0x00000000        0x0 ./src/3_Drivers/Funciones_ISR.o
 .debug_macro   0x00000000      0x856 ./src/3_Drivers/Funciones_ISR.o
 .debug_macro   0x00000000       0xf4 ./src/3_Drivers/Funciones_ISR.o
 .debug_macro   0x00000000      0xa2a ./src/3_Drivers/Funciones_ISR.o
 .debug_macro   0x00000000      0x3b2 ./src/3_Drivers/Funciones_ISR.o
 .group         0x00000000        0x8 ./src/3_Drivers/Funciones_PINES.o
 .group         0x00000000        0x8 ./src/3_Drivers/Funciones_PINES.o
 .group         0x00000000        0x8 ./src/3_Drivers/Funciones_PINES.o
 .group         0x00000000        0x8 ./src/3_Drivers/Funciones_PINES.o
 .text          0x00000000        0x0 ./src/3_Drivers/Funciones_PINES.o
 .data          0x00000000        0x0 ./src/3_Drivers/Funciones_PINES.o
 .bss           0x00000000        0x0 ./src/3_Drivers/Funciones_PINES.o
 .text.ConfigPIN
                0x00000000       0xd4 ./src/3_Drivers/Funciones_PINES.o
 .text.ConfigSALIDA
                0x00000000       0xac ./src/3_Drivers/Funciones_PINES.o
 .debug_macro   0x00000000      0x856 ./src/3_Drivers/Funciones_PINES.o
 .debug_macro   0x00000000       0xf4 ./src/3_Drivers/Funciones_PINES.o
 .debug_macro   0x00000000      0xa2a ./src/3_Drivers/Funciones_PINES.o
 .debug_macro   0x00000000      0x3b2 ./src/3_Drivers/Funciones_PINES.o
 .group         0x00000000        0x8 ./src/2_Primitivas/Funciones.o
 .group         0x00000000        0x8 ./src/2_Primitivas/Funciones.o
 .group         0x00000000        0x8 ./src/2_Primitivas/Funciones.o
 .group         0x00000000        0x8 ./src/2_Primitivas/Funciones.o
 .text          0x00000000        0x0 ./src/2_Primitivas/Funciones.o
 .data          0x00000000        0x0 ./src/2_Primitivas/Funciones.o
 .bss           0x00000000        0x0 ./src/2_Primitivas/Funciones.o
 .text.Display_7Seg
                0x00000000       0x84 ./src/2_Primitivas/Funciones.o
 .text.Enviartecla
                0x00000000       0x30 ./src/2_Primitivas/Funciones.o
 .text.Recibir  0x00000000       0x78 ./src/2_Primitivas/Funciones.o
 .bss.estado.3791
                0x00000000        0x1 ./src/2_Primitivas/Funciones.o
 .bss.dato.3792
                0x00000000        0x1 ./src/2_Primitivas/Funciones.o
 .debug_macro   0x00000000      0x856 ./src/2_Primitivas/Funciones.o
 .debug_macro   0x00000000       0xf4 ./src/2_Primitivas/Funciones.o
 .debug_macro   0x00000000      0xa2a ./src/2_Primitivas/Funciones.o
 .debug_macro   0x00000000      0x3b2 ./src/2_Primitivas/Funciones.o
 .group         0x00000000        0x8 ./src/2_Primitivas/Funciones_de_Estados.o
 .group         0x00000000        0x8 ./src/2_Primitivas/Funciones_de_Estados.o
 .group         0x00000000        0x8 ./src/2_Primitivas/Funciones_de_Estados.o
 .group         0x00000000        0x8 ./src/2_Primitivas/Funciones_de_Estados.o
 .text          0x00000000        0x0 ./src/2_Primitivas/Funciones_de_Estados.o
 .data          0x00000000        0x0 ./src/2_Primitivas/Funciones_de_Estados.o
 .bss           0x00000000        0x0 ./src/2_Primitivas/Funciones_de_Estados.o
 .text.EnvioSMS
                0x00000000       0x40 ./src/2_Primitivas/Funciones_de_Estados.o
 .debug_macro   0x00000000      0x856 ./src/2_Primitivas/Funciones_de_Estados.o
 .debug_macro   0x00000000       0xf4 ./src/2_Primitivas/Funciones_de_Estados.o
 .debug_macro   0x00000000      0xa2a ./src/2_Primitivas/Funciones_de_Estados.o
 .debug_macro   0x00000000      0x3b2 ./src/2_Primitivas/Funciones_de_Estados.o
 .group         0x00000000        0x8 ./src/2_Primitivas/Maquina_Estado.o
 .group         0x00000000        0x8 ./src/2_Primitivas/Maquina_Estado.o
 .group         0x00000000        0x8 ./src/2_Primitivas/Maquina_Estado.o
 .group         0x00000000        0x8 ./src/2_Primitivas/Maquina_Estado.o
 .text          0x00000000        0x0 ./src/2_Primitivas/Maquina_Estado.o
 .data          0x00000000        0x0 ./src/2_Primitivas/Maquina_Estado.o
 .bss           0x00000000        0x0 ./src/2_Primitivas/Maquina_Estado.o
 .debug_macro   0x00000000      0x856 ./src/2_Primitivas/Maquina_Estado.o
 .debug_macro   0x00000000       0xf4 ./src/2_Primitivas/Maquina_Estado.o
 .debug_macro   0x00000000      0xa2a ./src/2_Primitivas/Maquina_Estado.o
 .debug_macro   0x00000000      0x3b2 ./src/2_Primitivas/Maquina_Estado.o
 .group         0x00000000        0x8 ./src/2_Primitivas/Primitivas_UART.o
 .group         0x00000000        0x8 ./src/2_Primitivas/Primitivas_UART.o
 .group         0x00000000        0x8 ./src/2_Primitivas/Primitivas_UART.o
 .group         0x00000000        0x8 ./src/2_Primitivas/Primitivas_UART.o
 .text          0x00000000        0x0 ./src/2_Primitivas/Primitivas_UART.o
 .data          0x00000000        0x0 ./src/2_Primitivas/Primitivas_UART.o
 .bss           0x00000000        0x0 ./src/2_Primitivas/Primitivas_UART.o
 .text.PushTx0  0x00000000       0x74 ./src/2_Primitivas/Primitivas_UART.o
 .text.PopRx0   0x00000000       0x58 ./src/2_Primitivas/Primitivas_UART.o
 .text.PopRx1   0x00000000       0x58 ./src/2_Primitivas/Primitivas_UART.o
 .debug_macro   0x00000000      0x856 ./src/2_Primitivas/Primitivas_UART.o
 .debug_macro   0x00000000       0xf4 ./src/2_Primitivas/Primitivas_UART.o
 .debug_macro   0x00000000      0xa2a ./src/2_Primitivas/Primitivas_UART.o
 .debug_macro   0x00000000      0x3b2 ./src/2_Primitivas/Primitivas_UART.o
 .group         0x00000000        0x8 ./src/1_Aplicacion/main.o
 .group         0x00000000        0x8 ./src/1_Aplicacion/main.o
 .group         0x00000000        0x8 ./src/1_Aplicacion/main.o
 .group         0x00000000        0x8 ./src/1_Aplicacion/main.o
 .group         0x00000000        0x8 ./src/1_Aplicacion/main.o
 .group         0x00000000        0x8 ./src/1_Aplicacion/main.o
 .text          0x00000000        0x0 ./src/1_Aplicacion/main.o
 .data          0x00000000        0x0 ./src/1_Aplicacion/main.o
 .bss           0x00000000        0x0 ./src/1_Aplicacion/main.o
 .bss.indiceRx0Out
                0x00000000        0x1 ./src/1_Aplicacion/main.o
 .bss.enviando0
                0x00000000        0x1 ./src/1_Aplicacion/main.o
 .bss.indiceRx1Out
                0x00000000        0x1 ./src/1_Aplicacion/main.o
 .debug_macro   0x00000000      0x856 ./src/1_Aplicacion/main.o
 .debug_macro   0x00000000       0x34 ./src/1_Aplicacion/main.o
 .debug_macro   0x00000000       0xf4 ./src/1_Aplicacion/main.o
 .debug_macro   0x00000000      0xa2a ./src/1_Aplicacion/main.o
 .debug_macro   0x00000000      0x3b2 ./src/1_Aplicacion/main.o
 .text          0x00000000        0x0 c:/nxp/lpcxpresso_7.0.2_102/lpcxpresso/tools/bin/../lib/gcc/arm-none-eabi/4.8.3/../../../../arm-none-eabi/lib/armv7-m\libcr_c.a(__weak__main.o)
 .data          0x00000000        0x0 c:/nxp/lpcxpresso_7.0.2_102/lpcxpresso/tools/bin/../lib/gcc/arm-none-eabi/4.8.3/../../../../arm-none-eabi/lib/armv7-m\libcr_c.a(__weak__main.o)
 .bss           0x00000000        0x0 c:/nxp/lpcxpresso_7.0.2_102/lpcxpresso/tools/bin/../lib/gcc/arm-none-eabi/4.8.3/../../../../arm-none-eabi/lib/armv7-m\libcr_c.a(__weak__main.o)

Memory Configuration

Name             Origin             Length             Attributes
MFlash512        0x00000000         0x00080000         xr
RamLoc32         0x10000000         0x00008000         xrw
RamAHB32         0x2007c000         0x00008000         xrw
*default*        0x00000000         0xffffffff

Linker script and memory map

LOAD ./src/4_Inicializaciones/Inicializaciones.o
LOAD ./src/4_Inicializaciones/Oscilador_Config.o
LOAD ./src/4_Inicializaciones/cr_startup_lpc175x_6x.o
LOAD ./src/4_Inicializaciones/crp.o
LOAD ./src/3_Drivers/Drivers_UART.o
LOAD ./src/3_Drivers/Funciones_Basicas.o
LOAD ./src/3_Drivers/Funciones_ISR.o
LOAD ./src/3_Drivers/Funciones_PINES.o
LOAD ./src/2_Primitivas/Funciones.o
LOAD ./src/2_Primitivas/Funciones_de_Estados.o
LOAD ./src/2_Primitivas/Maquina_Estado.o
LOAD ./src/2_Primitivas/Primitivas_UART.o
LOAD ./src/1_Aplicacion/main.o
START GROUP
LOAD c:/nxp/lpcxpresso_7.0.2_102/lpcxpresso/tools/bin/../lib/gcc/arm-none-eabi/4.8.3/../../../../arm-none-eabi/lib/armv7-m\libcr_c.a
LOAD c:/nxp/lpcxpresso_7.0.2_102/lpcxpresso/tools/bin/../lib/gcc/arm-none-eabi/4.8.3/armv7-m\libcr_eabihelpers.a
END GROUP
                0x00080000                __top_MFlash512 = 0x80000
                0x10008000                __top_RamLoc32 = 0x10008000
                0x20084000                __top_RamAHB32 = 0x20084000

.text           0x00000000     0x1d1c
 FILL mask 0xff
                0x00000000                __vectors_start__ = ABSOLUTE (.)
 *(.isr_vector)
 .isr_vector    0x00000000       0xcc ./src/4_Inicializaciones/cr_startup_lpc175x_6x.o
                0x00000000                g_pfnVectors
                0x000000cc                . = ALIGN (0x4)
                0x000000cc                __section_table_start = .
                0x000000cc                __data_section_table = .
                0x000000cc        0x4 LONG 0x1d1c LOADADDR (.data)
                0x000000d0        0x4 LONG 0x10000000 ADDR (.data)
                0x000000d4        0x4 LONG 0xc SIZEOF (.data)
                0x000000d8        0x4 LONG 0x1d1c LOADADDR (.data_RAM2)
                0x000000dc        0x4 LONG 0x2007c000 ADDR (.data_RAM2)
                0x000000e0        0x4 LONG 0x0 SIZEOF (.data_RAM2)
                0x000000e4                __data_section_table_end = .
                0x000000e4                __bss_section_table = .
                0x000000e4        0x4 LONG 0x1000000c ADDR (.bss)
                0x000000e8        0x4 LONG 0x58 SIZEOF (.bss)
                0x000000ec        0x4 LONG 0x2007c000 ADDR (.bss_RAM2)
                0x000000f0        0x4 LONG 0x0 SIZEOF (.bss_RAM2)
                0x000000f4                __bss_section_table_end = .
                0x000000f4                __section_table_end = .
 *(.after_vectors*)
 .after_vectors
                0x000000f4      0x140 ./src/4_Inicializaciones/cr_startup_lpc175x_6x.o
                0x000000f4                data_init
                0x00000138                bss_init
                0x00000170                ResetISR
                0x000001e4                NMI_Handler
                0x000001ec                HardFault_Handler
                0x000001f4                MemManage_Handler
                0x000001fc                BusFault_Handler
                0x00000204                UsageFault_Handler
                0x0000020c                SVC_Handler
                0x00000214                DebugMon_Handler
                0x0000021c                PendSV_Handler
                0x0000022c                CANActivity_IRQHandler
                0x0000022c                TIMER3_IRQHandler
                0x0000022c                USBActivity_IRQHandler
                0x0000022c                EINT2_IRQHandler
                0x0000022c                IntDefaultHandler
                0x0000022c                PLL0_IRQHandler
                0x0000022c                CAN_IRQHandler
                0x0000022c                I2C0_IRQHandler
                0x0000022c                SSP0_IRQHandler
                0x0000022c                I2C1_IRQHandler
                0x0000022c                I2C2_IRQHandler
                0x0000022c                RTC_IRQHandler
                0x0000022c                SPI_IRQHandler
                0x0000022c                RIT_IRQHandler
                0x0000022c                TIMER1_IRQHandler
                0x0000022c                UART2_IRQHandler
                0x0000022c                SSP1_IRQHandler
                0x0000022c                USB_IRQHandler
                0x0000022c                BOD_IRQHandler
                0x0000022c                PWM1_IRQHandler
                0x0000022c                WDT_IRQHandler
                0x0000022c                I2S_IRQHandler
                0x0000022c                QEI_IRQHandler
                0x0000022c                EINT0_IRQHandler
                0x0000022c                PLL1_IRQHandler
                0x0000022c                DMA_IRQHandler
                0x0000022c                TIMER2_IRQHandler
                0x0000022c                UART3_IRQHandler
                0x0000022c                MCPWM_IRQHandler
                0x0000022c                ENET_IRQHandler
 *(.text*)
 .text.Inicializar
                0x00000234       0x38 ./src/4_Inicializaciones/Inicializaciones.o
                0x00000234                Inicializar
 .text.InitSysTick
                0x0000026c       0x40 ./src/4_Inicializaciones/Inicializaciones.o
                0x0000026c                InitSysTick
 .text.InitAlerta
                0x000002ac       0x5c ./src/4_Inicializaciones/Inicializaciones.o
                0x000002ac                InitAlerta
 .text.InitAlarma
                0x00000308       0x50 ./src/4_Inicializaciones/Inicializaciones.o
                0x00000308                InitAlarma
 .text.InitUART0
                0x00000358       0x74 ./src/4_Inicializaciones/Inicializaciones.o
                0x00000358                InitUART0
 .text.InitUART1
                0x000003cc       0x74 ./src/4_Inicializaciones/Inicializaciones.o
                0x000003cc                InitUART1
 .text.InitADC  0x00000440       0xb8 ./src/4_Inicializaciones/Inicializaciones.o
                0x00000440                InitADC
 .text.InitGPIOs
                0x000004f8       0xd8 ./src/4_Inicializaciones/Inicializaciones.o
                0x000004f8                InitGPIOs
 .text.InitTeclado
                0x000005d0       0xd0 ./src/4_Inicializaciones/Inicializaciones.o
                0x000005d0                InitTeclado
 .text.InitDisplay
                0x000006a0       0x80 ./src/4_Inicializaciones/Inicializaciones.o
                0x000006a0                InitDisplay
 .text.Inicializar_Timer
                0x00000720       0x68 ./src/4_Inicializaciones/Inicializaciones.o
                0x00000720                Inicializar_Timer
 .text.Init_LCD
                0x00000788      0x1e0 ./src/4_Inicializaciones/Inicializaciones.o
                0x00000788                Init_LCD
 .text.InitPLL  0x00000968      0x140 ./src/4_Inicializaciones/Oscilador_Config.o
                0x00000968                InitPLL
 .text.PopTx0   0x00000aa8       0x58 ./src/3_Drivers/Drivers_UART.o
                0x00000aa8                PopTx0
 .text.PushRx0  0x00000b00       0x40 ./src/3_Drivers/Drivers_UART.o
                0x00000b00                PushRx0
 .text.PopTx1   0x00000b40       0x58 ./src/3_Drivers/Drivers_UART.o
                0x00000b40                PopTx1
 .text.PushRx1  0x00000b98       0x40 ./src/3_Drivers/Drivers_UART.o
                0x00000b98                PushRx1
 .text.Barrido_Teclado
                0x00000bd8      0x2a0 ./src/3_Drivers/Funciones_Basicas.o
                0x00000bd8                Barrido_Teclado
 .text.Validacion_Teclado
                0x00000e78       0x74 ./src/3_Drivers/Funciones_Basicas.o
                0x00000e78                Validacion_Teclado
 .text.Barrido_Display
                0x00000eec       0xd0 ./src/3_Drivers/Funciones_Basicas.o
                0x00000eec                Barrido_Display
 .text.Dato_LCD
                0x00000fbc       0xfc ./src/3_Drivers/Funciones_Basicas.o
                0x00000fbc                Dato_LCD
 .text.Estado_Infrarrojo
                0x000010b8       0x1c ./src/3_Drivers/Funciones_Basicas.o
                0x000010b8                Estado_Infrarrojo
 .text.Estado_Balanza
                0x000010d4       0x1c ./src/3_Drivers/Funciones_Basicas.o
                0x000010d4                Estado_Balanza
 .text.SysTick_Handler
                0x000010f0       0x30 ./src/3_Drivers/Funciones_ISR.o
                0x000010f0                SysTick_Handler
 .text.EINT1_IRQHandler
                0x00001120       0x28 ./src/3_Drivers/Funciones_ISR.o
                0x00001120                EINT1_IRQHandler
 .text.EINT3_IRQHandler
                0x00001148       0x28 ./src/3_Drivers/Funciones_ISR.o
                0x00001148                EINT3_IRQHandler
 .text.ADC_IRQHandler
                0x00001170       0x54 ./src/3_Drivers/Funciones_ISR.o
                0x00001170                ADC_IRQHandler
 .text.TIMER0_IRQHandler
                0x000011c4       0x3c ./src/3_Drivers/Funciones_ISR.o
                0x000011c4                TIMER0_IRQHandler
 .text.UART0_IRQHandler
                0x00001200       0x54 ./src/3_Drivers/Funciones_ISR.o
                0x00001200                UART0_IRQHandler
 .text.UART1_IRQHandler
                0x00001254       0x54 ./src/3_Drivers/Funciones_ISR.o
                0x00001254                UART1_IRQHandler
 .text.SetPINSEL
                0x000012a8       0x88 ./src/3_Drivers/Funciones_PINES.o
                0x000012a8                SetPINSEL
 .text.SetPINMODE
                0x00001330       0x7c ./src/3_Drivers/Funciones_PINES.o
                0x00001330                SetPINMODE
 .text.SetDIR   0x000013ac       0x6c ./src/3_Drivers/Funciones_PINES.o
                0x000013ac                SetDIR
 .text.SetPIN   0x00001418       0x68 ./src/3_Drivers/Funciones_PINES.o
                0x00001418                SetPIN
 .text.GetPIN   0x00001480       0x38 ./src/3_Drivers/Funciones_PINES.o
                0x00001480                GetPIN
 .text.Teclado  0x000014b8       0x30 ./src/2_Primitivas/Funciones.o
                0x000014b8                Teclado
 .text.Display_lcd
                0x000014e8       0x5c ./src/2_Primitivas/Funciones.o
                0x000014e8                Display_lcd
 .text.Transmitir1
                0x00001544       0x34 ./src/2_Primitivas/Funciones.o
                0x00001544                Transmitir1
 .text.Password
                0x00001578       0xd0 ./src/2_Primitivas/Funciones_de_Estados.o
                0x00001578                Password
 .text.Check_Pass
                0x00001648       0x50 ./src/2_Primitivas/Funciones_de_Estados.o
                0x00001648                Check_Pass
 .text.Check_Sensores
                0x00001698       0xb0 ./src/2_Primitivas/Funciones_de_Estados.o
                0x00001698                Check_Sensores
 .text.Activar_Sistema
                0x00001748        0xc ./src/2_Primitivas/Funciones_de_Estados.o
                0x00001748                Activar_Sistema
 .text.Desactivar_Sistema
                0x00001754       0x44 ./src/2_Primitivas/Funciones_de_Estados.o
                0x00001754                Desactivar_Sistema
 .text.Activar_Alerta
                0x00001798       0x24 ./src/2_Primitivas/Funciones_de_Estados.o
                0x00001798                Activar_Alerta
 .text.Desactivar_Alerta
                0x000017bc       0x24 ./src/2_Primitivas/Funciones_de_Estados.o
                0x000017bc                Desactivar_Alerta
 .text.Activar_Alarma
                0x000017e0       0x30 ./src/2_Primitivas/Funciones_de_Estados.o
                0x000017e0                Activar_Alarma
 .text.Desactivar_Alarma
                0x00001810       0x30 ./src/2_Primitivas/Funciones_de_Estados.o
                0x00001810                Desactivar_Alarma
 .text.Maquina_Sistema_Seguridad
                0x00001840      0x34c ./src/2_Primitivas/Maquina_Estado.o
                0x00001840                Maquina_Sistema_Seguridad
 .text.PushTx1  0x00001b8c       0x74 ./src/2_Primitivas/Primitivas_UART.o
                0x00001b8c                PushTx1
 .text.main     0x00001c00       0x10 ./src/1_Aplicacion/main.o
                0x00001c00                main
 .text.__weak_main
                0x00001c10        0x4 c:/nxp/lpcxpresso_7.0.2_102/lpcxpresso/tools/bin/../lib/gcc/arm-none-eabi/4.8.3/../../../../arm-none-eabi/lib/armv7-m\libcr_c.a(__weak__main.o)
                0x00001c10                __weak_main
                0x00001c10                __main
 *(.rodata .rodata.* .constdata .constdata.*)
 .rodata        0x00001c14        0x4 ./src/3_Drivers/Funciones_ISR.o
 .rodata        0x00001c18       0x94 ./src/2_Primitivas/Funciones_de_Estados.o
 .rodata        0x00001cac       0x70 ./src/2_Primitivas/Maquina_Estado.o
                0x00001d1c                . = ALIGN (0x4)

.glue_7         0x00001d1c        0x0
 .glue_7        0x00000000        0x0 linker stubs

.glue_7t        0x00001d1c        0x0
 .glue_7t       0x00000000        0x0 linker stubs

.vfp11_veneer   0x00001d1c        0x0
 .vfp11_veneer  0x00000000        0x0 linker stubs

.v4_bx          0x00001d1c        0x0
 .v4_bx         0x00000000        0x0 linker stubs

.iplt           0x00001d1c        0x0
 .iplt          0x00000000        0x0 ./src/4_Inicializaciones/Inicializaciones.o

.rel.dyn        0x00001d1c        0x0
 .rel.iplt      0x00000000        0x0 ./src/4_Inicializaciones/Inicializaciones.o

.ARM.extab
 *(.ARM.extab* .gnu.linkonce.armextab.*)
                0x00001d1c                __exidx_start = .

.ARM.exidx
 *(.ARM.exidx* .gnu.linkonce.armexidx.*)
                0x00001d1c                __exidx_end = .
                0x00001d1c                _etext = .

.data_RAM2      0x2007c000        0x0 load address 0x00001d1c
 FILL mask 0xff
 *(.ramfunc.$RAM2)
 *(.data.$RAM2*)
 *(.data.$RamAHB32*)
                0x2007c000                . = ALIGN (0x4)

.uninit_RESERVED
                0x10000000        0x0
 *(.bss.$RESERVED*)
                0x10000000                . = ALIGN (0x4)
                0x10000000                _end_uninit_RESERVED = .

.data           0x10000000        0xc load address 0x00001d1c
 FILL mask 0xff
                0x10000000                _data = .
 *(vtable)
 *(.ramfunc*)
 *(.data*)
 .data.tecla_anterior.3761
                0x10000000        0x1 ./src/3_Drivers/Funciones_Basicas.o
 .data.cont.3762
                0x10000001        0x1 ./src/3_Drivers/Funciones_Basicas.o
 *fill*         0x10000002        0x2 
 .data.Pass     0x10000004        0x4 ./src/1_Aplicacion/main.o
                0x10000004                Pass
 .data.Buffer_Teclado
                0x10000008        0x1 ./src/1_Aplicacion/main.o
                0x10000008                Buffer_Teclado
                0x1000000c                . = ALIGN (0x4)
 *fill*         0x10000009        0x3 ff
                0x1000000c                _edata = .

.igot.plt       0x1000000c        0x0 load address 0x00001d28
 .igot.plt      0x00000000        0x0 ./src/4_Inicializaciones/Inicializaciones.o

.bss_RAM2       0x2007c000        0x0
 *(.bss.$RAM2*)
 *(.bss.$RamAHB32*)
                0x2007c000                . = ALIGN (0x4)

.bss            0x1000000c       0x58
                0x1000000c                _bss = .
 *(.bss*)
 .bss.digito.3766
                0x1000000c        0x1 ./src/3_Drivers/Funciones_Basicas.o
 .bss.cont.3761
                0x1000000d        0x1 ./src/3_Drivers/Funciones_ISR.o
 .bss.i.3759    0x1000000e        0x1 ./src/2_Primitivas/Funciones_de_Estados.o
 .bss.Estado    0x1000000f        0x1 ./src/1_Aplicacion/main.o
                0x1000000f                Estado
 .bss.Sensor_Peso
                0x10000010        0x1 ./src/1_Aplicacion/main.o
                0x10000010                Sensor_Peso
 .bss.Sensor_Infrarrojo
                0x10000011        0x1 ./src/1_Aplicacion/main.o
                0x10000011                Sensor_Infrarrojo
 .bss.Resultado_ADC0
                0x10000012        0x2 ./src/1_Aplicacion/main.o
                0x10000012                Resultado_ADC0
 .bss.indiceRx0In
                0x10000014        0x1 ./src/1_Aplicacion/main.o
                0x10000014                indiceRx0In
 .bss.indiceTx0In
                0x10000015        0x1 ./src/1_Aplicacion/main.o
                0x10000015                indiceTx0In
 .bss.indiceTx0Out
                0x10000016        0x1 ./src/1_Aplicacion/main.o
                0x10000016                indiceTx0Out
 .bss.indiceRx1In
                0x10000017        0x1 ./src/1_Aplicacion/main.o
                0x10000017                indiceRx1In
 .bss.indiceTx1In
                0x10000018        0x1 ./src/1_Aplicacion/main.o
                0x10000018                indiceTx1In
 .bss.indiceTx1Out
                0x10000019        0x1 ./src/1_Aplicacion/main.o
                0x10000019                indiceTx1Out
 .bss.enviando1
                0x1000001a        0x1 ./src/1_Aplicacion/main.o
                0x1000001a                enviando1
 *(COMMON)
 *fill*         0x1000001b        0x1 
 COMMON         0x1000001c       0x48 ./src/1_Aplicacion/main.o
                0x1000001c                BufferTx1
                0x1000002c                Buffer_Display
                0x10000034                BufferTx0
                0x10000044                BufferRx1
                0x10000054                BufferRx0
                0x10000064                . = ALIGN (0x4)
                0x10000064                _ebss = .
                0x10000064                PROVIDE (end, .)

.noinit_RAM2    0x2007c000        0x0
 *(.noinit.$RAM2*)
 *(.noinit.$RamAHB32*)
                0x2007c000                . = ALIGN (0x4)

.noinit         0x10000064        0x0
                0x10000064                _noinit = .
 *(.noinit*)
                0x10000064                . = ALIGN (0x4)
                0x10000064                _end_noinit = .
                0x10000064                PROVIDE (_pvHeapStart, .)
                0x10008000                PROVIDE (_vStackTop, (__top_RamLoc32 - 0x0))
OUTPUT(Sistema_Seguridad_v12.axf elf32-littlearm)

.debug_info     0x00000000     0x135a
 .debug_info    0x00000000      0x218 ./src/4_Inicializaciones/Inicializaciones.o
 .debug_info    0x00000218       0x6b ./src/4_Inicializaciones/Oscilador_Config.o
 .debug_info    0x00000283      0x24b ./src/4_Inicializaciones/cr_startup_lpc175x_6x.o
 .debug_info    0x000004ce      0x16e ./src/3_Drivers/Drivers_UART.o
 .debug_info    0x0000063c      0x1ae ./src/3_Drivers/Funciones_Basicas.o
 .debug_info    0x000007ea      0x176 ./src/3_Drivers/Funciones_ISR.o
 .debug_info    0x00000960      0x255 ./src/3_Drivers/Funciones_PINES.o
 .debug_info    0x00000bb5      0x1cf ./src/2_Primitivas/Funciones.o
 .debug_info    0x00000d84      0x187 ./src/2_Primitivas/Funciones_de_Estados.o
 .debug_info    0x00000f0b       0x9d ./src/2_Primitivas/Maquina_Estado.o
 .debug_info    0x00000fa8      0x1a5 ./src/2_Primitivas/Primitivas_UART.o
 .debug_info    0x0000114d      0x20d ./src/1_Aplicacion/main.o

.debug_abbrev   0x00000000      0x83e
 .debug_abbrev  0x00000000       0xe8 ./src/4_Inicializaciones/Inicializaciones.o
 .debug_abbrev  0x000000e8       0x4e ./src/4_Inicializaciones/Oscilador_Config.o
 .debug_abbrev  0x00000136       0xf5 ./src/4_Inicializaciones/cr_startup_lpc175x_6x.o
 .debug_abbrev  0x0000022b       0xb1 ./src/3_Drivers/Drivers_UART.o
 .debug_abbrev  0x000002dc       0xba ./src/3_Drivers/Funciones_Basicas.o
 .debug_abbrev  0x00000396       0xaf ./src/3_Drivers/Funciones_ISR.o
 .debug_abbrev  0x00000445       0x97 ./src/3_Drivers/Funciones_PINES.o
 .debug_abbrev  0x000004dc       0xff ./src/2_Primitivas/Funciones.o
 .debug_abbrev  0x000005db       0xd2 ./src/2_Primitivas/Funciones_de_Estados.o
 .debug_abbrev  0x000006ad       0x69 ./src/2_Primitivas/Maquina_Estado.o
 .debug_abbrev  0x00000716       0xb1 ./src/2_Primitivas/Primitivas_UART.o
 .debug_abbrev  0x000007c7       0x77 ./src/1_Aplicacion/main.o

.debug_aranges  0x00000000      0x368
 .debug_aranges
                0x00000000       0x80 ./src/4_Inicializaciones/Inicializaciones.o
 .debug_aranges
                0x00000080       0x20 ./src/4_Inicializaciones/Oscilador_Config.o
 .debug_aranges
                0x000000a0       0x80 ./src/4_Inicializaciones/cr_startup_lpc175x_6x.o
 .debug_aranges
                0x00000120       0x38 ./src/3_Drivers/Drivers_UART.o
 .debug_aranges
                0x00000158       0x48 ./src/3_Drivers/Funciones_Basicas.o
 .debug_aranges
                0x000001a0       0x50 ./src/3_Drivers/Funciones_ISR.o
 .debug_aranges
                0x000001f0       0x50 ./src/3_Drivers/Funciones_PINES.o
 .debug_aranges
                0x00000240       0x48 ./src/2_Primitivas/Funciones.o
 .debug_aranges
                0x00000288       0x68 ./src/2_Primitivas/Funciones_de_Estados.o
 .debug_aranges
                0x000002f0       0x20 ./src/2_Primitivas/Maquina_Estado.o
 .debug_aranges
                0x00000310       0x38 ./src/2_Primitivas/Primitivas_UART.o
 .debug_aranges
                0x00000348       0x20 ./src/1_Aplicacion/main.o

.debug_ranges   0x00000000      0x2a8
 .debug_ranges  0x00000000       0x70 ./src/4_Inicializaciones/Inicializaciones.o
 .debug_ranges  0x00000070       0x10 ./src/4_Inicializaciones/Oscilador_Config.o
 .debug_ranges  0x00000080       0x70 ./src/4_Inicializaciones/cr_startup_lpc175x_6x.o
 .debug_ranges  0x000000f0       0x28 ./src/3_Drivers/Drivers_UART.o
 .debug_ranges  0x00000118       0x38 ./src/3_Drivers/Funciones_Basicas.o
 .debug_ranges  0x00000150       0x40 ./src/3_Drivers/Funciones_ISR.o
 .debug_ranges  0x00000190       0x40 ./src/3_Drivers/Funciones_PINES.o
 .debug_ranges  0x000001d0       0x38 ./src/2_Primitivas/Funciones.o
 .debug_ranges  0x00000208       0x58 ./src/2_Primitivas/Funciones_de_Estados.o
 .debug_ranges  0x00000260       0x10 ./src/2_Primitivas/Maquina_Estado.o
 .debug_ranges  0x00000270       0x28 ./src/2_Primitivas/Primitivas_UART.o
 .debug_ranges  0x00000298       0x10 ./src/1_Aplicacion/main.o

.debug_macro    0x00000000     0x1a1d
 .debug_macro   0x00000000       0x36 ./src/4_Inicializaciones/Inicializaciones.o
 .debug_macro   0x00000036      0x856 ./src/4_Inicializaciones/Inicializaciones.o
 .debug_macro   0x0000088c       0xf4 ./src/4_Inicializaciones/Inicializaciones.o
 .debug_macro   0x00000980      0xa2a ./src/4_Inicializaciones/Inicializaciones.o
 .debug_macro   0x000013aa      0x3b2 ./src/4_Inicializaciones/Inicializaciones.o
 .debug_macro   0x0000175c       0x36 ./src/4_Inicializaciones/Oscilador_Config.o
 .debug_macro   0x00001792       0x1d ./src/4_Inicializaciones/cr_startup_lpc175x_6x.o
 .debug_macro   0x000017af       0x36 ./src/3_Drivers/Drivers_UART.o
 .debug_macro   0x000017e5       0x36 ./src/3_Drivers/Funciones_Basicas.o
 .debug_macro   0x0000181b       0x36 ./src/3_Drivers/Funciones_ISR.o
 .debug_macro   0x00001851       0x36 ./src/3_Drivers/Funciones_PINES.o
 .debug_macro   0x00001887       0x36 ./src/2_Primitivas/Funciones.o
 .debug_macro   0x000018bd       0x36 ./src/2_Primitivas/Funciones_de_Estados.o
 .debug_macro   0x000018f3       0x36 ./src/2_Primitivas/Maquina_Estado.o
 .debug_macro   0x00001929       0x36 ./src/2_Primitivas/Primitivas_UART.o
 .debug_macro   0x0000195f       0x48 ./src/1_Aplicacion/main.o
 .debug_macro   0x000019a7       0x76 ./src/1_Aplicacion/main.o

.debug_line     0x00000000     0x134d
 .debug_line    0x00000000      0x2b8 ./src/4_Inicializaciones/Inicializaciones.o
 .debug_line    0x000002b8      0x147 ./src/4_Inicializaciones/Oscilador_Config.o
 .debug_line    0x000003ff       0xef ./src/4_Inicializaciones/cr_startup_lpc175x_6x.o
 .debug_line    0x000004ee      0x13b ./src/3_Drivers/Drivers_UART.o
 .debug_line    0x00000629      0x20d ./src/3_Drivers/Funciones_Basicas.o
 .debug_line    0x00000836      0x186 ./src/3_Drivers/Funciones_ISR.o
 .debug_line    0x000009bc      0x188 ./src/3_Drivers/Funciones_PINES.o
 .debug_line    0x00000b44      0x1b9 ./src/2_Primitivas/Funciones.o
 .debug_line    0x00000cfd      0x1f8 ./src/2_Primitivas/Funciones_de_Estados.o
 .debug_line    0x00000ef5      0x171 ./src/2_Primitivas/Maquina_Estado.o
 .debug_line    0x00001066      0x14a ./src/2_Primitivas/Primitivas_UART.o
 .debug_line    0x000011b0      0x19d ./src/1_Aplicacion/main.o

.debug_str      0x00000000     0x56aa
 .debug_str     0x00000000     0x4a64 ./src/4_Inicializaciones/Inicializaciones.o
                               0x4adc (size before relaxing)
 .debug_str     0x00004a64       0x35 ./src/4_Inicializaciones/Oscilador_Config.o
                               0x49e6 (size before relaxing)
 .debug_str     0x00004a99      0x22c ./src/4_Inicializaciones/cr_startup_lpc175x_6x.o
                               0x25c7 (size before relaxing)
 .debug_str     0x00004cc5       0xbd ./src/3_Drivers/Drivers_UART.o
                               0x4a63 (size before relaxing)
 .debug_str     0x00004d82       0xfb ./src/3_Drivers/Funciones_Basicas.o
                               0x4aa0 (size before relaxing)
 .debug_str     0x00004e7d       0xd0 ./src/3_Drivers/Funciones_ISR.o
                               0x4aa3 (size before relaxing)
 .debug_str     0x00004f4d       0x8e ./src/3_Drivers/Funciones_PINES.o
                               0x4a4d (size before relaxing)
 .debug_str     0x00004fdb       0x6a ./src/2_Primitivas/Funciones.o
                               0x4a5b (size before relaxing)
 .debug_str     0x00005045       0xd1 ./src/2_Primitivas/Funciones_de_Estados.o
                               0x4aa0 (size before relaxing)
 .debug_str     0x00005116       0x5f ./src/2_Primitivas/Maquina_Estado.o
                               0x4a22 (size before relaxing)
 .debug_str     0x00005175       0x5e ./src/2_Primitivas/Primitivas_UART.o
                               0x4aa0 (size before relaxing)
 .debug_str     0x000051d3      0x4d7 ./src/1_Aplicacion/main.o
                               0x4f85 (size before relaxing)

.comment        0x00000000       0x70
 .comment       0x00000000       0x70 ./src/4_Inicializaciones/Inicializaciones.o
                                 0x71 (size before relaxing)
 .comment       0x00000000       0x71 ./src/4_Inicializaciones/Oscilador_Config.o
 .comment       0x00000000       0x71 ./src/4_Inicializaciones/cr_startup_lpc175x_6x.o
 .comment       0x00000000       0x71 ./src/3_Drivers/Drivers_UART.o
 .comment       0x00000000       0x71 ./src/3_Drivers/Funciones_Basicas.o
 .comment       0x00000000       0x71 ./src/3_Drivers/Funciones_ISR.o
 .comment       0x00000000       0x71 ./src/3_Drivers/Funciones_PINES.o
 .comment       0x00000000       0x71 ./src/2_Primitivas/Funciones.o
 .comment       0x00000000       0x71 ./src/2_Primitivas/Funciones_de_Estados.o
 .comment       0x00000000       0x71 ./src/2_Primitivas/Maquina_Estado.o
 .comment       0x00000000       0x71 ./src/2_Primitivas/Primitivas_UART.o
 .comment       0x00000000       0x71 ./src/1_Aplicacion/main.o
 .comment       0x00000000       0x71 c:/nxp/lpcxpresso_7.0.2_102/lpcxpresso/tools/bin/../lib/gcc/arm-none-eabi/4.8.3/../../../../arm-none-eabi/lib/armv7-m\libcr_c.a(__weak__main.o)

.ARM.attributes
                0x00000000       0x33
 .ARM.attributes
                0x00000000       0x33 ./src/4_Inicializaciones/Inicializaciones.o
 .ARM.attributes
                0x00000033       0x33 ./src/4_Inicializaciones/Oscilador_Config.o
 .ARM.attributes
                0x00000066       0x33 ./src/4_Inicializaciones/cr_startup_lpc175x_6x.o
 .ARM.attributes
                0x00000099       0x33 ./src/3_Drivers/Drivers_UART.o
 .ARM.attributes
                0x000000cc       0x33 ./src/3_Drivers/Funciones_Basicas.o
 .ARM.attributes
                0x000000ff       0x33 ./src/3_Drivers/Funciones_ISR.o
 .ARM.attributes
                0x00000132       0x33 ./src/3_Drivers/Funciones_PINES.o
 .ARM.attributes
                0x00000165       0x33 ./src/2_Primitivas/Funciones.o
 .ARM.attributes
                0x00000198       0x33 ./src/2_Primitivas/Funciones_de_Estados.o
 .ARM.attributes
                0x000001cb       0x33 ./src/2_Primitivas/Maquina_Estado.o
 .ARM.attributes
                0x000001fe       0x33 ./src/2_Primitivas/Primitivas_UART.o
 .ARM.attributes
                0x00000231       0x33 ./src/1_Aplicacion/main.o
 .ARM.attributes
                0x00000264       0x33 c:/nxp/lpcxpresso_7.0.2_102/lpcxpresso/tools/bin/../lib/gcc/arm-none-eabi/4.8.3/../../../../arm-none-eabi/lib/armv7-m\libcr_c.a(__weak__main.o)

.debug_frame    0x00000000      0x8b8
 .debug_frame   0x00000000      0x178 ./src/4_Inicializaciones/Inicializaciones.o
 .debug_frame   0x00000178       0x28 ./src/4_Inicializaciones/Oscilador_Config.o
 .debug_frame   0x000001a0      0x158 ./src/4_Inicializaciones/cr_startup_lpc175x_6x.o
 .debug_frame   0x000002f8       0x80 ./src/3_Drivers/Drivers_UART.o
 .debug_frame   0x00000378       0xc4 ./src/3_Drivers/Funciones_Basicas.o
 .debug_frame   0x0000043c       0xd0 ./src/3_Drivers/Funciones_ISR.o
 .debug_frame   0x0000050c       0xd4 ./src/3_Drivers/Funciones_PINES.o
 .debug_frame   0x000005e0       0xc8 ./src/2_Primitivas/Funciones.o
 .debug_frame   0x000006a8      0x134 ./src/2_Primitivas/Funciones_de_Estados.o
 .debug_frame   0x000007dc       0x30 ./src/2_Primitivas/Maquina_Estado.o
 .debug_frame   0x0000080c       0x80 ./src/2_Primitivas/Primitivas_UART.o
 .debug_frame   0x0000088c       0x2c ./src/1_Aplicacion/main.o
