Archive member included because of file (symbol)

c:/nxp/lpcxpresso_7.0.2_102/lpcxpresso/tools/bin/../lib/gcc/arm-none-eabi/4.8.3/../../../../arm-none-eabi/lib/armv7-m\libcr_c.a(__weak__main.o)
                              ./src/4_Inicializaciones/cr_startup_lpc175x_6x.o (__main)
c:/nxp/lpcxpresso_7.0.2_102/lpcxpresso/tools/bin/../lib/gcc/arm-none-eabi/4.8.3/armv7-m\libcr_eabihelpers.a(double.o)
                              ./src/3_Drivers/Funciones_Basicas.o (__aeabi_dmul)

Allocating common symbols
Common symbol       size              file

BufferTx1           0x30              ./src/1_Aplicacion/main.o
Buffer_Display      0x6               ./src/1_Aplicacion/main.o
NewPass             0x4               ./src/1_Aplicacion/main.o
MasterPass          0x4               ./src/1_Aplicacion/main.o
BufferTx0           0x30              ./src/1_Aplicacion/main.o
BufferRx1           0x30              ./src/1_Aplicacion/main.o
Valor_Objeto        0x2               ./src/1_Aplicacion/main.o
BufferRx0           0x30              ./src/1_Aplicacion/main.o

Discarded input sections

 .group         0x00000000        0x8 ./src/4_Inicializaciones/Inicializaciones.o
 .group         0x00000000        0x8 ./src/4_Inicializaciones/Inicializaciones.o
 .group         0x00000000        0x8 ./src/4_Inicializaciones/Inicializaciones.o
 .group         0x00000000        0x8 ./src/4_Inicializaciones/Inicializaciones.o
 .text          0x00000000        0x0 ./src/4_Inicializaciones/Inicializaciones.o
 .data          0x00000000        0x0 ./src/4_Inicializaciones/Inicializaciones.o
 .bss           0x00000000        0x0 ./src/4_Inicializaciones/Inicializaciones.o
 .group         0x00000000        0x8 ./src/4_Inicializaciones/Oscilador_Config.o
 .group         0x00000000        0x8 ./src/4_Inicializaciones/Oscilador_Config.o
 .group         0x00000000        0x8 ./src/4_Inicializaciones/Oscilador_Config.o
 .group         0x00000000        0x8 ./src/4_Inicializaciones/Oscilador_Config.o
 .text          0x00000000        0x0 ./src/4_Inicializaciones/Oscilador_Config.o
 .data          0x00000000        0x0 ./src/4_Inicializaciones/Oscilador_Config.o
 .bss           0x00000000        0x0 ./src/4_Inicializaciones/Oscilador_Config.o
 .debug_macro   0x00000000      0x856 ./src/4_Inicializaciones/Oscilador_Config.o
 .debug_macro   0x00000000       0xf4 ./src/4_Inicializaciones/Oscilador_Config.o
 .debug_macro   0x00000000      0xa2a ./src/4_Inicializaciones/Oscilador_Config.o
 .debug_macro   0x00000000      0x441 ./src/4_Inicializaciones/Oscilador_Config.o
 .group         0x00000000        0x8 ./src/4_Inicializaciones/cr_startup_lpc175x_6x.o
 .text          0x00000000        0x0 ./src/4_Inicializaciones/cr_startup_lpc175x_6x.o
 .data          0x00000000        0x0 ./src/4_Inicializaciones/cr_startup_lpc175x_6x.o
 .bss           0x00000000        0x0 ./src/4_Inicializaciones/cr_startup_lpc175x_6x.o
 .debug_macro   0x00000000      0x856 ./src/4_Inicializaciones/cr_startup_lpc175x_6x.o
 .group         0x00000000        0x8 ./src/4_Inicializaciones/crp.o
 .group         0x00000000        0x8 ./src/4_Inicializaciones/crp.o
 .text          0x00000000        0x0 ./src/4_Inicializaciones/crp.o
 .data          0x00000000        0x0 ./src/4_Inicializaciones/crp.o
 .bss           0x00000000        0x0 ./src/4_Inicializaciones/crp.o
 .crp           0x00000000        0x4 ./src/4_Inicializaciones/crp.o
 .debug_info    0x00000000       0x3f ./src/4_Inicializaciones/crp.o
 .debug_abbrev  0x00000000       0x36 ./src/4_Inicializaciones/crp.o
 .debug_aranges
                0x00000000       0x18 ./src/4_Inicializaciones/crp.o
 .debug_macro   0x00000000       0x1a ./src/4_Inicializaciones/crp.o
 .debug_macro   0x00000000      0x856 ./src/4_Inicializaciones/crp.o
 .debug_macro   0x00000000       0x34 ./src/4_Inicializaciones/crp.o
 .debug_line    0x00000000       0x8b ./src/4_Inicializaciones/crp.o
 .debug_str     0x00000000     0x24ec ./src/4_Inicializaciones/crp.o
 .comment       0x00000000       0x71 ./src/4_Inicializaciones/crp.o
 .ARM.attributes
                0x00000000       0x33 ./src/4_Inicializaciones/crp.o
 .group         0x00000000        0x8 ./src/3_Drivers/Drivers_UART.o
 .group         0x00000000        0x8 ./src/3_Drivers/Drivers_UART.o
 .group         0x00000000        0x8 ./src/3_Drivers/Drivers_UART.o
 .group         0x00000000        0x8 ./src/3_Drivers/Drivers_UART.o
 .text          0x00000000        0x0 ./src/3_Drivers/Drivers_UART.o
 .data          0x00000000        0x0 ./src/3_Drivers/Drivers_UART.o
 .bss           0x00000000        0x0 ./src/3_Drivers/Drivers_UART.o
 .debug_macro   0x00000000      0x856 ./src/3_Drivers/Drivers_UART.o
 .debug_macro   0x00000000       0xf4 ./src/3_Drivers/Drivers_UART.o
 .debug_macro   0x00000000      0xa2a ./src/3_Drivers/Drivers_UART.o
 .debug_macro   0x00000000      0x441 ./src/3_Drivers/Drivers_UART.o
 .group         0x00000000        0x8 ./src/3_Drivers/Funciones_Basicas.o
 .group         0x00000000        0x8 ./src/3_Drivers/Funciones_Basicas.o
 .group         0x00000000        0x8 ./src/3_Drivers/Funciones_Basicas.o
 .group         0x00000000        0x8 ./src/3_Drivers/Funciones_Basicas.o
 .text          0x00000000        0x0 ./src/3_Drivers/Funciones_Basicas.o
 .data          0x00000000        0x0 ./src/3_Drivers/Funciones_Basicas.o
 .bss           0x00000000        0x0 ./src/3_Drivers/Funciones_Basicas.o
 .text.ActivarADC
                0x00000000       0x28 ./src/3_Drivers/Funciones_Basicas.o
 .text.DesactivarADC
                0x00000000       0x28 ./src/3_Drivers/Funciones_Basicas.o
 .debug_macro   0x00000000      0x856 ./src/3_Drivers/Funciones_Basicas.o
 .debug_macro   0x00000000       0xf4 ./src/3_Drivers/Funciones_Basicas.o
 .debug_macro   0x00000000      0xa2a ./src/3_Drivers/Funciones_Basicas.o
 .debug_macro   0x00000000      0x441 ./src/3_Drivers/Funciones_Basicas.o
 .group         0x00000000        0x8 ./src/3_Drivers/Funciones_ISR.o
 .group         0x00000000        0x8 ./src/3_Drivers/Funciones_ISR.o
 .group         0x00000000        0x8 ./src/3_Drivers/Funciones_ISR.o
 .group         0x00000000        0x8 ./src/3_Drivers/Funciones_ISR.o
 .text          0x00000000        0x0 ./src/3_Drivers/Funciones_ISR.o
 .data          0x00000000        0x0 ./src/3_Drivers/Funciones_ISR.o
 .bss           0x00000000        0x0 ./src/3_Drivers/Funciones_ISR.o
 .debug_macro   0x00000000      0x856 ./src/3_Drivers/Funciones_ISR.o
 .debug_macro   0x00000000       0xf4 ./src/3_Drivers/Funciones_ISR.o
 .debug_macro   0x00000000      0xa2a ./src/3_Drivers/Funciones_ISR.o
 .debug_macro   0x00000000      0x441 ./src/3_Drivers/Funciones_ISR.o
 .group         0x00000000        0x8 ./src/3_Drivers/Funciones_PINES.o
 .group         0x00000000        0x8 ./src/3_Drivers/Funciones_PINES.o
 .group         0x00000000        0x8 ./src/3_Drivers/Funciones_PINES.o
 .group         0x00000000        0x8 ./src/3_Drivers/Funciones_PINES.o
 .text          0x00000000        0x0 ./src/3_Drivers/Funciones_PINES.o
 .data          0x00000000        0x0 ./src/3_Drivers/Funciones_PINES.o
 .bss           0x00000000        0x0 ./src/3_Drivers/Funciones_PINES.o
 .text.ConfigPIN
                0x00000000       0xd4 ./src/3_Drivers/Funciones_PINES.o
 .text.ConfigSALIDA
                0x00000000       0xac ./src/3_Drivers/Funciones_PINES.o
 .debug_macro   0x00000000      0x856 ./src/3_Drivers/Funciones_PINES.o
 .debug_macro   0x00000000       0xf4 ./src/3_Drivers/Funciones_PINES.o
 .debug_macro   0x00000000      0xa2a ./src/3_Drivers/Funciones_PINES.o
 .debug_macro   0x00000000      0x441 ./src/3_Drivers/Funciones_PINES.o
 .group         0x00000000        0x8 ./src/2_Primitivas/Funciones.o
 .group         0x00000000        0x8 ./src/2_Primitivas/Funciones.o
 .group         0x00000000        0x8 ./src/2_Primitivas/Funciones.o
 .group         0x00000000        0x8 ./src/2_Primitivas/Funciones.o
 .text          0x00000000        0x0 ./src/2_Primitivas/Funciones.o
 .data          0x00000000        0x0 ./src/2_Primitivas/Funciones.o
 .bss           0x00000000        0x0 ./src/2_Primitivas/Funciones.o
 .debug_macro   0x00000000      0x856 ./src/2_Primitivas/Funciones.o
 .debug_macro   0x00000000       0xf4 ./src/2_Primitivas/Funciones.o
 .debug_macro   0x00000000      0xa2a ./src/2_Primitivas/Funciones.o
 .debug_macro   0x00000000      0x441 ./src/2_Primitivas/Funciones.o
 .group         0x00000000        0x8 ./src/2_Primitivas/Funciones_de_Estados.o
 .group         0x00000000        0x8 ./src/2_Primitivas/Funciones_de_Estados.o
 .group         0x00000000        0x8 ./src/2_Primitivas/Funciones_de_Estados.o
 .group         0x00000000        0x8 ./src/2_Primitivas/Funciones_de_Estados.o
 .text          0x00000000        0x0 ./src/2_Primitivas/Funciones_de_Estados.o
 .data          0x00000000        0x0 ./src/2_Primitivas/Funciones_de_Estados.o
 .bss           0x00000000        0x0 ./src/2_Primitivas/Funciones_de_Estados.o
 .debug_macro   0x00000000      0x856 ./src/2_Primitivas/Funciones_de_Estados.o
 .debug_macro   0x00000000       0xf4 ./src/2_Primitivas/Funciones_de_Estados.o
 .debug_macro   0x00000000      0xa2a ./src/2_Primitivas/Funciones_de_Estados.o
 .debug_macro   0x00000000      0x441 ./src/2_Primitivas/Funciones_de_Estados.o
 .group         0x00000000        0x8 ./src/2_Primitivas/Maquina_Estado.o
 .group         0x00000000        0x8 ./src/2_Primitivas/Maquina_Estado.o
 .group         0x00000000        0x8 ./src/2_Primitivas/Maquina_Estado.o
 .group         0x00000000        0x8 ./src/2_Primitivas/Maquina_Estado.o
 .text          0x00000000        0x0 ./src/2_Primitivas/Maquina_Estado.o
 .data          0x00000000        0x0 ./src/2_Primitivas/Maquina_Estado.o
 .bss           0x00000000        0x0 ./src/2_Primitivas/Maquina_Estado.o
 .debug_macro   0x00000000      0x856 ./src/2_Primitivas/Maquina_Estado.o
 .debug_macro   0x00000000       0xf4 ./src/2_Primitivas/Maquina_Estado.o
 .debug_macro   0x00000000      0xa2a ./src/2_Primitivas/Maquina_Estado.o
 .debug_macro   0x00000000      0x441 ./src/2_Primitivas/Maquina_Estado.o
 .group         0x00000000        0x8 ./src/2_Primitivas/Primitivas_UART.o
 .group         0x00000000        0x8 ./src/2_Primitivas/Primitivas_UART.o
 .group         0x00000000        0x8 ./src/2_Primitivas/Primitivas_UART.o
 .group         0x00000000        0x8 ./src/2_Primitivas/Primitivas_UART.o
 .text          0x00000000        0x0 ./src/2_Primitivas/Primitivas_UART.o
 .data          0x00000000        0x0 ./src/2_Primitivas/Primitivas_UART.o
 .bss           0x00000000        0x0 ./src/2_Primitivas/Primitivas_UART.o
 .text.PopRx1   0x00000000       0x6c ./src/2_Primitivas/Primitivas_UART.o
 .debug_macro   0x00000000      0x856 ./src/2_Primitivas/Primitivas_UART.o
 .debug_macro   0x00000000       0xf4 ./src/2_Primitivas/Primitivas_UART.o
 .debug_macro   0x00000000      0xa2a ./src/2_Primitivas/Primitivas_UART.o
 .debug_macro   0x00000000      0x441 ./src/2_Primitivas/Primitivas_UART.o
 .group         0x00000000        0x8 ./src/1_Aplicacion/main.o
 .group         0x00000000        0x8 ./src/1_Aplicacion/main.o
 .group         0x00000000        0x8 ./src/1_Aplicacion/main.o
 .group         0x00000000        0x8 ./src/1_Aplicacion/main.o
 .group         0x00000000        0x8 ./src/1_Aplicacion/main.o
 .group         0x00000000        0x8 ./src/1_Aplicacion/main.o
 .text          0x00000000        0x0 ./src/1_Aplicacion/main.o
 .data          0x00000000        0x0 ./src/1_Aplicacion/main.o
 .bss           0x00000000        0x0 ./src/1_Aplicacion/main.o
 .bss.indiceRx1Out
                0x00000000        0x1 ./src/1_Aplicacion/main.o
 .debug_macro   0x00000000      0x856 ./src/1_Aplicacion/main.o
 .debug_macro   0x00000000       0x34 ./src/1_Aplicacion/main.o
 .debug_macro   0x00000000       0xf4 ./src/1_Aplicacion/main.o
 .debug_macro   0x00000000      0xa2a ./src/1_Aplicacion/main.o
 .debug_macro   0x00000000      0x441 ./src/1_Aplicacion/main.o
 .text          0x00000000        0x0 c:/nxp/lpcxpresso_7.0.2_102/lpcxpresso/tools/bin/../lib/gcc/arm-none-eabi/4.8.3/../../../../arm-none-eabi/lib/armv7-m\libcr_c.a(__weak__main.o)
 .data          0x00000000        0x0 c:/nxp/lpcxpresso_7.0.2_102/lpcxpresso/tools/bin/../lib/gcc/arm-none-eabi/4.8.3/../../../../arm-none-eabi/lib/armv7-m\libcr_c.a(__weak__main.o)
 .bss           0x00000000        0x0 c:/nxp/lpcxpresso_7.0.2_102/lpcxpresso/tools/bin/../lib/gcc/arm-none-eabi/4.8.3/../../../../arm-none-eabi/lib/armv7-m\libcr_c.a(__weak__main.o)
 .text          0x00000000        0x0 c:/nxp/lpcxpresso_7.0.2_102/lpcxpresso/tools/bin/../lib/gcc/arm-none-eabi/4.8.3/armv7-m\libcr_eabihelpers.a(double.o)
 .data          0x00000000        0x0 c:/nxp/lpcxpresso_7.0.2_102/lpcxpresso/tools/bin/../lib/gcc/arm-none-eabi/4.8.3/armv7-m\libcr_eabihelpers.a(double.o)
 .bss           0x00000000        0x0 c:/nxp/lpcxpresso_7.0.2_102/lpcxpresso/tools/bin/../lib/gcc/arm-none-eabi/4.8.3/armv7-m\libcr_eabihelpers.a(double.o)
 .text.__aeabi_ddiv
                0x00000000      0x16c c:/nxp/lpcxpresso_7.0.2_102/lpcxpresso/tools/bin/../lib/gcc/arm-none-eabi/4.8.3/armv7-m\libcr_eabihelpers.a(double.o)
 .text.__aeabi_dsub
                0x00000000      0x228 c:/nxp/lpcxpresso_7.0.2_102/lpcxpresso/tools/bin/../lib/gcc/arm-none-eabi/4.8.3/armv7-m\libcr_eabihelpers.a(double.o)
 .text.__aeabi_dadd
                0x00000000      0x178 c:/nxp/lpcxpresso_7.0.2_102/lpcxpresso/tools/bin/../lib/gcc/arm-none-eabi/4.8.3/armv7-m\libcr_eabihelpers.a(double.o)
 .text.__aeabi_drsub
                0x00000000       0x18 c:/nxp/lpcxpresso_7.0.2_102/lpcxpresso/tools/bin/../lib/gcc/arm-none-eabi/4.8.3/armv7-m\libcr_eabihelpers.a(double.o)
 .text.__aeabi_dneg
                0x00000000        0xc c:/nxp/lpcxpresso_7.0.2_102/lpcxpresso/tools/bin/../lib/gcc/arm-none-eabi/4.8.3/armv7-m\libcr_eabihelpers.a(double.o)
 .text.__aeabi_d2f
                0x00000000       0x58 c:/nxp/lpcxpresso_7.0.2_102/lpcxpresso/tools/bin/../lib/gcc/arm-none-eabi/4.8.3/armv7-m\libcr_eabihelpers.a(double.o)
 .text.__aeabi_d2iz
                0x00000000       0x4c c:/nxp/lpcxpresso_7.0.2_102/lpcxpresso/tools/bin/../lib/gcc/arm-none-eabi/4.8.3/armv7-m\libcr_eabihelpers.a(double.o)
 .text.__aeabi_d2lz
                0x00000000       0x78 c:/nxp/lpcxpresso_7.0.2_102/lpcxpresso/tools/bin/../lib/gcc/arm-none-eabi/4.8.3/armv7-m\libcr_eabihelpers.a(double.o)
 .text.__aeabi_d2ulz
                0x00000000       0x5c c:/nxp/lpcxpresso_7.0.2_102/lpcxpresso/tools/bin/../lib/gcc/arm-none-eabi/4.8.3/armv7-m\libcr_eabihelpers.a(double.o)
 .text.__bhs_ul2d
                0x00000000       0x90 c:/nxp/lpcxpresso_7.0.2_102/lpcxpresso/tools/bin/../lib/gcc/arm-none-eabi/4.8.3/armv7-m\libcr_eabihelpers.a(double.o)
 .text.__aeabi_ui2d
                0x00000000        0x8 c:/nxp/lpcxpresso_7.0.2_102/lpcxpresso/tools/bin/../lib/gcc/arm-none-eabi/4.8.3/armv7-m\libcr_eabihelpers.a(double.o)
 .text.__aeabi_l2d
                0x00000000       0x24 c:/nxp/lpcxpresso_7.0.2_102/lpcxpresso/tools/bin/../lib/gcc/arm-none-eabi/4.8.3/armv7-m\libcr_eabihelpers.a(double.o)
 .text.__aeabi_ul2d
                0x00000000        0x8 c:/nxp/lpcxpresso_7.0.2_102/lpcxpresso/tools/bin/../lib/gcc/arm-none-eabi/4.8.3/armv7-m\libcr_eabihelpers.a(double.o)
 .text.__aeabi_dcmpeq
                0x00000000       0x40 c:/nxp/lpcxpresso_7.0.2_102/lpcxpresso/tools/bin/../lib/gcc/arm-none-eabi/4.8.3/armv7-m\libcr_eabihelpers.a(double.o)
 .text.__aeabi_dcmple
                0x00000000       0x60 c:/nxp/lpcxpresso_7.0.2_102/lpcxpresso/tools/bin/../lib/gcc/arm-none-eabi/4.8.3/armv7-m\libcr_eabihelpers.a(double.o)
 .text.__aeabi_dcmpge
                0x00000000       0x5c c:/nxp/lpcxpresso_7.0.2_102/lpcxpresso/tools/bin/../lib/gcc/arm-none-eabi/4.8.3/armv7-m\libcr_eabihelpers.a(double.o)
 .text.__aeabi_dcmpun
                0x00000000       0x1c c:/nxp/lpcxpresso_7.0.2_102/lpcxpresso/tools/bin/../lib/gcc/arm-none-eabi/4.8.3/armv7-m\libcr_eabihelpers.a(double.o)
 .text.__aeabi_cdcmple
                0x00000000       0x30 c:/nxp/lpcxpresso_7.0.2_102/lpcxpresso/tools/bin/../lib/gcc/arm-none-eabi/4.8.3/armv7-m\libcr_eabihelpers.a(double.o)
 .text.__aeabi_cdrcmple
                0x00000000       0x14 c:/nxp/lpcxpresso_7.0.2_102/lpcxpresso/tools/bin/../lib/gcc/arm-none-eabi/4.8.3/armv7-m\libcr_eabihelpers.a(double.o)

Memory Configuration

Name             Origin             Length             Attributes
MFlash512        0x00000000         0x00080000         xr
RamLoc32         0x10000000         0x00008000         xrw
RamAHB32         0x2007c000         0x00008000         xrw
*default*        0x00000000         0xffffffff

Linker script and memory map

LOAD ./src/4_Inicializaciones/Inicializaciones.o
LOAD ./src/4_Inicializaciones/Oscilador_Config.o
LOAD ./src/4_Inicializaciones/cr_startup_lpc175x_6x.o
LOAD ./src/4_Inicializaciones/crp.o
LOAD ./src/3_Drivers/Drivers_UART.o
LOAD ./src/3_Drivers/Funciones_Basicas.o
LOAD ./src/3_Drivers/Funciones_ISR.o
LOAD ./src/3_Drivers/Funciones_PINES.o
LOAD ./src/2_Primitivas/Funciones.o
LOAD ./src/2_Primitivas/Funciones_de_Estados.o
LOAD ./src/2_Primitivas/Maquina_Estado.o
LOAD ./src/2_Primitivas/Primitivas_UART.o
LOAD ./src/1_Aplicacion/main.o
START GROUP
LOAD c:/nxp/lpcxpresso_7.0.2_102/lpcxpresso/tools/bin/../lib/gcc/arm-none-eabi/4.8.3/../../../../arm-none-eabi/lib/armv7-m\libcr_c.a
LOAD c:/nxp/lpcxpresso_7.0.2_102/lpcxpresso/tools/bin/../lib/gcc/arm-none-eabi/4.8.3/armv7-m\libcr_eabihelpers.a
END GROUP
                0x00080000                __top_MFlash512 = 0x80000
                0x10008000                __top_RamLoc32 = 0x10008000
                0x20084000                __top_RamAHB32 = 0x20084000

.text           0x00000000     0x2aec
 FILL mask 0xff
                0x00000000                __vectors_start__ = ABSOLUTE (.)
 *(.isr_vector)
 .isr_vector    0x00000000       0xcc ./src/4_Inicializaciones/cr_startup_lpc175x_6x.o
                0x00000000                g_pfnVectors
                0x000000cc                . = ALIGN (0x4)
                0x000000cc                __section_table_start = .
                0x000000cc                __data_section_table = .
                0x000000cc        0x4 LONG 0x2aec LOADADDR (.data)
                0x000000d0        0x4 LONG 0x10000000 ADDR (.data)
                0x000000d4        0x4 LONG 0x1c SIZEOF (.data)
                0x000000d8        0x4 LONG 0x2aec LOADADDR (.data_RAM2)
                0x000000dc        0x4 LONG 0x2007c000 ADDR (.data_RAM2)
                0x000000e0        0x4 LONG 0x0 SIZEOF (.data_RAM2)
                0x000000e4                __data_section_table_end = .
                0x000000e4                __bss_section_table = .
                0x000000e4        0x4 LONG 0x1000001c ADDR (.bss)
                0x000000e8        0x4 LONG 0xf4 SIZEOF (.bss)
                0x000000ec        0x4 LONG 0x2007c000 ADDR (.bss_RAM2)
                0x000000f0        0x4 LONG 0x0 SIZEOF (.bss_RAM2)
                0x000000f4                __bss_section_table_end = .
                0x000000f4                __section_table_end = .
 *(.after_vectors*)
 .after_vectors
                0x000000f4      0x140 ./src/4_Inicializaciones/cr_startup_lpc175x_6x.o
                0x000000f4                data_init
                0x00000138                bss_init
                0x00000170                ResetISR
                0x000001e4                NMI_Handler
                0x000001ec                HardFault_Handler
                0x000001f4                MemManage_Handler
                0x000001fc                BusFault_Handler
                0x00000204                UsageFault_Handler
                0x0000020c                SVC_Handler
                0x00000214                DebugMon_Handler
                0x0000021c                PendSV_Handler
                0x0000022c                CANActivity_IRQHandler
                0x0000022c                TIMER3_IRQHandler
                0x0000022c                USBActivity_IRQHandler
                0x0000022c                EINT2_IRQHandler
                0x0000022c                IntDefaultHandler
                0x0000022c                PLL0_IRQHandler
                0x0000022c                CAN_IRQHandler
                0x0000022c                I2C0_IRQHandler
                0x0000022c                SSP0_IRQHandler
                0x0000022c                I2C1_IRQHandler
                0x0000022c                I2C2_IRQHandler
                0x0000022c                RTC_IRQHandler
                0x0000022c                SPI_IRQHandler
                0x0000022c                RIT_IRQHandler
                0x0000022c                TIMER1_IRQHandler
                0x0000022c                UART2_IRQHandler
                0x0000022c                SSP1_IRQHandler
                0x0000022c                USB_IRQHandler
                0x0000022c                BOD_IRQHandler
                0x0000022c                PWM1_IRQHandler
                0x0000022c                WDT_IRQHandler
                0x0000022c                I2S_IRQHandler
                0x0000022c                QEI_IRQHandler
                0x0000022c                EINT0_IRQHandler
                0x0000022c                PLL1_IRQHandler
                0x0000022c                DMA_IRQHandler
                0x0000022c                TIMER2_IRQHandler
                0x0000022c                UART3_IRQHandler
                0x0000022c                MCPWM_IRQHandler
                0x0000022c                ENET_IRQHandler
 *(.text*)
 .text.Inicializar
                0x00000234       0x40 ./src/4_Inicializaciones/Inicializaciones.o
                0x00000234                Inicializar
 .text.InitSysTick
                0x00000274       0x40 ./src/4_Inicializaciones/Inicializaciones.o
                0x00000274                InitSysTick
 .text.InitAlerta
                0x000002b4       0x5c ./src/4_Inicializaciones/Inicializaciones.o
                0x000002b4                InitAlerta
 .text.InitAntiPanico
                0x00000310       0x50 ./src/4_Inicializaciones/Inicializaciones.o
                0x00000310                InitAntiPanico
 .text.InitUART0
                0x00000360       0x74 ./src/4_Inicializaciones/Inicializaciones.o
                0x00000360                InitUART0
 .text.InitUART1
                0x000003d4       0x74 ./src/4_Inicializaciones/Inicializaciones.o
                0x000003d4                InitUART1
 .text.InitADC  0x00000448       0xb8 ./src/4_Inicializaciones/Inicializaciones.o
                0x00000448                InitADC
 .text.InitGPIOs
                0x00000500       0xf8 ./src/4_Inicializaciones/Inicializaciones.o
                0x00000500                InitGPIOs
 .text.InitPassword
                0x000005f8       0x34 ./src/4_Inicializaciones/Inicializaciones.o
                0x000005f8                InitPassword
 .text.InitObjeto
                0x0000062c       0x18 ./src/4_Inicializaciones/Inicializaciones.o
                0x0000062c                InitObjeto
 .text.InitTeclado
                0x00000644       0xd0 ./src/4_Inicializaciones/Inicializaciones.o
                0x00000644                InitTeclado
 .text.InitDisplay
                0x00000714       0x80 ./src/4_Inicializaciones/Inicializaciones.o
                0x00000714                InitDisplay
 .text.InitTimer0
                0x00000794       0x50 ./src/4_Inicializaciones/Inicializaciones.o
                0x00000794                InitTimer0
 .text.Init_LCD
                0x000007e4      0x1e0 ./src/4_Inicializaciones/Inicializaciones.o
                0x000007e4                Init_LCD
 .text.InitPLL  0x000009c4      0x140 ./src/4_Inicializaciones/Oscilador_Config.o
                0x000009c4                InitPLL
 .text.PopTx0   0x00000b04       0x6c ./src/3_Drivers/Drivers_UART.o
                0x00000b04                PopTx0
 .text.PushRx0  0x00000b70       0x54 ./src/3_Drivers/Drivers_UART.o
                0x00000b70                PushRx0
 .text.PopTx1   0x00000bc4       0x6c ./src/3_Drivers/Drivers_UART.o
                0x00000bc4                PopTx1
 .text.PushRx1  0x00000c30       0x54 ./src/3_Drivers/Drivers_UART.o
                0x00000c30                PushRx1
 .text.Barrido_Teclado
                0x00000c84      0x2a0 ./src/3_Drivers/Funciones_Basicas.o
                0x00000c84                Barrido_Teclado
 .text.Validacion_Teclado
                0x00000f24       0x70 ./src/3_Drivers/Funciones_Basicas.o
                0x00000f24                Validacion_Teclado
 .text.Barrido_Display
                0x00000f94       0xd0 ./src/3_Drivers/Funciones_Basicas.o
                0x00000f94                Barrido_Display
 .text.Dato_LCD
                0x00001064       0xfc ./src/3_Drivers/Funciones_Basicas.o
                0x00001064                Dato_LCD
 .text.Integrador_ADC
                0x00001160       0x64 ./src/3_Drivers/Funciones_Basicas.o
                0x00001160                Integrador_ADC
 *fill*         0x000011c4        0x4 
 .text.Deteccion_Variacion_Peso
                0x000011c8       0xb0 ./src/3_Drivers/Funciones_Basicas.o
                0x000011c8                Deteccion_Variacion_Peso
 .text.itoa     0x00001278       0x74 ./src/3_Drivers/Funciones_Basicas.o
                0x00001278                itoa
 .text.atoi     0x000012ec       0x78 ./src/3_Drivers/Funciones_Basicas.o
                0x000012ec                atoi
 .text.Estado_Infrarrojo
                0x00001364       0x1c ./src/3_Drivers/Funciones_Basicas.o
                0x00001364                Estado_Infrarrojo
 .text.Estado_Balanza
                0x00001380       0x10 ./src/3_Drivers/Funciones_Basicas.o
                0x00001380                Estado_Balanza
 .text.ActivarTimer
                0x00001390       0x1c ./src/3_Drivers/Funciones_Basicas.o
                0x00001390                ActivarTimer
 .text.DesactivarTimer
                0x000013ac       0x1c ./src/3_Drivers/Funciones_Basicas.o
                0x000013ac                DesactivarTimer
 .text.SysTick_Handler
                0x000013c8       0x68 ./src/3_Drivers/Funciones_ISR.o
                0x000013c8                SysTick_Handler
 .text.EINT1_IRQHandler
                0x00001430       0x28 ./src/3_Drivers/Funciones_ISR.o
                0x00001430                EINT1_IRQHandler
 .text.EINT3_IRQHandler
                0x00001458       0x28 ./src/3_Drivers/Funciones_ISR.o
                0x00001458                EINT3_IRQHandler
 .text.ADC_IRQHandler
                0x00001480       0x44 ./src/3_Drivers/Funciones_ISR.o
                0x00001480                ADC_IRQHandler
 .text.TIMER0_IRQHandler
                0x000014c4       0x2c ./src/3_Drivers/Funciones_ISR.o
                0x000014c4                TIMER0_IRQHandler
 .text.UART0_IRQHandler
                0x000014f0       0x68 ./src/3_Drivers/Funciones_ISR.o
                0x000014f0                UART0_IRQHandler
 .text.UART1_IRQHandler
                0x00001558       0x68 ./src/3_Drivers/Funciones_ISR.o
                0x00001558                UART1_IRQHandler
 .text.SetPINSEL
                0x000015c0       0x88 ./src/3_Drivers/Funciones_PINES.o
                0x000015c0                SetPINSEL
 .text.SetPINMODE
                0x00001648       0x7c ./src/3_Drivers/Funciones_PINES.o
                0x00001648                SetPINMODE
 .text.SetDIR   0x000016c4       0x6c ./src/3_Drivers/Funciones_PINES.o
                0x000016c4                SetDIR
 .text.SetPIN   0x00001730       0x68 ./src/3_Drivers/Funciones_PINES.o
                0x00001730                SetPIN
 .text.GetPIN   0x00001798       0x38 ./src/3_Drivers/Funciones_PINES.o
                0x00001798                GetPIN
 .text.Teclado  0x000017d0       0x30 ./src/2_Primitivas/Funciones.o
                0x000017d0                Teclado
 .text.Display_7Seg
                0x00001800       0x80 ./src/2_Primitivas/Funciones.o
                0x00001800                Display_7Seg
 .text.Medicion_Peso
                0x00001880      0x118 ./src/2_Primitivas/Funciones.o
                0x00001880                Medicion_Peso
 .text.Display_lcd
                0x00001998       0x5c ./src/2_Primitivas/Funciones.o
                0x00001998                Display_lcd
 .text.Transmitir1
                0x000019f4       0x34 ./src/2_Primitivas/Funciones.o
                0x000019f4                Transmitir1
 .text.Estado_Sistema
                0x00001a28      0x114 ./src/2_Primitivas/Funciones.o
                0x00001a28                Estado_Sistema
 .text.RecibirDatos
                0x00001b3c      0x1e0 ./src/2_Primitivas/Funciones.o
                0x00001b3c                RecibirDatos
 .text.Sistema_OnOff
                0x00001d1c       0x68 ./src/2_Primitivas/Funciones.o
                0x00001d1c                Sistema_OnOff
 .text.Alarma_OnOff
                0x00001d84       0x5c ./src/2_Primitivas/Funciones.o
                0x00001d84                Alarma_OnOff
 .text.CambirPass
                0x00001de0       0x38 ./src/2_Primitivas/Funciones.o
                0x00001de0                CambirPass
 .text.CambirObjeto
                0x00001e18       0x1c ./src/2_Primitivas/Funciones.o
                0x00001e18                CambirObjeto
 .text.ValidarPassPC
                0x00001e34       0x54 ./src/2_Primitivas/Funciones.o
                0x00001e34                ValidarPassPC
 .text.Password
                0x00001e88       0xd4 ./src/2_Primitivas/Funciones_de_Estados.o
                0x00001e88                Password
 .text.EnvioSMS
                0x00001f5c       0xc0 ./src/2_Primitivas/Funciones_de_Estados.o
                0x00001f5c                EnvioSMS
 .text.InicioGSM
                0x0000201c       0x20 ./src/2_Primitivas/Funciones_de_Estados.o
                0x0000201c                InicioGSM
 .text.Check_Pass
                0x0000203c       0x74 ./src/2_Primitivas/Funciones_de_Estados.o
                0x0000203c                Check_Pass
 .text.Check_Sensores
                0x000020b0       0xb0 ./src/2_Primitivas/Funciones_de_Estados.o
                0x000020b0                Check_Sensores
 .text.Activar_Sistema
                0x00002160       0x24 ./src/2_Primitivas/Funciones_de_Estados.o
                0x00002160                Activar_Sistema
 .text.Desactivar_Sistema
                0x00002184       0x44 ./src/2_Primitivas/Funciones_de_Estados.o
                0x00002184                Desactivar_Sistema
 .text.Activar_Alerta
                0x000021c8       0x24 ./src/2_Primitivas/Funciones_de_Estados.o
                0x000021c8                Activar_Alerta
 .text.Desactivar_Alerta
                0x000021ec       0x24 ./src/2_Primitivas/Funciones_de_Estados.o
                0x000021ec                Desactivar_Alerta
 .text.Activar_Alarma
                0x00002210       0x34 ./src/2_Primitivas/Funciones_de_Estados.o
                0x00002210                Activar_Alarma
 .text.Desactivar_Alarma
                0x00002244       0x30 ./src/2_Primitivas/Funciones_de_Estados.o
                0x00002244                Desactivar_Alarma
 .text.Maquina_Sistema_Seguridad
                0x00002274      0x368 ./src/2_Primitivas/Maquina_Estado.o
                0x00002274                Maquina_Sistema_Seguridad
 .text.PushTx0  0x000025dc       0x70 ./src/2_Primitivas/Primitivas_UART.o
                0x000025dc                PushTx0
 .text.PopRx0   0x0000264c       0x6c ./src/2_Primitivas/Primitivas_UART.o
                0x0000264c                PopRx0
 .text.PushTx1  0x000026b8       0x70 ./src/2_Primitivas/Primitivas_UART.o
                0x000026b8                PushTx1
 .text.main     0x00002728       0x28 ./src/1_Aplicacion/main.o
                0x00002728                main
 .text.__weak_main
                0x00002750        0x4 c:/nxp/lpcxpresso_7.0.2_102/lpcxpresso/tools/bin/../lib/gcc/arm-none-eabi/4.8.3/../../../../arm-none-eabi/lib/armv7-m\libcr_c.a(__weak__main.o)
                0x00002750                __weak_main
                0x00002750                __main
 .text.__aeabi_dmul
                0x00002754      0x12c c:/nxp/lpcxpresso_7.0.2_102/lpcxpresso/tools/bin/../lib/gcc/arm-none-eabi/4.8.3/armv7-m\libcr_eabihelpers.a(double.o)
                0x00002754                __aeabi_dmul
 .text.__aeabi_d2uiz
                0x00002880       0x3c c:/nxp/lpcxpresso_7.0.2_102/lpcxpresso/tools/bin/../lib/gcc/arm-none-eabi/4.8.3/armv7-m\libcr_eabihelpers.a(double.o)
                0x00002880                __aeabi_d2uiz
 .text.__bhs_ui2d
                0x000028bc       0x48 c:/nxp/lpcxpresso_7.0.2_102/lpcxpresso/tools/bin/../lib/gcc/arm-none-eabi/4.8.3/armv7-m\libcr_eabihelpers.a(double.o)
                0x000028bc                __bhs_ui2d
 .text.__aeabi_i2d
                0x00002904       0x10 c:/nxp/lpcxpresso_7.0.2_102/lpcxpresso/tools/bin/../lib/gcc/arm-none-eabi/4.8.3/armv7-m\libcr_eabihelpers.a(double.o)
                0x00002904                __aeabi_i2d
 .text.__aeabi_dcmplt
                0x00002914       0x60 c:/nxp/lpcxpresso_7.0.2_102/lpcxpresso/tools/bin/../lib/gcc/arm-none-eabi/4.8.3/armv7-m\libcr_eabihelpers.a(double.o)
                0x00002914                __aeabi_dcmplt
 .text.__aeabi_dcmpgt
                0x00002974       0x5c c:/nxp/lpcxpresso_7.0.2_102/lpcxpresso/tools/bin/../lib/gcc/arm-none-eabi/4.8.3/armv7-m\libcr_eabihelpers.a(double.o)
                0x00002974                __aeabi_dcmpgt
 *(.rodata .rodata.* .constdata .constdata.*)
 .rodata        0x000029d0       0x14 ./src/2_Primitivas/Funciones.o
 .rodata        0x000029e4       0x98 ./src/2_Primitivas/Funciones_de_Estados.o
 .rodata        0x00002a7c       0x70 ./src/2_Primitivas/Maquina_Estado.o
                0x00002aec                . = ALIGN (0x4)

.glue_7         0x00002aec        0x0
 .glue_7        0x00000000        0x0 linker stubs

.glue_7t        0x00002aec        0x0
 .glue_7t       0x00000000        0x0 linker stubs

.vfp11_veneer   0x00002aec        0x0
 .vfp11_veneer  0x00000000        0x0 linker stubs

.v4_bx          0x00002aec        0x0
 .v4_bx         0x00000000        0x0 linker stubs

.iplt           0x00002aec        0x0
 .iplt          0x00000000        0x0 ./src/4_Inicializaciones/Inicializaciones.o

.rel.dyn        0x00002aec        0x0
 .rel.iplt      0x00000000        0x0 ./src/4_Inicializaciones/Inicializaciones.o

.ARM.extab
 *(.ARM.extab* .gnu.linkonce.armextab.*)
                0x00002aec                __exidx_start = .

.ARM.exidx
 *(.ARM.exidx* .gnu.linkonce.armexidx.*)
                0x00002aec                __exidx_end = .
                0x00002aec                _etext = .

.data_RAM2      0x2007c000        0x0 load address 0x00002aec
 FILL mask 0xff
 *(.ramfunc.$RAM2)
 *(.data.$RAM2*)
 *(.data.$RamAHB32*)
                0x2007c000                . = ALIGN (0x4)

.uninit_RESERVED
                0x10000000        0x0
 *(.bss.$RESERVED*)
                0x10000000                . = ALIGN (0x4)
                0x10000000                _end_uninit_RESERVED = .

.data           0x10000000       0x1c load address 0x00002aec
 FILL mask 0xff
                0x10000000                _data = .
 *(vtable)
 *(.ramfunc*)
 *(.data*)
 .data.tecla_anterior.3797
                0x10000000        0x1 ./src/3_Drivers/Funciones_Basicas.o
 .data.cont.3798
                0x10000001        0x1 ./src/3_Drivers/Funciones_Basicas.o
 *fill*         0x10000002        0x2 
 .data.Contador_Display.3797
                0x10000004        0x4 ./src/3_Drivers/Funciones_ISR.o
 .data.Contador_Teclado.3795
                0x10000008        0x4 ./src/3_Drivers/Funciones_ISR.o
 .data.Contador_EnvioEstadoActual.3796
                0x1000000c        0x4 ./src/3_Drivers/Funciones_ISR.o
 .data.Pass     0x10000010        0x4 ./src/1_Aplicacion/main.o
                0x10000010                Pass
 .data.passPC   0x10000014        0x4 ./src/1_Aplicacion/main.o
                0x10000014                passPC
 .data.Buffer_Teclado
                0x10000018        0x1 ./src/1_Aplicacion/main.o
                0x10000018                Buffer_Teclado
 .data.EstadoGSM
                0x10000019        0x1 ./src/1_Aplicacion/main.o
                0x10000019                EstadoGSM
                0x1000001c                . = ALIGN (0x4)
 *fill*         0x1000001a        0x2 ff
                0x1000001c                _edata = .

.igot.plt       0x1000001c        0x0 load address 0x00002b08
 .igot.plt      0x00000000        0x0 ./src/4_Inicializaciones/Inicializaciones.o

.bss_RAM2       0x2007c000        0x0
 *(.bss.$RAM2*)
 *(.bss.$RamAHB32*)
                0x2007c000                . = ALIGN (0x4)

.bss            0x1000001c       0xf4
                0x1000001c                _bss = .
 *(.bss*)
 .bss.digito.3802
                0x1000001c        0x1 ./src/3_Drivers/Funciones_Basicas.o
 *fill*         0x1000001d        0x3 
 .bss.Acumulador.3831
                0x10000020        0x4 ./src/3_Drivers/Funciones_Basicas.o
 .bss.cont.3832
                0x10000024        0x4 ./src/3_Drivers/Funciones_Basicas.o
 .bss.Estado_Resepcion.3843
                0x10000028        0x1 ./src/2_Primitivas/Funciones.o
 .bss.i.3846    0x10000029        0x1 ./src/2_Primitivas/Funciones.o
 .bss.i.3795    0x1000002a        0x1 ./src/2_Primitivas/Funciones_de_Estados.o
 .bss.Estado    0x1000002b        0x1 ./src/1_Aplicacion/main.o
                0x1000002b                Estado
 .bss.Sensor_Peso
                0x1000002c        0x1 ./src/1_Aplicacion/main.o
                0x1000002c                Sensor_Peso
 .bss.Sensor_Infrarrojo
                0x1000002d        0x1 ./src/1_Aplicacion/main.o
                0x1000002d                Sensor_Infrarrojo
 .bss.Resultado_ADC
                0x1000002e        0x2 ./src/1_Aplicacion/main.o
                0x1000002e                Resultado_ADC
 .bss.indiceRx0In
                0x10000030        0x1 ./src/1_Aplicacion/main.o
                0x10000030                indiceRx0In
 .bss.indiceRx0Out
                0x10000031        0x1 ./src/1_Aplicacion/main.o
                0x10000031                indiceRx0Out
 .bss.indiceTx0In
                0x10000032        0x1 ./src/1_Aplicacion/main.o
                0x10000032                indiceTx0In
 .bss.indiceTx0Out
                0x10000033        0x1 ./src/1_Aplicacion/main.o
                0x10000033                indiceTx0Out
 .bss.enviando0
                0x10000034        0x1 ./src/1_Aplicacion/main.o
                0x10000034                enviando0
 .bss.indiceRx1In
                0x10000035        0x1 ./src/1_Aplicacion/main.o
                0x10000035                indiceRx1In
 .bss.indiceTx1In
                0x10000036        0x1 ./src/1_Aplicacion/main.o
                0x10000036                indiceTx1In
 .bss.indiceTx1Out
                0x10000037        0x1 ./src/1_Aplicacion/main.o
                0x10000037                indiceTx1Out
 .bss.enviando1
                0x10000038        0x1 ./src/1_Aplicacion/main.o
                0x10000038                enviando1
 .bss.flagEnvioGSM
                0x10000039        0x1 ./src/1_Aplicacion/main.o
                0x10000039                flagEnvioGSM
 *(COMMON)
 *fill*         0x1000003a        0x2 
 COMMON         0x1000003c       0xd4 ./src/1_Aplicacion/main.o
                0x1000003c                BufferTx1
                0x1000006c                Buffer_Display
                0x10000074                NewPass
                0x10000078                MasterPass
                0x1000007c                BufferTx0
                0x100000ac                BufferRx1
                0x100000dc                Valor_Objeto
                0x100000e0                BufferRx0
                0x10000110                . = ALIGN (0x4)
                0x10000110                _ebss = .
                0x10000110                PROVIDE (end, .)

.noinit_RAM2    0x2007c000        0x0
 *(.noinit.$RAM2*)
 *(.noinit.$RamAHB32*)
                0x2007c000                . = ALIGN (0x4)

.noinit         0x10000110        0x0
                0x10000110                _noinit = .
 *(.noinit*)
                0x10000110                . = ALIGN (0x4)
                0x10000110                _end_noinit = .
                0x10000110                PROVIDE (_pvHeapStart, .)
                0x10008000                PROVIDE (_vStackTop, (__top_RamLoc32 - 0x0))
OUTPUT(Sistema_Seguridad_v14.axf elf32-littlearm)

.debug_info     0x00000000     0x16e6
 .debug_info    0x00000000      0x276 ./src/4_Inicializaciones/Inicializaciones.o
 .debug_info    0x00000276       0x6b ./src/4_Inicializaciones/Oscilador_Config.o
 .debug_info    0x000002e1      0x24b ./src/4_Inicializaciones/cr_startup_lpc175x_6x.o
 .debug_info    0x0000052c      0x162 ./src/3_Drivers/Drivers_UART.o
 .debug_info    0x0000068e      0x2ef ./src/3_Drivers/Funciones_Basicas.o
 .debug_info    0x0000097d      0x1a0 ./src/3_Drivers/Funciones_ISR.o
 .debug_info    0x00000b1d      0x255 ./src/3_Drivers/Funciones_PINES.o
 .debug_info    0x00000d72      0x325 ./src/2_Primitivas/Funciones.o
 .debug_info    0x00001097      0x1a9 ./src/2_Primitivas/Funciones_de_Estados.o
 .debug_info    0x00001240       0x9d ./src/2_Primitivas/Maquina_Estado.o
 .debug_info    0x000012dd      0x183 ./src/2_Primitivas/Primitivas_UART.o
 .debug_info    0x00001460      0x286 ./src/1_Aplicacion/main.o

.debug_abbrev   0x00000000      0x9b2
 .debug_abbrev  0x00000000      0x14a ./src/4_Inicializaciones/Inicializaciones.o
 .debug_abbrev  0x0000014a       0x4e ./src/4_Inicializaciones/Oscilador_Config.o
 .debug_abbrev  0x00000198       0xf5 ./src/4_Inicializaciones/cr_startup_lpc175x_6x.o
 .debug_abbrev  0x0000028d       0xad ./src/3_Drivers/Drivers_UART.o
 .debug_abbrev  0x0000033a      0x136 ./src/3_Drivers/Funciones_Basicas.o
 .debug_abbrev  0x00000470       0x97 ./src/3_Drivers/Funciones_ISR.o
 .debug_abbrev  0x00000507       0x97 ./src/3_Drivers/Funciones_PINES.o
 .debug_abbrev  0x0000059e      0x1a6 ./src/2_Primitivas/Funciones.o
 .debug_abbrev  0x00000744       0xd0 ./src/2_Primitivas/Funciones_de_Estados.o
 .debug_abbrev  0x00000814       0x69 ./src/2_Primitivas/Maquina_Estado.o
 .debug_abbrev  0x0000087d       0xad ./src/2_Primitivas/Primitivas_UART.o
 .debug_abbrev  0x0000092a       0x88 ./src/1_Aplicacion/main.o

.debug_aranges  0x00000000      0x3e8
 .debug_aranges
                0x00000000       0x88 ./src/4_Inicializaciones/Inicializaciones.o
 .debug_aranges
                0x00000088       0x20 ./src/4_Inicializaciones/Oscilador_Config.o
 .debug_aranges
                0x000000a8       0x80 ./src/4_Inicializaciones/cr_startup_lpc175x_6x.o
 .debug_aranges
                0x00000128       0x38 ./src/3_Drivers/Drivers_UART.o
 .debug_aranges
                0x00000160       0x88 ./src/3_Drivers/Funciones_Basicas.o
 .debug_aranges
                0x000001e8       0x50 ./src/3_Drivers/Funciones_ISR.o
 .debug_aranges
                0x00000238       0x50 ./src/3_Drivers/Funciones_PINES.o
 .debug_aranges
                0x00000288       0x78 ./src/2_Primitivas/Funciones.o
 .debug_aranges
                0x00000300       0x70 ./src/2_Primitivas/Funciones_de_Estados.o
 .debug_aranges
                0x00000370       0x20 ./src/2_Primitivas/Maquina_Estado.o
 .debug_aranges
                0x00000390       0x38 ./src/2_Primitivas/Primitivas_UART.o
 .debug_aranges
                0x000003c8       0x20 ./src/1_Aplicacion/main.o

.debug_ranges   0x00000000      0x328
 .debug_ranges  0x00000000       0x78 ./src/4_Inicializaciones/Inicializaciones.o
 .debug_ranges  0x00000078       0x10 ./src/4_Inicializaciones/Oscilador_Config.o
 .debug_ranges  0x00000088       0x70 ./src/4_Inicializaciones/cr_startup_lpc175x_6x.o
 .debug_ranges  0x000000f8       0x28 ./src/3_Drivers/Drivers_UART.o
 .debug_ranges  0x00000120       0x78 ./src/3_Drivers/Funciones_Basicas.o
 .debug_ranges  0x00000198       0x40 ./src/3_Drivers/Funciones_ISR.o
 .debug_ranges  0x000001d8       0x40 ./src/3_Drivers/Funciones_PINES.o
 .debug_ranges  0x00000218       0x68 ./src/2_Primitivas/Funciones.o
 .debug_ranges  0x00000280       0x60 ./src/2_Primitivas/Funciones_de_Estados.o
 .debug_ranges  0x000002e0       0x10 ./src/2_Primitivas/Maquina_Estado.o
 .debug_ranges  0x000002f0       0x28 ./src/2_Primitivas/Primitivas_UART.o
 .debug_ranges  0x00000318       0x10 ./src/1_Aplicacion/main.o

.debug_macro    0x00000000     0x1aac
 .debug_macro   0x00000000       0x36 ./src/4_Inicializaciones/Inicializaciones.o
 .debug_macro   0x00000036      0x856 ./src/4_Inicializaciones/Inicializaciones.o
 .debug_macro   0x0000088c       0xf4 ./src/4_Inicializaciones/Inicializaciones.o
 .debug_macro   0x00000980      0xa2a ./src/4_Inicializaciones/Inicializaciones.o
 .debug_macro   0x000013aa      0x441 ./src/4_Inicializaciones/Inicializaciones.o
 .debug_macro   0x000017eb       0x36 ./src/4_Inicializaciones/Oscilador_Config.o
 .debug_macro   0x00001821       0x1d ./src/4_Inicializaciones/cr_startup_lpc175x_6x.o
 .debug_macro   0x0000183e       0x36 ./src/3_Drivers/Drivers_UART.o
 .debug_macro   0x00001874       0x36 ./src/3_Drivers/Funciones_Basicas.o
 .debug_macro   0x000018aa       0x36 ./src/3_Drivers/Funciones_ISR.o
 .debug_macro   0x000018e0       0x36 ./src/3_Drivers/Funciones_PINES.o
 .debug_macro   0x00001916       0x36 ./src/2_Primitivas/Funciones.o
 .debug_macro   0x0000194c       0x36 ./src/2_Primitivas/Funciones_de_Estados.o
 .debug_macro   0x00001982       0x36 ./src/2_Primitivas/Maquina_Estado.o
 .debug_macro   0x000019b8       0x36 ./src/2_Primitivas/Primitivas_UART.o
 .debug_macro   0x000019ee       0x48 ./src/1_Aplicacion/main.o
 .debug_macro   0x00001a36       0x76 ./src/1_Aplicacion/main.o

.debug_line     0x00000000     0x1613
 .debug_line    0x00000000      0x2db ./src/4_Inicializaciones/Inicializaciones.o
 .debug_line    0x000002db      0x147 ./src/4_Inicializaciones/Oscilador_Config.o
 .debug_line    0x00000422       0xef ./src/4_Inicializaciones/cr_startup_lpc175x_6x.o
 .debug_line    0x00000511      0x13b ./src/3_Drivers/Drivers_UART.o
 .debug_line    0x0000064c      0x2c3 ./src/3_Drivers/Funciones_Basicas.o
 .debug_line    0x0000090f      0x19e ./src/3_Drivers/Funciones_ISR.o
 .debug_line    0x00000aad      0x188 ./src/3_Drivers/Funciones_PINES.o
 .debug_line    0x00000c35      0x34f ./src/2_Primitivas/Funciones.o
 .debug_line    0x00000f84      0x221 ./src/2_Primitivas/Funciones_de_Estados.o
 .debug_line    0x000011a5      0x174 ./src/2_Primitivas/Maquina_Estado.o
 .debug_line    0x00001319      0x148 ./src/2_Primitivas/Primitivas_UART.o
 .debug_line    0x00001461      0x1b2 ./src/1_Aplicacion/main.o

.debug_str      0x00000000     0x596b
 .debug_str     0x00000000     0x4c26 ./src/4_Inicializaciones/Inicializaciones.o
                               0x4c9e (size before relaxing)
 .debug_str     0x00004c26       0x35 ./src/4_Inicializaciones/Oscilador_Config.o
                               0x4b72 (size before relaxing)
 .debug_str     0x00004c5b      0x1de ./src/4_Inicializaciones/cr_startup_lpc175x_6x.o
                               0x25d4 (size before relaxing)
 .debug_str     0x00004e39       0xb5 ./src/3_Drivers/Drivers_UART.o
                               0x4be6 (size before relaxing)
 .debug_str     0x00004eee      0x192 ./src/3_Drivers/Funciones_Basicas.o
                               0x4cf2 (size before relaxing)
 .debug_str     0x00005080       0xf6 ./src/3_Drivers/Funciones_ISR.o
                               0x4c66 (size before relaxing)
 .debug_str     0x00005176       0x8e ./src/3_Drivers/Funciones_PINES.o
                               0x4bd9 (size before relaxing)
 .debug_str     0x00005204      0x109 ./src/2_Primitivas/Funciones.o
                               0x4cb1 (size before relaxing)
 .debug_str     0x0000530d       0xd1 ./src/2_Primitivas/Funciones_de_Estados.o
                               0x4c58 (size before relaxing)
 .debug_str     0x000053de       0x58 ./src/2_Primitivas/Maquina_Estado.o
                               0x4bae (size before relaxing)
 .debug_str     0x00005436       0x5e ./src/2_Primitivas/Primitivas_UART.o
                               0x4c09 (size before relaxing)
 .debug_str     0x00005494      0x4d7 ./src/1_Aplicacion/main.o
                               0x5153 (size before relaxing)

.comment        0x00000000       0x70
 .comment       0x00000000       0x70 ./src/4_Inicializaciones/Inicializaciones.o
                                 0x71 (size before relaxing)
 .comment       0x00000000       0x71 ./src/4_Inicializaciones/Oscilador_Config.o
 .comment       0x00000000       0x71 ./src/4_Inicializaciones/cr_startup_lpc175x_6x.o
 .comment       0x00000000       0x71 ./src/3_Drivers/Drivers_UART.o
 .comment       0x00000000       0x71 ./src/3_Drivers/Funciones_Basicas.o
 .comment       0x00000000       0x71 ./src/3_Drivers/Funciones_ISR.o
 .comment       0x00000000       0x71 ./src/3_Drivers/Funciones_PINES.o
 .comment       0x00000000       0x71 ./src/2_Primitivas/Funciones.o
 .comment       0x00000000       0x71 ./src/2_Primitivas/Funciones_de_Estados.o
 .comment       0x00000000       0x71 ./src/2_Primitivas/Maquina_Estado.o
 .comment       0x00000000       0x71 ./src/2_Primitivas/Primitivas_UART.o
 .comment       0x00000000       0x71 ./src/1_Aplicacion/main.o
 .comment       0x00000000       0x71 c:/nxp/lpcxpresso_7.0.2_102/lpcxpresso/tools/bin/../lib/gcc/arm-none-eabi/4.8.3/../../../../arm-none-eabi/lib/armv7-m\libcr_c.a(__weak__main.o)
 .comment       0x00000000       0x71 c:/nxp/lpcxpresso_7.0.2_102/lpcxpresso/tools/bin/../lib/gcc/arm-none-eabi/4.8.3/armv7-m\libcr_eabihelpers.a(double.o)

.ARM.attributes
                0x00000000       0x33
 .ARM.attributes
                0x00000000       0x33 ./src/4_Inicializaciones/Inicializaciones.o
 .ARM.attributes
                0x00000033       0x33 ./src/4_Inicializaciones/Oscilador_Config.o
 .ARM.attributes
                0x00000066       0x33 ./src/4_Inicializaciones/cr_startup_lpc175x_6x.o
 .ARM.attributes
                0x00000099       0x33 ./src/3_Drivers/Drivers_UART.o
 .ARM.attributes
                0x000000cc       0x33 ./src/3_Drivers/Funciones_Basicas.o
 .ARM.attributes
                0x000000ff       0x33 ./src/3_Drivers/Funciones_ISR.o
 .ARM.attributes
                0x00000132       0x33 ./src/3_Drivers/Funciones_PINES.o
 .ARM.attributes
                0x00000165       0x33 ./src/2_Primitivas/Funciones.o
 .ARM.attributes
                0x00000198       0x33 ./src/2_Primitivas/Funciones_de_Estados.o
 .ARM.attributes
                0x000001cb       0x33 ./src/2_Primitivas/Maquina_Estado.o
 .ARM.attributes
                0x000001fe       0x33 ./src/2_Primitivas/Primitivas_UART.o
 .ARM.attributes
                0x00000231       0x33 ./src/1_Aplicacion/main.o
 .ARM.attributes
                0x00000264       0x33 c:/nxp/lpcxpresso_7.0.2_102/lpcxpresso/tools/bin/../lib/gcc/arm-none-eabi/4.8.3/../../../../arm-none-eabi/lib/armv7-m\libcr_c.a(__weak__main.o)
 .ARM.attributes
                0x00000297       0x33 c:/nxp/lpcxpresso_7.0.2_102/lpcxpresso/tools/bin/../lib/gcc/arm-none-eabi/4.8.3/armv7-m\libcr_eabihelpers.a(double.o)

.debug_frame    0x00000000      0xa7c
 .debug_frame   0x00000000      0x190 ./src/4_Inicializaciones/Inicializaciones.o
 .debug_frame   0x00000190       0x28 ./src/4_Inicializaciones/Oscilador_Config.o
 .debug_frame   0x000001b8      0x158 ./src/4_Inicializaciones/cr_startup_lpc175x_6x.o
 .debug_frame   0x00000310       0x80 ./src/3_Drivers/Drivers_UART.o
 .debug_frame   0x00000390      0x19c ./src/3_Drivers/Funciones_Basicas.o
 .debug_frame   0x0000052c       0xd4 ./src/3_Drivers/Funciones_ISR.o
 .debug_frame   0x00000600       0xd4 ./src/3_Drivers/Funciones_PINES.o
 .debug_frame   0x000006d4      0x174 ./src/2_Primitivas/Funciones.o
 .debug_frame   0x00000848      0x14c ./src/2_Primitivas/Funciones_de_Estados.o
 .debug_frame   0x00000994       0x30 ./src/2_Primitivas/Maquina_Estado.o
 .debug_frame   0x000009c4       0x88 ./src/2_Primitivas/Primitivas_UART.o
 .debug_frame   0x00000a4c       0x30 ./src/1_Aplicacion/main.o
