Archive member included because of file (symbol)

c:/nxp/lpcxpresso_7.0.2_102/lpcxpresso/tools/bin/../lib/gcc/arm-none-eabi/4.8.3/../../../../arm-none-eabi/lib/armv7-m\libcr_c.a(__weak__main.o)
                              ./src/4_Inicializaciones/cr_startup_lpc175x_6x.o (__main)
c:/nxp/lpcxpresso_7.0.2_102/lpcxpresso/tools/bin/../lib/gcc/arm-none-eabi/4.8.3/armv7-m\libcr_eabihelpers.a(double.o)
                              ./src/2_Primitivas/Funciones.o (__aeabi_dmul)

Allocating common symbols
Common symbol       size              file

BufferTx1           0x10              ./src/1_Aplicacion/main.o
Buffer_Display      0x6               ./src/1_Aplicacion/main.o
BufferTx0           0x10              ./src/1_Aplicacion/main.o
BufferRx1           0x10              ./src/1_Aplicacion/main.o
BufferRx0           0x10              ./src/1_Aplicacion/main.o

Discarded input sections

 .group         0x00000000        0x8 ./src/4_Inicializaciones/Inicializaciones.o
 .group         0x00000000        0x8 ./src/4_Inicializaciones/Inicializaciones.o
 .group         0x00000000        0x8 ./src/4_Inicializaciones/Inicializaciones.o
 .group         0x00000000        0x8 ./src/4_Inicializaciones/Inicializaciones.o
 .text          0x00000000        0x0 ./src/4_Inicializaciones/Inicializaciones.o
 .data          0x00000000        0x0 ./src/4_Inicializaciones/Inicializaciones.o
 .bss           0x00000000        0x0 ./src/4_Inicializaciones/Inicializaciones.o
 .rodata        0x00000000        0x4 ./src/4_Inicializaciones/Inicializaciones.o
 .text.InitGsm  0x00000000       0x44 ./src/4_Inicializaciones/Inicializaciones.o
 .group         0x00000000        0x8 ./src/4_Inicializaciones/Oscilador_Config.o
 .group         0x00000000        0x8 ./src/4_Inicializaciones/Oscilador_Config.o
 .group         0x00000000        0x8 ./src/4_Inicializaciones/Oscilador_Config.o
 .group         0x00000000        0x8 ./src/4_Inicializaciones/Oscilador_Config.o
 .text          0x00000000        0x0 ./src/4_Inicializaciones/Oscilador_Config.o
 .data          0x00000000        0x0 ./src/4_Inicializaciones/Oscilador_Config.o
 .bss           0x00000000        0x0 ./src/4_Inicializaciones/Oscilador_Config.o
 .debug_macro   0x00000000      0x856 ./src/4_Inicializaciones/Oscilador_Config.o
 .debug_macro   0x00000000       0xf4 ./src/4_Inicializaciones/Oscilador_Config.o
 .debug_macro   0x00000000      0xa2a ./src/4_Inicializaciones/Oscilador_Config.o
 .debug_macro   0x00000000      0x3c0 ./src/4_Inicializaciones/Oscilador_Config.o
 .group         0x00000000        0x8 ./src/4_Inicializaciones/cr_startup_lpc175x_6x.o
 .text          0x00000000        0x0 ./src/4_Inicializaciones/cr_startup_lpc175x_6x.o
 .data          0x00000000        0x0 ./src/4_Inicializaciones/cr_startup_lpc175x_6x.o
 .bss           0x00000000        0x0 ./src/4_Inicializaciones/cr_startup_lpc175x_6x.o
 .debug_macro   0x00000000      0x856 ./src/4_Inicializaciones/cr_startup_lpc175x_6x.o
 .group         0x00000000        0x8 ./src/4_Inicializaciones/crp.o
 .group         0x00000000        0x8 ./src/4_Inicializaciones/crp.o
 .text          0x00000000        0x0 ./src/4_Inicializaciones/crp.o
 .data          0x00000000        0x0 ./src/4_Inicializaciones/crp.o
 .bss           0x00000000        0x0 ./src/4_Inicializaciones/crp.o
 .crp           0x00000000        0x4 ./src/4_Inicializaciones/crp.o
 .debug_info    0x00000000       0x3f ./src/4_Inicializaciones/crp.o
 .debug_abbrev  0x00000000       0x36 ./src/4_Inicializaciones/crp.o
 .debug_aranges
                0x00000000       0x18 ./src/4_Inicializaciones/crp.o
 .debug_macro   0x00000000       0x1a ./src/4_Inicializaciones/crp.o
 .debug_macro   0x00000000      0x856 ./src/4_Inicializaciones/crp.o
 .debug_macro   0x00000000       0x34 ./src/4_Inicializaciones/crp.o
 .debug_line    0x00000000       0x8b ./src/4_Inicializaciones/crp.o
 .debug_str     0x00000000     0x24ec ./src/4_Inicializaciones/crp.o
 .comment       0x00000000       0x71 ./src/4_Inicializaciones/crp.o
 .ARM.attributes
                0x00000000       0x33 ./src/4_Inicializaciones/crp.o
 .group         0x00000000        0x8 ./src/3_Drivers/Drivers_UART.o
 .group         0x00000000        0x8 ./src/3_Drivers/Drivers_UART.o
 .group         0x00000000        0x8 ./src/3_Drivers/Drivers_UART.o
 .group         0x00000000        0x8 ./src/3_Drivers/Drivers_UART.o
 .text          0x00000000        0x0 ./src/3_Drivers/Drivers_UART.o
 .data          0x00000000        0x0 ./src/3_Drivers/Drivers_UART.o
 .bss           0x00000000        0x0 ./src/3_Drivers/Drivers_UART.o
 .debug_macro   0x00000000      0x856 ./src/3_Drivers/Drivers_UART.o
 .debug_macro   0x00000000       0xf4 ./src/3_Drivers/Drivers_UART.o
 .debug_macro   0x00000000      0xa2a ./src/3_Drivers/Drivers_UART.o
 .debug_macro   0x00000000      0x3c0 ./src/3_Drivers/Drivers_UART.o
 .group         0x00000000        0x8 ./src/3_Drivers/Funciones_Basicas.o
 .group         0x00000000        0x8 ./src/3_Drivers/Funciones_Basicas.o
 .group         0x00000000        0x8 ./src/3_Drivers/Funciones_Basicas.o
 .group         0x00000000        0x8 ./src/3_Drivers/Funciones_Basicas.o
 .text          0x00000000        0x0 ./src/3_Drivers/Funciones_Basicas.o
 .data          0x00000000        0x0 ./src/3_Drivers/Funciones_Basicas.o
 .bss           0x00000000        0x0 ./src/3_Drivers/Funciones_Basicas.o
 .debug_macro   0x00000000      0x856 ./src/3_Drivers/Funciones_Basicas.o
 .debug_macro   0x00000000       0xf4 ./src/3_Drivers/Funciones_Basicas.o
 .debug_macro   0x00000000      0xa2a ./src/3_Drivers/Funciones_Basicas.o
 .debug_macro   0x00000000      0x3c0 ./src/3_Drivers/Funciones_Basicas.o
 .group         0x00000000        0x8 ./src/3_Drivers/Funciones_ISR.o
 .group         0x00000000        0x8 ./src/3_Drivers/Funciones_ISR.o
 .group         0x00000000        0x8 ./src/3_Drivers/Funciones_ISR.o
 .group         0x00000000        0x8 ./src/3_Drivers/Funciones_ISR.o
 .text          0x00000000        0x0 ./src/3_Drivers/Funciones_ISR.o
 .data          0x00000000        0x0 ./src/3_Drivers/Funciones_ISR.o
 .bss           0x00000000        0x0 ./src/3_Drivers/Funciones_ISR.o
 .debug_macro   0x00000000      0x856 ./src/3_Drivers/Funciones_ISR.o
 .debug_macro   0x00000000       0xf4 ./src/3_Drivers/Funciones_ISR.o
 .debug_macro   0x00000000      0xa2a ./src/3_Drivers/Funciones_ISR.o
 .debug_macro   0x00000000      0x3c0 ./src/3_Drivers/Funciones_ISR.o
 .group         0x00000000        0x8 ./src/3_Drivers/Funciones_PINES.o
 .group         0x00000000        0x8 ./src/3_Drivers/Funciones_PINES.o
 .group         0x00000000        0x8 ./src/3_Drivers/Funciones_PINES.o
 .group         0x00000000        0x8 ./src/3_Drivers/Funciones_PINES.o
 .text          0x00000000        0x0 ./src/3_Drivers/Funciones_PINES.o
 .data          0x00000000        0x0 ./src/3_Drivers/Funciones_PINES.o
 .bss           0x00000000        0x0 ./src/3_Drivers/Funciones_PINES.o
 .text.ConfigPIN
                0x00000000       0xd4 ./src/3_Drivers/Funciones_PINES.o
 .text.ConfigSALIDA
                0x00000000       0xac ./src/3_Drivers/Funciones_PINES.o
 .debug_macro   0x00000000      0x856 ./src/3_Drivers/Funciones_PINES.o
 .debug_macro   0x00000000       0xf4 ./src/3_Drivers/Funciones_PINES.o
 .debug_macro   0x00000000      0xa2a ./src/3_Drivers/Funciones_PINES.o
 .debug_macro   0x00000000      0x3c0 ./src/3_Drivers/Funciones_PINES.o
 .group         0x00000000        0x8 ./src/2_Primitivas/Funciones.o
 .group         0x00000000        0x8 ./src/2_Primitivas/Funciones.o
 .group         0x00000000        0x8 ./src/2_Primitivas/Funciones.o
 .group         0x00000000        0x8 ./src/2_Primitivas/Funciones.o
 .text          0x00000000        0x0 ./src/2_Primitivas/Funciones.o
 .data          0x00000000        0x0 ./src/2_Primitivas/Funciones.o
 .bss           0x00000000        0x0 ./src/2_Primitivas/Funciones.o
 .text.EnviarTecla
                0x00000000       0x28 ./src/2_Primitivas/Funciones.o
 .text.Recibir  0x00000000       0x78 ./src/2_Primitivas/Funciones.o
 .bss.estado.3822
                0x00000000        0x1 ./src/2_Primitivas/Funciones.o
 .bss.dato.3823
                0x00000000        0x1 ./src/2_Primitivas/Funciones.o
 .debug_macro   0x00000000      0x856 ./src/2_Primitivas/Funciones.o
 .debug_macro   0x00000000       0xf4 ./src/2_Primitivas/Funciones.o
 .debug_macro   0x00000000      0xa2a ./src/2_Primitivas/Funciones.o
 .debug_macro   0x00000000      0x3c0 ./src/2_Primitivas/Funciones.o
 .group         0x00000000        0x8 ./src/2_Primitivas/Funciones_de_Estados.o
 .group         0x00000000        0x8 ./src/2_Primitivas/Funciones_de_Estados.o
 .group         0x00000000        0x8 ./src/2_Primitivas/Funciones_de_Estados.o
 .group         0x00000000        0x8 ./src/2_Primitivas/Funciones_de_Estados.o
 .text          0x00000000        0x0 ./src/2_Primitivas/Funciones_de_Estados.o
 .data          0x00000000        0x0 ./src/2_Primitivas/Funciones_de_Estados.o
 .bss           0x00000000        0x0 ./src/2_Primitivas/Funciones_de_Estados.o
 .text.EnvioSMS
                0x00000000       0x40 ./src/2_Primitivas/Funciones_de_Estados.o
 .debug_macro   0x00000000      0x856 ./src/2_Primitivas/Funciones_de_Estados.o
 .debug_macro   0x00000000       0xf4 ./src/2_Primitivas/Funciones_de_Estados.o
 .debug_macro   0x00000000      0xa2a ./src/2_Primitivas/Funciones_de_Estados.o
 .debug_macro   0x00000000      0x3c0 ./src/2_Primitivas/Funciones_de_Estados.o
 .group         0x00000000        0x8 ./src/2_Primitivas/Maquina_Estado.o
 .group         0x00000000        0x8 ./src/2_Primitivas/Maquina_Estado.o
 .group         0x00000000        0x8 ./src/2_Primitivas/Maquina_Estado.o
 .group         0x00000000        0x8 ./src/2_Primitivas/Maquina_Estado.o
 .text          0x00000000        0x0 ./src/2_Primitivas/Maquina_Estado.o
 .data          0x00000000        0x0 ./src/2_Primitivas/Maquina_Estado.o
 .bss           0x00000000        0x0 ./src/2_Primitivas/Maquina_Estado.o
 .debug_macro   0x00000000      0x856 ./src/2_Primitivas/Maquina_Estado.o
 .debug_macro   0x00000000       0xf4 ./src/2_Primitivas/Maquina_Estado.o
 .debug_macro   0x00000000      0xa2a ./src/2_Primitivas/Maquina_Estado.o
 .debug_macro   0x00000000      0x3c0 ./src/2_Primitivas/Maquina_Estado.o
 .group         0x00000000        0x8 ./src/2_Primitivas/Primitivas_UART.o
 .group         0x00000000        0x8 ./src/2_Primitivas/Primitivas_UART.o
 .group         0x00000000        0x8 ./src/2_Primitivas/Primitivas_UART.o
 .group         0x00000000        0x8 ./src/2_Primitivas/Primitivas_UART.o
 .text          0x00000000        0x0 ./src/2_Primitivas/Primitivas_UART.o
 .data          0x00000000        0x0 ./src/2_Primitivas/Primitivas_UART.o
 .bss           0x00000000        0x0 ./src/2_Primitivas/Primitivas_UART.o
 .text.PopRx0   0x00000000       0x58 ./src/2_Primitivas/Primitivas_UART.o
 .text.PopRx1   0x00000000       0x58 ./src/2_Primitivas/Primitivas_UART.o
 .debug_macro   0x00000000      0x856 ./src/2_Primitivas/Primitivas_UART.o
 .debug_macro   0x00000000       0xf4 ./src/2_Primitivas/Primitivas_UART.o
 .debug_macro   0x00000000      0xa2a ./src/2_Primitivas/Primitivas_UART.o
 .debug_macro   0x00000000      0x3c0 ./src/2_Primitivas/Primitivas_UART.o
 .group         0x00000000        0x8 ./src/1_Aplicacion/main.o
 .group         0x00000000        0x8 ./src/1_Aplicacion/main.o
 .group         0x00000000        0x8 ./src/1_Aplicacion/main.o
 .group         0x00000000        0x8 ./src/1_Aplicacion/main.o
 .group         0x00000000        0x8 ./src/1_Aplicacion/main.o
 .group         0x00000000        0x8 ./src/1_Aplicacion/main.o
 .text          0x00000000        0x0 ./src/1_Aplicacion/main.o
 .data          0x00000000        0x0 ./src/1_Aplicacion/main.o
 .bss           0x00000000        0x0 ./src/1_Aplicacion/main.o
 .bss.indiceRx0Out
                0x00000000        0x1 ./src/1_Aplicacion/main.o
 .bss.indiceRx1Out
                0x00000000        0x1 ./src/1_Aplicacion/main.o
 .debug_macro   0x00000000      0x856 ./src/1_Aplicacion/main.o
 .debug_macro   0x00000000       0x34 ./src/1_Aplicacion/main.o
 .debug_macro   0x00000000       0xf4 ./src/1_Aplicacion/main.o
 .debug_macro   0x00000000      0xa2a ./src/1_Aplicacion/main.o
 .debug_macro   0x00000000      0x3c0 ./src/1_Aplicacion/main.o
 .text          0x00000000        0x0 c:/nxp/lpcxpresso_7.0.2_102/lpcxpresso/tools/bin/../lib/gcc/arm-none-eabi/4.8.3/../../../../arm-none-eabi/lib/armv7-m\libcr_c.a(__weak__main.o)
 .data          0x00000000        0x0 c:/nxp/lpcxpresso_7.0.2_102/lpcxpresso/tools/bin/../lib/gcc/arm-none-eabi/4.8.3/../../../../arm-none-eabi/lib/armv7-m\libcr_c.a(__weak__main.o)
 .bss           0x00000000        0x0 c:/nxp/lpcxpresso_7.0.2_102/lpcxpresso/tools/bin/../lib/gcc/arm-none-eabi/4.8.3/../../../../arm-none-eabi/lib/armv7-m\libcr_c.a(__weak__main.o)
 .text          0x00000000        0x0 c:/nxp/lpcxpresso_7.0.2_102/lpcxpresso/tools/bin/../lib/gcc/arm-none-eabi/4.8.3/armv7-m\libcr_eabihelpers.a(double.o)
 .data          0x00000000        0x0 c:/nxp/lpcxpresso_7.0.2_102/lpcxpresso/tools/bin/../lib/gcc/arm-none-eabi/4.8.3/armv7-m\libcr_eabihelpers.a(double.o)
 .bss           0x00000000        0x0 c:/nxp/lpcxpresso_7.0.2_102/lpcxpresso/tools/bin/../lib/gcc/arm-none-eabi/4.8.3/armv7-m\libcr_eabihelpers.a(double.o)
 .text.__aeabi_ddiv
                0x00000000      0x16c c:/nxp/lpcxpresso_7.0.2_102/lpcxpresso/tools/bin/../lib/gcc/arm-none-eabi/4.8.3/armv7-m\libcr_eabihelpers.a(double.o)
 .text.__aeabi_dsub
                0x00000000      0x228 c:/nxp/lpcxpresso_7.0.2_102/lpcxpresso/tools/bin/../lib/gcc/arm-none-eabi/4.8.3/armv7-m\libcr_eabihelpers.a(double.o)
 .text.__aeabi_dadd
                0x00000000      0x178 c:/nxp/lpcxpresso_7.0.2_102/lpcxpresso/tools/bin/../lib/gcc/arm-none-eabi/4.8.3/armv7-m\libcr_eabihelpers.a(double.o)
 .text.__aeabi_drsub
                0x00000000       0x18 c:/nxp/lpcxpresso_7.0.2_102/lpcxpresso/tools/bin/../lib/gcc/arm-none-eabi/4.8.3/armv7-m\libcr_eabihelpers.a(double.o)
 .text.__aeabi_dneg
                0x00000000        0xc c:/nxp/lpcxpresso_7.0.2_102/lpcxpresso/tools/bin/../lib/gcc/arm-none-eabi/4.8.3/armv7-m\libcr_eabihelpers.a(double.o)
 .text.__aeabi_d2f
                0x00000000       0x58 c:/nxp/lpcxpresso_7.0.2_102/lpcxpresso/tools/bin/../lib/gcc/arm-none-eabi/4.8.3/armv7-m\libcr_eabihelpers.a(double.o)
 .text.__aeabi_d2iz
                0x00000000       0x4c c:/nxp/lpcxpresso_7.0.2_102/lpcxpresso/tools/bin/../lib/gcc/arm-none-eabi/4.8.3/armv7-m\libcr_eabihelpers.a(double.o)
 .text.__aeabi_d2lz
                0x00000000       0x78 c:/nxp/lpcxpresso_7.0.2_102/lpcxpresso/tools/bin/../lib/gcc/arm-none-eabi/4.8.3/armv7-m\libcr_eabihelpers.a(double.o)
 .text.__aeabi_d2ulz
                0x00000000       0x5c c:/nxp/lpcxpresso_7.0.2_102/lpcxpresso/tools/bin/../lib/gcc/arm-none-eabi/4.8.3/armv7-m\libcr_eabihelpers.a(double.o)
 .text.__bhs_ul2d
                0x00000000       0x90 c:/nxp/lpcxpresso_7.0.2_102/lpcxpresso/tools/bin/../lib/gcc/arm-none-eabi/4.8.3/armv7-m\libcr_eabihelpers.a(double.o)
 .text.__aeabi_ui2d
                0x00000000        0x8 c:/nxp/lpcxpresso_7.0.2_102/lpcxpresso/tools/bin/../lib/gcc/arm-none-eabi/4.8.3/armv7-m\libcr_eabihelpers.a(double.o)
 .text.__aeabi_l2d
                0x00000000       0x24 c:/nxp/lpcxpresso_7.0.2_102/lpcxpresso/tools/bin/../lib/gcc/arm-none-eabi/4.8.3/armv7-m\libcr_eabihelpers.a(double.o)
 .text.__aeabi_ul2d
                0x00000000        0x8 c:/nxp/lpcxpresso_7.0.2_102/lpcxpresso/tools/bin/../lib/gcc/arm-none-eabi/4.8.3/armv7-m\libcr_eabihelpers.a(double.o)
 .text.__aeabi_dcmpeq
                0x00000000       0x40 c:/nxp/lpcxpresso_7.0.2_102/lpcxpresso/tools/bin/../lib/gcc/arm-none-eabi/4.8.3/armv7-m\libcr_eabihelpers.a(double.o)
 .text.__aeabi_dcmplt
                0x00000000       0x60 c:/nxp/lpcxpresso_7.0.2_102/lpcxpresso/tools/bin/../lib/gcc/arm-none-eabi/4.8.3/armv7-m\libcr_eabihelpers.a(double.o)
 .text.__aeabi_dcmpgt
                0x00000000       0x5c c:/nxp/lpcxpresso_7.0.2_102/lpcxpresso/tools/bin/../lib/gcc/arm-none-eabi/4.8.3/armv7-m\libcr_eabihelpers.a(double.o)
 .text.__aeabi_dcmple
                0x00000000       0x60 c:/nxp/lpcxpresso_7.0.2_102/lpcxpresso/tools/bin/../lib/gcc/arm-none-eabi/4.8.3/armv7-m\libcr_eabihelpers.a(double.o)
 .text.__aeabi_dcmpge
                0x00000000       0x5c c:/nxp/lpcxpresso_7.0.2_102/lpcxpresso/tools/bin/../lib/gcc/arm-none-eabi/4.8.3/armv7-m\libcr_eabihelpers.a(double.o)
 .text.__aeabi_dcmpun
                0x00000000       0x1c c:/nxp/lpcxpresso_7.0.2_102/lpcxpresso/tools/bin/../lib/gcc/arm-none-eabi/4.8.3/armv7-m\libcr_eabihelpers.a(double.o)
 .text.__aeabi_cdcmple
                0x00000000       0x30 c:/nxp/lpcxpresso_7.0.2_102/lpcxpresso/tools/bin/../lib/gcc/arm-none-eabi/4.8.3/armv7-m\libcr_eabihelpers.a(double.o)
 .text.__aeabi_cdrcmple
                0x00000000       0x14 c:/nxp/lpcxpresso_7.0.2_102/lpcxpresso/tools/bin/../lib/gcc/arm-none-eabi/4.8.3/armv7-m\libcr_eabihelpers.a(double.o)

Memory Configuration

Name             Origin             Length             Attributes
MFlash512        0x00000000         0x00080000         xr
RamLoc32         0x10000000         0x00008000         xrw
RamAHB32         0x2007c000         0x00008000         xrw
*default*        0x00000000         0xffffffff

Linker script and memory map

LOAD ./src/4_Inicializaciones/Inicializaciones.o
LOAD ./src/4_Inicializaciones/Oscilador_Config.o
LOAD ./src/4_Inicializaciones/cr_startup_lpc175x_6x.o
LOAD ./src/4_Inicializaciones/crp.o
LOAD ./src/3_Drivers/Drivers_UART.o
LOAD ./src/3_Drivers/Funciones_Basicas.o
LOAD ./src/3_Drivers/Funciones_ISR.o
LOAD ./src/3_Drivers/Funciones_PINES.o
LOAD ./src/2_Primitivas/Funciones.o
LOAD ./src/2_Primitivas/Funciones_de_Estados.o
LOAD ./src/2_Primitivas/Maquina_Estado.o
LOAD ./src/2_Primitivas/Primitivas_UART.o
LOAD ./src/1_Aplicacion/main.o
START GROUP
LOAD c:/nxp/lpcxpresso_7.0.2_102/lpcxpresso/tools/bin/../lib/gcc/arm-none-eabi/4.8.3/../../../../arm-none-eabi/lib/armv7-m\libcr_c.a
LOAD c:/nxp/lpcxpresso_7.0.2_102/lpcxpresso/tools/bin/../lib/gcc/arm-none-eabi/4.8.3/armv7-m\libcr_eabihelpers.a
END GROUP
                0x00080000                __top_MFlash512 = 0x80000
                0x10008000                __top_RamLoc32 = 0x10008000
                0x20084000                __top_RamAHB32 = 0x20084000

.text           0x00000000     0x224c
 FILL mask 0xff
                0x00000000                __vectors_start__ = ABSOLUTE (.)
 *(.isr_vector)
 .isr_vector    0x00000000       0xcc ./src/4_Inicializaciones/cr_startup_lpc175x_6x.o
                0x00000000                g_pfnVectors
                0x000000cc                . = ALIGN (0x4)
                0x000000cc                __section_table_start = .
                0x000000cc                __data_section_table = .
                0x000000cc        0x4 LONG 0x224c LOADADDR (.data)
                0x000000d0        0x4 LONG 0x10000000 ADDR (.data)
                0x000000d4        0x4 LONG 0xc SIZEOF (.data)
                0x000000d8        0x4 LONG 0x224c LOADADDR (.data_RAM2)
                0x000000dc        0x4 LONG 0x2007c000 ADDR (.data_RAM2)
                0x000000e0        0x4 LONG 0x0 SIZEOF (.data_RAM2)
                0x000000e4                __data_section_table_end = .
                0x000000e4                __bss_section_table = .
                0x000000e4        0x4 LONG 0x1000000c ADDR (.bss)
                0x000000e8        0x4 LONG 0x64 SIZEOF (.bss)
                0x000000ec        0x4 LONG 0x2007c000 ADDR (.bss_RAM2)
                0x000000f0        0x4 LONG 0x0 SIZEOF (.bss_RAM2)
                0x000000f4                __bss_section_table_end = .
                0x000000f4                __section_table_end = .
 *(.after_vectors*)
 .after_vectors
                0x000000f4      0x140 ./src/4_Inicializaciones/cr_startup_lpc175x_6x.o
                0x000000f4                data_init
                0x00000138                bss_init
                0x00000170                ResetISR
                0x000001e4                NMI_Handler
                0x000001ec                HardFault_Handler
                0x000001f4                MemManage_Handler
                0x000001fc                BusFault_Handler
                0x00000204                UsageFault_Handler
                0x0000020c                SVC_Handler
                0x00000214                DebugMon_Handler
                0x0000021c                PendSV_Handler
                0x0000022c                CANActivity_IRQHandler
                0x0000022c                TIMER3_IRQHandler
                0x0000022c                USBActivity_IRQHandler
                0x0000022c                EINT2_IRQHandler
                0x0000022c                IntDefaultHandler
                0x0000022c                PLL0_IRQHandler
                0x0000022c                CAN_IRQHandler
                0x0000022c                I2C0_IRQHandler
                0x0000022c                SSP0_IRQHandler
                0x0000022c                I2C1_IRQHandler
                0x0000022c                I2C2_IRQHandler
                0x0000022c                RTC_IRQHandler
                0x0000022c                SPI_IRQHandler
                0x0000022c                RIT_IRQHandler
                0x0000022c                TIMER1_IRQHandler
                0x0000022c                UART2_IRQHandler
                0x0000022c                SSP1_IRQHandler
                0x0000022c                USB_IRQHandler
                0x0000022c                BOD_IRQHandler
                0x0000022c                PWM1_IRQHandler
                0x0000022c                WDT_IRQHandler
                0x0000022c                I2S_IRQHandler
                0x0000022c                QEI_IRQHandler
                0x0000022c                EINT0_IRQHandler
                0x0000022c                PLL1_IRQHandler
                0x0000022c                DMA_IRQHandler
                0x0000022c                TIMER2_IRQHandler
                0x0000022c                UART3_IRQHandler
                0x0000022c                MCPWM_IRQHandler
                0x0000022c                ENET_IRQHandler
 *(.text*)
 .text.Inicializar
                0x00000234       0x38 ./src/4_Inicializaciones/Inicializaciones.o
                0x00000234                Inicializar
 .text.InitSysTick
                0x0000026c       0x40 ./src/4_Inicializaciones/Inicializaciones.o
                0x0000026c                InitSysTick
 .text.InitAlerta
                0x000002ac       0x5c ./src/4_Inicializaciones/Inicializaciones.o
                0x000002ac                InitAlerta
 .text.InitAlarma
                0x00000308       0x50 ./src/4_Inicializaciones/Inicializaciones.o
                0x00000308                InitAlarma
 .text.InitUART0
                0x00000358       0x74 ./src/4_Inicializaciones/Inicializaciones.o
                0x00000358                InitUART0
 .text.InitUART1
                0x000003cc       0x74 ./src/4_Inicializaciones/Inicializaciones.o
                0x000003cc                InitUART1
 .text.InitADC  0x00000440       0xa0 ./src/4_Inicializaciones/Inicializaciones.o
                0x00000440                InitADC
 .text.InitGPIOs
                0x000004e0       0xd8 ./src/4_Inicializaciones/Inicializaciones.o
                0x000004e0                InitGPIOs
 .text.InitTeclado
                0x000005b8       0xd0 ./src/4_Inicializaciones/Inicializaciones.o
                0x000005b8                InitTeclado
 .text.InitDisplay
                0x00000688       0x80 ./src/4_Inicializaciones/Inicializaciones.o
                0x00000688                InitDisplay
 .text.Inicializar_Timer
                0x00000708       0x68 ./src/4_Inicializaciones/Inicializaciones.o
                0x00000708                Inicializar_Timer
 .text.Init_LCD
                0x00000770      0x1e0 ./src/4_Inicializaciones/Inicializaciones.o
                0x00000770                Init_LCD
 .text.InitPLL  0x00000950      0x140 ./src/4_Inicializaciones/Oscilador_Config.o
                0x00000950                InitPLL
 .text.PopTx0   0x00000a90       0x58 ./src/3_Drivers/Drivers_UART.o
                0x00000a90                PopTx0
 .text.PushRx0  0x00000ae8       0x40 ./src/3_Drivers/Drivers_UART.o
                0x00000ae8                PushRx0
 .text.PopTx1   0x00000b28       0x58 ./src/3_Drivers/Drivers_UART.o
                0x00000b28                PopTx1
 .text.PushRx1  0x00000b80       0x40 ./src/3_Drivers/Drivers_UART.o
                0x00000b80                PushRx1
 .text.Barrido_Teclado
                0x00000bc0      0x2a0 ./src/3_Drivers/Funciones_Basicas.o
                0x00000bc0                Barrido_Teclado
 .text.Validacion_Teclado
                0x00000e60       0x80 ./src/3_Drivers/Funciones_Basicas.o
                0x00000e60                Validacion_Teclado
 .text.Barrido_Display
                0x00000ee0       0xd0 ./src/3_Drivers/Funciones_Basicas.o
                0x00000ee0                Barrido_Display
 .text.Dato_LCD
                0x00000fb0       0xfc ./src/3_Drivers/Funciones_Basicas.o
                0x00000fb0                Dato_LCD
 .text.ActivarADC
                0x000010ac       0x28 ./src/3_Drivers/Funciones_Basicas.o
                0x000010ac                ActivarADC
 .text.DesactivarADC
                0x000010d4       0x28 ./src/3_Drivers/Funciones_Basicas.o
                0x000010d4                DesactivarADC
 .text.Integrador_ADC
                0x000010fc       0x58 ./src/3_Drivers/Funciones_Basicas.o
                0x000010fc                Integrador_ADC
 .text.Estado_Infrarrojo
                0x00001154       0x1c ./src/3_Drivers/Funciones_Basicas.o
                0x00001154                Estado_Infrarrojo
 .text.Estado_Balanza
                0x00001170       0x1c ./src/3_Drivers/Funciones_Basicas.o
                0x00001170                Estado_Balanza
 .text.SysTick_Handler
                0x0000118c       0x30 ./src/3_Drivers/Funciones_ISR.o
                0x0000118c                SysTick_Handler
 .text.EINT1_IRQHandler
                0x000011bc       0x28 ./src/3_Drivers/Funciones_ISR.o
                0x000011bc                EINT1_IRQHandler
 .text.EINT3_IRQHandler
                0x000011e4       0x28 ./src/3_Drivers/Funciones_ISR.o
                0x000011e4                EINT3_IRQHandler
 .text.ADC_IRQHandler
                0x0000120c       0x44 ./src/3_Drivers/Funciones_ISR.o
                0x0000120c                ADC_IRQHandler
 .text.TIMER0_IRQHandler
                0x00001250       0x3c ./src/3_Drivers/Funciones_ISR.o
                0x00001250                TIMER0_IRQHandler
 .text.UART0_IRQHandler
                0x0000128c       0x68 ./src/3_Drivers/Funciones_ISR.o
                0x0000128c                UART0_IRQHandler
 .text.UART1_IRQHandler
                0x000012f4       0x54 ./src/3_Drivers/Funciones_ISR.o
                0x000012f4                UART1_IRQHandler
 .text.SetPINSEL
                0x00001348       0x88 ./src/3_Drivers/Funciones_PINES.o
                0x00001348                SetPINSEL
 .text.SetPINMODE
                0x000013d0       0x7c ./src/3_Drivers/Funciones_PINES.o
                0x000013d0                SetPINMODE
 .text.SetDIR   0x0000144c       0x6c ./src/3_Drivers/Funciones_PINES.o
                0x0000144c                SetDIR
 .text.SetPIN   0x000014b8       0x68 ./src/3_Drivers/Funciones_PINES.o
                0x000014b8                SetPIN
 .text.GetPIN   0x00001520       0x38 ./src/3_Drivers/Funciones_PINES.o
                0x00001520                GetPIN
 .text.Teclado  0x00001558       0x30 ./src/2_Primitivas/Funciones.o
                0x00001558                Teclado
 .text.Display_7Seg
                0x00001588       0x80 ./src/2_Primitivas/Funciones.o
                0x00001588                Display_7Seg
 .text.Medicion_Peso
                0x00001608       0x58 ./src/2_Primitivas/Funciones.o
                0x00001608                Medicion_Peso
 .text.Display_lcd
                0x00001660       0x5c ./src/2_Primitivas/Funciones.o
                0x00001660                Display_lcd
 .text.Transmitir1
                0x000016bc       0x34 ./src/2_Primitivas/Funciones.o
                0x000016bc                Transmitir1
 .text.Estado_Sistema
                0x000016f0      0x114 ./src/2_Primitivas/Funciones.o
                0x000016f0                Estado_Sistema
 .text.itoa     0x00001804       0x74 ./src/2_Primitivas/Funciones.o
                0x00001804                itoa
 .text.Password
                0x00001878       0xd0 ./src/2_Primitivas/Funciones_de_Estados.o
                0x00001878                Password
 .text.Check_Pass
                0x00001948       0x50 ./src/2_Primitivas/Funciones_de_Estados.o
                0x00001948                Check_Pass
 .text.Check_Sensores
                0x00001998       0xb0 ./src/2_Primitivas/Funciones_de_Estados.o
                0x00001998                Check_Sensores
 .text.Activar_Sistema
                0x00001a48        0xc ./src/2_Primitivas/Funciones_de_Estados.o
                0x00001a48                Activar_Sistema
 .text.Desactivar_Sistema
                0x00001a54       0x48 ./src/2_Primitivas/Funciones_de_Estados.o
                0x00001a54                Desactivar_Sistema
 .text.Activar_Alerta
                0x00001a9c       0x24 ./src/2_Primitivas/Funciones_de_Estados.o
                0x00001a9c                Activar_Alerta
 .text.Desactivar_Alerta
                0x00001ac0       0x24 ./src/2_Primitivas/Funciones_de_Estados.o
                0x00001ac0                Desactivar_Alerta
 .text.Activar_Alarma
                0x00001ae4       0x30 ./src/2_Primitivas/Funciones_de_Estados.o
                0x00001ae4                Activar_Alarma
 .text.Desactivar_Alarma
                0x00001b14       0x30 ./src/2_Primitivas/Funciones_de_Estados.o
                0x00001b14                Desactivar_Alarma
 .text.Maquina_Sistema_Seguridad
                0x00001b44      0x34c ./src/2_Primitivas/Maquina_Estado.o
                0x00001b44                Maquina_Sistema_Seguridad
 .text.PushTx0  0x00001e90       0x5c ./src/2_Primitivas/Primitivas_UART.o
                0x00001e90                PushTx0
 .text.PushTx1  0x00001eec       0x5c ./src/2_Primitivas/Primitivas_UART.o
                0x00001eec                PushTx1
 .text.main     0x00001f48       0x38 ./src/1_Aplicacion/main.o
                0x00001f48                main
 .text.__weak_main
                0x00001f80        0x4 c:/nxp/lpcxpresso_7.0.2_102/lpcxpresso/tools/bin/../lib/gcc/arm-none-eabi/4.8.3/../../../../arm-none-eabi/lib/armv7-m\libcr_c.a(__weak__main.o)
                0x00001f80                __weak_main
                0x00001f80                __main
 .text.__aeabi_dmul
                0x00001f84      0x12c c:/nxp/lpcxpresso_7.0.2_102/lpcxpresso/tools/bin/../lib/gcc/arm-none-eabi/4.8.3/armv7-m\libcr_eabihelpers.a(double.o)
                0x00001f84                __aeabi_dmul
 .text.__aeabi_d2uiz
                0x000020b0       0x3c c:/nxp/lpcxpresso_7.0.2_102/lpcxpresso/tools/bin/../lib/gcc/arm-none-eabi/4.8.3/armv7-m\libcr_eabihelpers.a(double.o)
                0x000020b0                __aeabi_d2uiz
 .text.__bhs_ui2d
                0x000020ec       0x48 c:/nxp/lpcxpresso_7.0.2_102/lpcxpresso/tools/bin/../lib/gcc/arm-none-eabi/4.8.3/armv7-m\libcr_eabihelpers.a(double.o)
                0x000020ec                __bhs_ui2d
 .text.__aeabi_i2d
                0x00002134       0x10 c:/nxp/lpcxpresso_7.0.2_102/lpcxpresso/tools/bin/../lib/gcc/arm-none-eabi/4.8.3/armv7-m\libcr_eabihelpers.a(double.o)
                0x00002134                __aeabi_i2d
 *(.rodata .rodata.* .constdata .constdata.*)
 .rodata        0x00002144        0x4 ./src/3_Drivers/Funciones_ISR.o
 .rodata        0x00002148       0x94 ./src/2_Primitivas/Funciones_de_Estados.o
 .rodata        0x000021dc       0x70 ./src/2_Primitivas/Maquina_Estado.o
                0x0000224c                . = ALIGN (0x4)

.glue_7         0x0000224c        0x0
 .glue_7        0x00000000        0x0 linker stubs

.glue_7t        0x0000224c        0x0
 .glue_7t       0x00000000        0x0 linker stubs

.vfp11_veneer   0x0000224c        0x0
 .vfp11_veneer  0x00000000        0x0 linker stubs

.v4_bx          0x0000224c        0x0
 .v4_bx         0x00000000        0x0 linker stubs

.iplt           0x0000224c        0x0
 .iplt          0x00000000        0x0 ./src/4_Inicializaciones/Inicializaciones.o

.rel.dyn        0x0000224c        0x0
 .rel.iplt      0x00000000        0x0 ./src/4_Inicializaciones/Inicializaciones.o

.ARM.extab
 *(.ARM.extab* .gnu.linkonce.armextab.*)
                0x0000224c                __exidx_start = .

.ARM.exidx
 *(.ARM.exidx* .gnu.linkonce.armexidx.*)
                0x0000224c                __exidx_end = .
                0x0000224c                _etext = .

.data_RAM2      0x2007c000        0x0 load address 0x0000224c
 FILL mask 0xff
 *(.ramfunc.$RAM2)
 *(.data.$RAM2*)
 *(.data.$RamAHB32*)
                0x2007c000                . = ALIGN (0x4)

.uninit_RESERVED
                0x10000000        0x0
 *(.bss.$RESERVED*)
                0x10000000                . = ALIGN (0x4)
                0x10000000                _end_uninit_RESERVED = .

.data           0x10000000        0xc load address 0x0000224c
 FILL mask 0xff
                0x10000000                _data = .
 *(vtable)
 *(.ramfunc*)
 *(.data*)
 .data.tecla_anterior.3775
                0x10000000        0x1 ./src/3_Drivers/Funciones_Basicas.o
 .data.cont.3776
                0x10000001        0x1 ./src/3_Drivers/Funciones_Basicas.o
 *fill*         0x10000002        0x2 
 .data.Pass     0x10000004        0x4 ./src/1_Aplicacion/main.o
                0x10000004                Pass
 .data.Buffer_Teclado
                0x10000008        0x1 ./src/1_Aplicacion/main.o
                0x10000008                Buffer_Teclado
                0x1000000c                . = ALIGN (0x4)
 *fill*         0x10000009        0x3 ff
                0x1000000c                _edata = .

.igot.plt       0x1000000c        0x0 load address 0x00002258
 .igot.plt      0x00000000        0x0 ./src/4_Inicializaciones/Inicializaciones.o

.bss_RAM2       0x2007c000        0x0
 *(.bss.$RAM2*)
 *(.bss.$RamAHB32*)
                0x2007c000                . = ALIGN (0x4)

.bss            0x1000000c       0x64
                0x1000000c                _bss = .
 *(.bss*)
 .bss.digito.3780
                0x1000000c        0x1 ./src/3_Drivers/Funciones_Basicas.o
 *fill*         0x1000000d        0x3 
 .bss.Acumulador.3809
                0x10000010        0x4 ./src/3_Drivers/Funciones_Basicas.o
 .bss.cont.3810
                0x10000014        0x2 ./src/3_Drivers/Funciones_Basicas.o
 .bss.cont.3773
                0x10000016        0x1 ./src/3_Drivers/Funciones_ISR.o
 .bss.i.3771    0x10000017        0x1 ./src/2_Primitivas/Funciones_de_Estados.o
 .bss.Estado    0x10000018        0x1 ./src/1_Aplicacion/main.o
                0x10000018                Estado
 .bss.Sensor_Peso
                0x10000019        0x1 ./src/1_Aplicacion/main.o
                0x10000019                Sensor_Peso
 .bss.Sensor_Infrarrojo
                0x1000001a        0x1 ./src/1_Aplicacion/main.o
                0x1000001a                Sensor_Infrarrojo
 *fill*         0x1000001b        0x1 
 .bss.Resultado_ADC
                0x1000001c        0x2 ./src/1_Aplicacion/main.o
                0x1000001c                Resultado_ADC
 .bss.indiceRx0In
                0x1000001e        0x1 ./src/1_Aplicacion/main.o
                0x1000001e                indiceRx0In
 .bss.indiceTx0In
                0x1000001f        0x1 ./src/1_Aplicacion/main.o
                0x1000001f                indiceTx0In
 .bss.indiceTx0Out
                0x10000020        0x1 ./src/1_Aplicacion/main.o
                0x10000020                indiceTx0Out
 .bss.enviando0
                0x10000021        0x1 ./src/1_Aplicacion/main.o
                0x10000021                enviando0
 .bss.indiceRx1In
                0x10000022        0x1 ./src/1_Aplicacion/main.o
                0x10000022                indiceRx1In
 .bss.indiceTx1In
                0x10000023        0x1 ./src/1_Aplicacion/main.o
                0x10000023                indiceTx1In
 .bss.indiceTx1Out
                0x10000024        0x1 ./src/1_Aplicacion/main.o
                0x10000024                indiceTx1Out
 .bss.enviando1
                0x10000025        0x1 ./src/1_Aplicacion/main.o
                0x10000025                enviando1
 .bss.flagEnvio
                0x10000026        0x1 ./src/1_Aplicacion/main.o
                0x10000026                flagEnvio
 *(COMMON)
 *fill*         0x10000027        0x1 
 COMMON         0x10000028       0x48 ./src/1_Aplicacion/main.o
                0x10000028                BufferTx1
                0x10000038                Buffer_Display
                0x10000040                BufferTx0
                0x10000050                BufferRx1
                0x10000060                BufferRx0
                0x10000070                . = ALIGN (0x4)
                0x10000070                _ebss = .
                0x10000070                PROVIDE (end, .)

.noinit_RAM2    0x2007c000        0x0
 *(.noinit.$RAM2*)
 *(.noinit.$RamAHB32*)
                0x2007c000                . = ALIGN (0x4)

.noinit         0x10000070        0x0
                0x10000070                _noinit = .
 *(.noinit*)
                0x10000070                . = ALIGN (0x4)
                0x10000070                _end_noinit = .
                0x10000070                PROVIDE (_pvHeapStart, .)
                0x10008000                PROVIDE (_vStackTop, (__top_RamLoc32 - 0x0))
OUTPUT(Sistema_Seguridad_v13.axf elf32-littlearm)

.debug_info     0x00000000     0x14d9
 .debug_info    0x00000000      0x218 ./src/4_Inicializaciones/Inicializaciones.o
 .debug_info    0x00000218       0x6b ./src/4_Inicializaciones/Oscilador_Config.o
 .debug_info    0x00000283      0x24b ./src/4_Inicializaciones/cr_startup_lpc175x_6x.o
 .debug_info    0x000004ce      0x162 ./src/3_Drivers/Drivers_UART.o
 .debug_info    0x00000630      0x252 ./src/3_Drivers/Funciones_Basicas.o
 .debug_info    0x00000882      0x173 ./src/3_Drivers/Funciones_ISR.o
 .debug_info    0x000009f5      0x255 ./src/3_Drivers/Funciones_PINES.o
 .debug_info    0x00000c4a      0x2ac ./src/2_Primitivas/Funciones.o
 .debug_info    0x00000ef6      0x187 ./src/2_Primitivas/Funciones_de_Estados.o
 .debug_info    0x0000107d       0x9d ./src/2_Primitivas/Maquina_Estado.o
 .debug_info    0x0000111a      0x18e ./src/2_Primitivas/Primitivas_UART.o
 .debug_info    0x000012a8      0x231 ./src/1_Aplicacion/main.o

.debug_abbrev   0x00000000      0x889
 .debug_abbrev  0x00000000       0xe8 ./src/4_Inicializaciones/Inicializaciones.o
 .debug_abbrev  0x000000e8       0x4e ./src/4_Inicializaciones/Oscilador_Config.o
 .debug_abbrev  0x00000136       0xf5 ./src/4_Inicializaciones/cr_startup_lpc175x_6x.o
 .debug_abbrev  0x0000022b       0xad ./src/3_Drivers/Drivers_UART.o
 .debug_abbrev  0x000002d8       0xf3 ./src/3_Drivers/Funciones_Basicas.o
 .debug_abbrev  0x000003cb       0xaf ./src/3_Drivers/Funciones_ISR.o
 .debug_abbrev  0x0000047a       0x97 ./src/3_Drivers/Funciones_PINES.o
 .debug_abbrev  0x00000511      0x113 ./src/2_Primitivas/Funciones.o
 .debug_abbrev  0x00000624       0xba ./src/2_Primitivas/Funciones_de_Estados.o
 .debug_abbrev  0x000006de       0x69 ./src/2_Primitivas/Maquina_Estado.o
 .debug_abbrev  0x00000747       0xba ./src/2_Primitivas/Primitivas_UART.o
 .debug_abbrev  0x00000801       0x88 ./src/1_Aplicacion/main.o

.debug_aranges  0x00000000      0x398
 .debug_aranges
                0x00000000       0x80 ./src/4_Inicializaciones/Inicializaciones.o
 .debug_aranges
                0x00000080       0x20 ./src/4_Inicializaciones/Oscilador_Config.o
 .debug_aranges
                0x000000a0       0x80 ./src/4_Inicializaciones/cr_startup_lpc175x_6x.o
 .debug_aranges
                0x00000120       0x38 ./src/3_Drivers/Drivers_UART.o
 .debug_aranges
                0x00000158       0x60 ./src/3_Drivers/Funciones_Basicas.o
 .debug_aranges
                0x000001b8       0x50 ./src/3_Drivers/Funciones_ISR.o
 .debug_aranges
                0x00000208       0x50 ./src/3_Drivers/Funciones_PINES.o
 .debug_aranges
                0x00000258       0x60 ./src/2_Primitivas/Funciones.o
 .debug_aranges
                0x000002b8       0x68 ./src/2_Primitivas/Funciones_de_Estados.o
 .debug_aranges
                0x00000320       0x20 ./src/2_Primitivas/Maquina_Estado.o
 .debug_aranges
                0x00000340       0x38 ./src/2_Primitivas/Primitivas_UART.o
 .debug_aranges
                0x00000378       0x20 ./src/1_Aplicacion/main.o

.debug_ranges   0x00000000      0x2d8
 .debug_ranges  0x00000000       0x70 ./src/4_Inicializaciones/Inicializaciones.o
 .debug_ranges  0x00000070       0x10 ./src/4_Inicializaciones/Oscilador_Config.o
 .debug_ranges  0x00000080       0x70 ./src/4_Inicializaciones/cr_startup_lpc175x_6x.o
 .debug_ranges  0x000000f0       0x28 ./src/3_Drivers/Drivers_UART.o
 .debug_ranges  0x00000118       0x50 ./src/3_Drivers/Funciones_Basicas.o
 .debug_ranges  0x00000168       0x40 ./src/3_Drivers/Funciones_ISR.o
 .debug_ranges  0x000001a8       0x40 ./src/3_Drivers/Funciones_PINES.o
 .debug_ranges  0x000001e8       0x50 ./src/2_Primitivas/Funciones.o
 .debug_ranges  0x00000238       0x58 ./src/2_Primitivas/Funciones_de_Estados.o
 .debug_ranges  0x00000290       0x10 ./src/2_Primitivas/Maquina_Estado.o
 .debug_ranges  0x000002a0       0x28 ./src/2_Primitivas/Primitivas_UART.o
 .debug_ranges  0x000002c8       0x10 ./src/1_Aplicacion/main.o

.debug_macro    0x00000000     0x1a2b
 .debug_macro   0x00000000       0x36 ./src/4_Inicializaciones/Inicializaciones.o
 .debug_macro   0x00000036      0x856 ./src/4_Inicializaciones/Inicializaciones.o
 .debug_macro   0x0000088c       0xf4 ./src/4_Inicializaciones/Inicializaciones.o
 .debug_macro   0x00000980      0xa2a ./src/4_Inicializaciones/Inicializaciones.o
 .debug_macro   0x000013aa      0x3c0 ./src/4_Inicializaciones/Inicializaciones.o
 .debug_macro   0x0000176a       0x36 ./src/4_Inicializaciones/Oscilador_Config.o
 .debug_macro   0x000017a0       0x1d ./src/4_Inicializaciones/cr_startup_lpc175x_6x.o
 .debug_macro   0x000017bd       0x36 ./src/3_Drivers/Drivers_UART.o
 .debug_macro   0x000017f3       0x36 ./src/3_Drivers/Funciones_Basicas.o
 .debug_macro   0x00001829       0x36 ./src/3_Drivers/Funciones_ISR.o
 .debug_macro   0x0000185f       0x36 ./src/3_Drivers/Funciones_PINES.o
 .debug_macro   0x00001895       0x36 ./src/2_Primitivas/Funciones.o
 .debug_macro   0x000018cb       0x36 ./src/2_Primitivas/Funciones_de_Estados.o
 .debug_macro   0x00001901       0x36 ./src/2_Primitivas/Maquina_Estado.o
 .debug_macro   0x00001937       0x36 ./src/2_Primitivas/Primitivas_UART.o
 .debug_macro   0x0000196d       0x48 ./src/1_Aplicacion/main.o
 .debug_macro   0x000019b5       0x76 ./src/1_Aplicacion/main.o

.debug_line     0x00000000     0x1434
 .debug_line    0x00000000      0x2b6 ./src/4_Inicializaciones/Inicializaciones.o
 .debug_line    0x000002b6      0x147 ./src/4_Inicializaciones/Oscilador_Config.o
 .debug_line    0x000003fd       0xef ./src/4_Inicializaciones/cr_startup_lpc175x_6x.o
 .debug_line    0x000004ec      0x13b ./src/3_Drivers/Drivers_UART.o
 .debug_line    0x00000627      0x252 ./src/3_Drivers/Funciones_Basicas.o
 .debug_line    0x00000879      0x18e ./src/3_Drivers/Funciones_ISR.o
 .debug_line    0x00000a07      0x188 ./src/3_Drivers/Funciones_PINES.o
 .debug_line    0x00000b8f      0x258 ./src/2_Primitivas/Funciones.o
 .debug_line    0x00000de7      0x1fa ./src/2_Primitivas/Funciones_de_Estados.o
 .debug_line    0x00000fe1      0x171 ./src/2_Primitivas/Maquina_Estado.o
 .debug_line    0x00001152      0x148 ./src/2_Primitivas/Primitivas_UART.o
 .debug_line    0x0000129a      0x19a ./src/1_Aplicacion/main.o

.debug_str      0x00000000     0x5707
 .debug_str     0x00000000     0x4a91 ./src/4_Inicializaciones/Inicializaciones.o
                               0x4b09 (size before relaxing)
 .debug_str     0x00004a91       0x35 ./src/4_Inicializaciones/Oscilador_Config.o
                               0x4a13 (size before relaxing)
 .debug_str     0x00004ac6      0x1de ./src/4_Inicializaciones/cr_startup_lpc175x_6x.o
                               0x25d4 (size before relaxing)
 .debug_str     0x00004ca4       0xbd ./src/3_Drivers/Drivers_UART.o
                               0x4a87 (size before relaxing)
 .debug_str     0x00004d61      0x159 ./src/3_Drivers/Funciones_Basicas.o
                               0x4b3f (size before relaxing)
 .debug_str     0x00004eba       0xb8 ./src/3_Drivers/Funciones_ISR.o
                               0x4ac2 (size before relaxing)
 .debug_str     0x00004f72       0x8e ./src/3_Drivers/Funciones_PINES.o
                               0x4a7a (size before relaxing)
 .debug_str     0x00005000       0xa9 ./src/2_Primitivas/Funciones.o
                               0x4ae1 (size before relaxing)
 .debug_str     0x000050a9       0xd1 ./src/2_Primitivas/Funciones_de_Estados.o
                               0x4acd (size before relaxing)
 .debug_str     0x0000517a       0x58 ./src/2_Primitivas/Maquina_Estado.o
                               0x4a4f (size before relaxing)
 .debug_str     0x000051d2       0x5e ./src/2_Primitivas/Primitivas_UART.o
                               0x4aaa (size before relaxing)
 .debug_str     0x00005230      0x4d7 ./src/1_Aplicacion/main.o
                               0x4fc0 (size before relaxing)

.comment        0x00000000       0x70
 .comment       0x00000000       0x70 ./src/4_Inicializaciones/Inicializaciones.o
                                 0x71 (size before relaxing)
 .comment       0x00000000       0x71 ./src/4_Inicializaciones/Oscilador_Config.o
 .comment       0x00000000       0x71 ./src/4_Inicializaciones/cr_startup_lpc175x_6x.o
 .comment       0x00000000       0x71 ./src/3_Drivers/Drivers_UART.o
 .comment       0x00000000       0x71 ./src/3_Drivers/Funciones_Basicas.o
 .comment       0x00000000       0x71 ./src/3_Drivers/Funciones_ISR.o
 .comment       0x00000000       0x71 ./src/3_Drivers/Funciones_PINES.o
 .comment       0x00000000       0x71 ./src/2_Primitivas/Funciones.o
 .comment       0x00000000       0x71 ./src/2_Primitivas/Funciones_de_Estados.o
 .comment       0x00000000       0x71 ./src/2_Primitivas/Maquina_Estado.o
 .comment       0x00000000       0x71 ./src/2_Primitivas/Primitivas_UART.o
 .comment       0x00000000       0x71 ./src/1_Aplicacion/main.o
 .comment       0x00000000       0x71 c:/nxp/lpcxpresso_7.0.2_102/lpcxpresso/tools/bin/../lib/gcc/arm-none-eabi/4.8.3/../../../../arm-none-eabi/lib/armv7-m\libcr_c.a(__weak__main.o)
 .comment       0x00000000       0x71 c:/nxp/lpcxpresso_7.0.2_102/lpcxpresso/tools/bin/../lib/gcc/arm-none-eabi/4.8.3/armv7-m\libcr_eabihelpers.a(double.o)

.ARM.attributes
                0x00000000       0x33
 .ARM.attributes
                0x00000000       0x33 ./src/4_Inicializaciones/Inicializaciones.o
 .ARM.attributes
                0x00000033       0x33 ./src/4_Inicializaciones/Oscilador_Config.o
 .ARM.attributes
                0x00000066       0x33 ./src/4_Inicializaciones/cr_startup_lpc175x_6x.o
 .ARM.attributes
                0x00000099       0x33 ./src/3_Drivers/Drivers_UART.o
 .ARM.attributes
                0x000000cc       0x33 ./src/3_Drivers/Funciones_Basicas.o
 .ARM.attributes
                0x000000ff       0x33 ./src/3_Drivers/Funciones_ISR.o
 .ARM.attributes
                0x00000132       0x33 ./src/3_Drivers/Funciones_PINES.o
 .ARM.attributes
                0x00000165       0x33 ./src/2_Primitivas/Funciones.o
 .ARM.attributes
                0x00000198       0x33 ./src/2_Primitivas/Funciones_de_Estados.o
 .ARM.attributes
                0x000001cb       0x33 ./src/2_Primitivas/Maquina_Estado.o
 .ARM.attributes
                0x000001fe       0x33 ./src/2_Primitivas/Primitivas_UART.o
 .ARM.attributes
                0x00000231       0x33 ./src/1_Aplicacion/main.o
 .ARM.attributes
                0x00000264       0x33 c:/nxp/lpcxpresso_7.0.2_102/lpcxpresso/tools/bin/../lib/gcc/arm-none-eabi/4.8.3/../../../../arm-none-eabi/lib/armv7-m\libcr_c.a(__weak__main.o)
 .ARM.attributes
                0x00000297       0x33 c:/nxp/lpcxpresso_7.0.2_102/lpcxpresso/tools/bin/../lib/gcc/arm-none-eabi/4.8.3/armv7-m\libcr_eabihelpers.a(double.o)

.debug_frame    0x00000000      0x978
 .debug_frame   0x00000000      0x178 ./src/4_Inicializaciones/Inicializaciones.o
 .debug_frame   0x00000178       0x28 ./src/4_Inicializaciones/Oscilador_Config.o
 .debug_frame   0x000001a0      0x158 ./src/4_Inicializaciones/cr_startup_lpc175x_6x.o
 .debug_frame   0x000002f8       0x80 ./src/3_Drivers/Drivers_UART.o
 .debug_frame   0x00000378      0x110 ./src/3_Drivers/Funciones_Basicas.o
 .debug_frame   0x00000488       0xd8 ./src/3_Drivers/Funciones_ISR.o
 .debug_frame   0x00000560       0xd4 ./src/3_Drivers/Funciones_PINES.o
 .debug_frame   0x00000634      0x124 ./src/2_Primitivas/Funciones.o
 .debug_frame   0x00000758      0x138 ./src/2_Primitivas/Funciones_de_Estados.o
 .debug_frame   0x00000890       0x30 ./src/2_Primitivas/Maquina_Estado.o
 .debug_frame   0x000008c0       0x88 ./src/2_Primitivas/Primitivas_UART.o
 .debug_frame   0x00000948       0x30 ./src/1_Aplicacion/main.o
