Archive member included because of file (symbol)

c:/nxp/lpcxpresso_7.0.2_102/lpcxpresso/tools/bin/../lib/gcc/arm-none-eabi/4.8.3/../../../../arm-none-eabi/lib/armv7-m\libcr_c.a(__weak__main.o)
                              ./src/4_Inicializaciones/cr_startup_lpc175x_6x.o (__main)

Allocating common symbols
Common symbol       size              file

enviando0           0x1               ./src/1_Aplicacion/main.o
inx_out             0x1               ./src/1_Aplicacion/main.o
bufferTx0           0x10              ./src/1_Aplicacion/main.o
tecla               0x1               ./src/1_Aplicacion/main.o
bufferTx1           0x10              ./src/1_Aplicacion/main.o
Buffer_Display      0x6               ./src/1_Aplicacion/main.o
inx_in              0x1               ./src/1_Aplicacion/main.o
bufferRx1           0x10              ./src/1_Aplicacion/main.o
enviando1           0x1               ./src/1_Aplicacion/main.o
bufferRx0           0x10              ./src/1_Aplicacion/main.o

Discarded input sections

 .group         0x00000000        0x8 ./src/4_Inicializaciones/Inicializaciones.o
 .group         0x00000000        0x8 ./src/4_Inicializaciones/Inicializaciones.o
 .group         0x00000000        0x8 ./src/4_Inicializaciones/Inicializaciones.o
 .group         0x00000000        0x8 ./src/4_Inicializaciones/Inicializaciones.o
 .text          0x00000000        0x0 ./src/4_Inicializaciones/Inicializaciones.o
 .data          0x00000000        0x0 ./src/4_Inicializaciones/Inicializaciones.o
 .bss           0x00000000        0x0 ./src/4_Inicializaciones/Inicializaciones.o
 .rodata        0x00000000        0x4 ./src/4_Inicializaciones/Inicializaciones.o
 .text.InitGsm  0x00000000       0x44 ./src/4_Inicializaciones/Inicializaciones.o
 .group         0x00000000        0x8 ./src/4_Inicializaciones/Oscilador_Config.o
 .group         0x00000000        0x8 ./src/4_Inicializaciones/Oscilador_Config.o
 .group         0x00000000        0x8 ./src/4_Inicializaciones/Oscilador_Config.o
 .group         0x00000000        0x8 ./src/4_Inicializaciones/Oscilador_Config.o
 .text          0x00000000        0x0 ./src/4_Inicializaciones/Oscilador_Config.o
 .data          0x00000000        0x0 ./src/4_Inicializaciones/Oscilador_Config.o
 .bss           0x00000000        0x0 ./src/4_Inicializaciones/Oscilador_Config.o
 .debug_macro   0x00000000      0x856 ./src/4_Inicializaciones/Oscilador_Config.o
 .debug_macro   0x00000000       0xf4 ./src/4_Inicializaciones/Oscilador_Config.o
 .debug_macro   0x00000000      0x935 ./src/4_Inicializaciones/Oscilador_Config.o
 .debug_macro   0x00000000      0x373 ./src/4_Inicializaciones/Oscilador_Config.o
 .group         0x00000000        0x8 ./src/4_Inicializaciones/cr_startup_lpc175x_6x.o
 .text          0x00000000        0x0 ./src/4_Inicializaciones/cr_startup_lpc175x_6x.o
 .data          0x00000000        0x0 ./src/4_Inicializaciones/cr_startup_lpc175x_6x.o
 .bss           0x00000000        0x0 ./src/4_Inicializaciones/cr_startup_lpc175x_6x.o
 .debug_macro   0x00000000      0x856 ./src/4_Inicializaciones/cr_startup_lpc175x_6x.o
 .group         0x00000000        0x8 ./src/4_Inicializaciones/crp.o
 .group         0x00000000        0x8 ./src/4_Inicializaciones/crp.o
 .text          0x00000000        0x0 ./src/4_Inicializaciones/crp.o
 .data          0x00000000        0x0 ./src/4_Inicializaciones/crp.o
 .bss           0x00000000        0x0 ./src/4_Inicializaciones/crp.o
 .crp           0x00000000        0x4 ./src/4_Inicializaciones/crp.o
 .debug_info    0x00000000       0x3f ./src/4_Inicializaciones/crp.o
 .debug_abbrev  0x00000000       0x36 ./src/4_Inicializaciones/crp.o
 .debug_aranges
                0x00000000       0x18 ./src/4_Inicializaciones/crp.o
 .debug_macro   0x00000000       0x1a ./src/4_Inicializaciones/crp.o
 .debug_macro   0x00000000      0x856 ./src/4_Inicializaciones/crp.o
 .debug_macro   0x00000000       0x34 ./src/4_Inicializaciones/crp.o
 .debug_line    0x00000000       0x8b ./src/4_Inicializaciones/crp.o
 .debug_str     0x00000000     0x24de ./src/4_Inicializaciones/crp.o
 .comment       0x00000000       0x71 ./src/4_Inicializaciones/crp.o
 .ARM.attributes
                0x00000000       0x33 ./src/4_Inicializaciones/crp.o
 .group         0x00000000        0x8 ./src/3_Drivers/Funciones_Basicas.o
 .group         0x00000000        0x8 ./src/3_Drivers/Funciones_Basicas.o
 .group         0x00000000        0x8 ./src/3_Drivers/Funciones_Basicas.o
 .group         0x00000000        0x8 ./src/3_Drivers/Funciones_Basicas.o
 .text          0x00000000        0x0 ./src/3_Drivers/Funciones_Basicas.o
 .data          0x00000000        0x0 ./src/3_Drivers/Funciones_Basicas.o
 .bss           0x00000000        0x0 ./src/3_Drivers/Funciones_Basicas.o
 .debug_macro   0x00000000      0x856 ./src/3_Drivers/Funciones_Basicas.o
 .debug_macro   0x00000000       0xf4 ./src/3_Drivers/Funciones_Basicas.o
 .debug_macro   0x00000000      0x935 ./src/3_Drivers/Funciones_Basicas.o
 .debug_macro   0x00000000      0x373 ./src/3_Drivers/Funciones_Basicas.o
 .group         0x00000000        0x8 ./src/3_Drivers/Funciones_ISR.o
 .group         0x00000000        0x8 ./src/3_Drivers/Funciones_ISR.o
 .group         0x00000000        0x8 ./src/3_Drivers/Funciones_ISR.o
 .group         0x00000000        0x8 ./src/3_Drivers/Funciones_ISR.o
 .text          0x00000000        0x0 ./src/3_Drivers/Funciones_ISR.o
 .data          0x00000000        0x0 ./src/3_Drivers/Funciones_ISR.o
 .bss           0x00000000        0x0 ./src/3_Drivers/Funciones_ISR.o
 .debug_macro   0x00000000      0x856 ./src/3_Drivers/Funciones_ISR.o
 .debug_macro   0x00000000       0xf4 ./src/3_Drivers/Funciones_ISR.o
 .debug_macro   0x00000000      0x935 ./src/3_Drivers/Funciones_ISR.o
 .debug_macro   0x00000000      0x373 ./src/3_Drivers/Funciones_ISR.o
 .group         0x00000000        0x8 ./src/3_Drivers/Funciones_PINES.o
 .group         0x00000000        0x8 ./src/3_Drivers/Funciones_PINES.o
 .group         0x00000000        0x8 ./src/3_Drivers/Funciones_PINES.o
 .group         0x00000000        0x8 ./src/3_Drivers/Funciones_PINES.o
 .text          0x00000000        0x0 ./src/3_Drivers/Funciones_PINES.o
 .data          0x00000000        0x0 ./src/3_Drivers/Funciones_PINES.o
 .bss           0x00000000        0x0 ./src/3_Drivers/Funciones_PINES.o
 .text.ConfigPIN
                0x00000000       0xd4 ./src/3_Drivers/Funciones_PINES.o
 .text.ConfigSALIDA
                0x00000000       0xac ./src/3_Drivers/Funciones_PINES.o
 .debug_macro   0x00000000      0x856 ./src/3_Drivers/Funciones_PINES.o
 .debug_macro   0x00000000       0xf4 ./src/3_Drivers/Funciones_PINES.o
 .debug_macro   0x00000000      0x935 ./src/3_Drivers/Funciones_PINES.o
 .debug_macro   0x00000000      0x373 ./src/3_Drivers/Funciones_PINES.o
 .group         0x00000000        0x8 ./src/3_Drivers/Funciones_UART.o
 .group         0x00000000        0x8 ./src/3_Drivers/Funciones_UART.o
 .group         0x00000000        0x8 ./src/3_Drivers/Funciones_UART.o
 .group         0x00000000        0x8 ./src/3_Drivers/Funciones_UART.o
 .text          0x00000000        0x0 ./src/3_Drivers/Funciones_UART.o
 .data          0x00000000        0x0 ./src/3_Drivers/Funciones_UART.o
 .bss           0x00000000        0x0 ./src/3_Drivers/Funciones_UART.o
 .debug_macro   0x00000000      0x856 ./src/3_Drivers/Funciones_UART.o
 .debug_macro   0x00000000       0xf4 ./src/3_Drivers/Funciones_UART.o
 .debug_macro   0x00000000      0x935 ./src/3_Drivers/Funciones_UART.o
 .debug_macro   0x00000000      0x373 ./src/3_Drivers/Funciones_UART.o
 .group         0x00000000        0x8 ./src/2_Primitivas/Funciones.o
 .group         0x00000000        0x8 ./src/2_Primitivas/Funciones.o
 .group         0x00000000        0x8 ./src/2_Primitivas/Funciones.o
 .group         0x00000000        0x8 ./src/2_Primitivas/Funciones.o
 .text          0x00000000        0x0 ./src/2_Primitivas/Funciones.o
 .data          0x00000000        0x0 ./src/2_Primitivas/Funciones.o
 .bss           0x00000000        0x0 ./src/2_Primitivas/Funciones.o
 .text.Display_7Seg
                0x00000000       0x84 ./src/2_Primitivas/Funciones.o
 .text.PushTx0  0x00000000       0x74 ./src/2_Primitivas/Funciones.o
 .text.PopRx0   0x00000000       0x58 ./src/2_Primitivas/Funciones.o
 .text.PopRx1   0x00000000       0x58 ./src/2_Primitivas/Funciones.o
 .text.Enviartecla
                0x00000000       0x30 ./src/2_Primitivas/Funciones.o
 .text.Recibir  0x00000000       0x78 ./src/2_Primitivas/Funciones.o
 .bss.estado.3808
                0x00000000        0x1 ./src/2_Primitivas/Funciones.o
 .bss.dato.3809
                0x00000000        0x1 ./src/2_Primitivas/Funciones.o
 .debug_macro   0x00000000      0x856 ./src/2_Primitivas/Funciones.o
 .debug_macro   0x00000000       0xf4 ./src/2_Primitivas/Funciones.o
 .debug_macro   0x00000000      0x935 ./src/2_Primitivas/Funciones.o
 .debug_macro   0x00000000      0x373 ./src/2_Primitivas/Funciones.o
 .group         0x00000000        0x8 ./src/2_Primitivas/Funciones_de_Estados.o
 .group         0x00000000        0x8 ./src/2_Primitivas/Funciones_de_Estados.o
 .group         0x00000000        0x8 ./src/2_Primitivas/Funciones_de_Estados.o
 .group         0x00000000        0x8 ./src/2_Primitivas/Funciones_de_Estados.o
 .text          0x00000000        0x0 ./src/2_Primitivas/Funciones_de_Estados.o
 .data          0x00000000        0x0 ./src/2_Primitivas/Funciones_de_Estados.o
 .bss           0x00000000        0x0 ./src/2_Primitivas/Funciones_de_Estados.o
 .text.EnvioSMS
                0x00000000       0x40 ./src/2_Primitivas/Funciones_de_Estados.o
 .debug_macro   0x00000000      0x856 ./src/2_Primitivas/Funciones_de_Estados.o
 .debug_macro   0x00000000       0xf4 ./src/2_Primitivas/Funciones_de_Estados.o
 .debug_macro   0x00000000      0x935 ./src/2_Primitivas/Funciones_de_Estados.o
 .debug_macro   0x00000000      0x373 ./src/2_Primitivas/Funciones_de_Estados.o
 .group         0x00000000        0x8 ./src/2_Primitivas/Maquina_Estado.o
 .group         0x00000000        0x8 ./src/2_Primitivas/Maquina_Estado.o
 .group         0x00000000        0x8 ./src/2_Primitivas/Maquina_Estado.o
 .group         0x00000000        0x8 ./src/2_Primitivas/Maquina_Estado.o
 .text          0x00000000        0x0 ./src/2_Primitivas/Maquina_Estado.o
 .data          0x00000000        0x0 ./src/2_Primitivas/Maquina_Estado.o
 .bss           0x00000000        0x0 ./src/2_Primitivas/Maquina_Estado.o
 .debug_macro   0x00000000      0x856 ./src/2_Primitivas/Maquina_Estado.o
 .debug_macro   0x00000000       0xf4 ./src/2_Primitivas/Maquina_Estado.o
 .debug_macro   0x00000000      0x935 ./src/2_Primitivas/Maquina_Estado.o
 .debug_macro   0x00000000      0x373 ./src/2_Primitivas/Maquina_Estado.o
 .group         0x00000000        0x8 ./src/1_Aplicacion/main.o
 .group         0x00000000        0x8 ./src/1_Aplicacion/main.o
 .group         0x00000000        0x8 ./src/1_Aplicacion/main.o
 .group         0x00000000        0x8 ./src/1_Aplicacion/main.o
 .group         0x00000000        0x8 ./src/1_Aplicacion/main.o
 .group         0x00000000        0x8 ./src/1_Aplicacion/main.o
 .text          0x00000000        0x0 ./src/1_Aplicacion/main.o
 .data          0x00000000        0x0 ./src/1_Aplicacion/main.o
 .bss           0x00000000        0x0 ./src/1_Aplicacion/main.o
 .debug_macro   0x00000000      0x856 ./src/1_Aplicacion/main.o
 .debug_macro   0x00000000       0x34 ./src/1_Aplicacion/main.o
 .debug_macro   0x00000000       0xf4 ./src/1_Aplicacion/main.o
 .debug_macro   0x00000000      0x935 ./src/1_Aplicacion/main.o
 .debug_macro   0x00000000      0x373 ./src/1_Aplicacion/main.o
 .text          0x00000000        0x0 c:/nxp/lpcxpresso_7.0.2_102/lpcxpresso/tools/bin/../lib/gcc/arm-none-eabi/4.8.3/../../../../arm-none-eabi/lib/armv7-m\libcr_c.a(__weak__main.o)
 .data          0x00000000        0x0 c:/nxp/lpcxpresso_7.0.2_102/lpcxpresso/tools/bin/../lib/gcc/arm-none-eabi/4.8.3/../../../../arm-none-eabi/lib/armv7-m\libcr_c.a(__weak__main.o)
 .bss           0x00000000        0x0 c:/nxp/lpcxpresso_7.0.2_102/lpcxpresso/tools/bin/../lib/gcc/arm-none-eabi/4.8.3/../../../../arm-none-eabi/lib/armv7-m\libcr_c.a(__weak__main.o)

Memory Configuration

Name             Origin             Length             Attributes
MFlash512        0x00000000         0x00080000         xr
RamLoc32         0x10000000         0x00008000         xrw
RamAHB32         0x2007c000         0x00008000         xrw
*default*        0x00000000         0xffffffff

Linker script and memory map

LOAD ./src/4_Inicializaciones/Inicializaciones.o
LOAD ./src/4_Inicializaciones/Oscilador_Config.o
LOAD ./src/4_Inicializaciones/cr_startup_lpc175x_6x.o
LOAD ./src/4_Inicializaciones/crp.o
LOAD ./src/3_Drivers/Funciones_Basicas.o
LOAD ./src/3_Drivers/Funciones_ISR.o
LOAD ./src/3_Drivers/Funciones_PINES.o
LOAD ./src/3_Drivers/Funciones_UART.o
LOAD ./src/2_Primitivas/Funciones.o
LOAD ./src/2_Primitivas/Funciones_de_Estados.o
LOAD ./src/2_Primitivas/Maquina_Estado.o
LOAD ./src/1_Aplicacion/main.o
START GROUP
LOAD c:/nxp/lpcxpresso_7.0.2_102/lpcxpresso/tools/bin/../lib/gcc/arm-none-eabi/4.8.3/../../../../arm-none-eabi/lib/armv7-m\libcr_c.a
LOAD c:/nxp/lpcxpresso_7.0.2_102/lpcxpresso/tools/bin/../lib/gcc/arm-none-eabi/4.8.3/armv7-m\libcr_eabihelpers.a
END GROUP
                0x00080000                __top_MFlash512 = 0x80000
                0x10008000                __top_RamLoc32 = 0x10008000
                0x20084000                __top_RamAHB32 = 0x20084000

.text           0x00000000     0x1c38
 FILL mask 0xff
                0x00000000                __vectors_start__ = ABSOLUTE (.)
 *(.isr_vector)
 .isr_vector    0x00000000       0xcc ./src/4_Inicializaciones/cr_startup_lpc175x_6x.o
                0x00000000                g_pfnVectors
                0x000000cc                . = ALIGN (0x4)
                0x000000cc                __section_table_start = .
                0x000000cc                __data_section_table = .
                0x000000cc        0x4 LONG 0x1c38 LOADADDR (.data)
                0x000000d0        0x4 LONG 0x10000000 ADDR (.data)
                0x000000d4        0x4 LONG 0xc SIZEOF (.data)
                0x000000d8        0x4 LONG 0x1c38 LOADADDR (.data_RAM2)
                0x000000dc        0x4 LONG 0x2007c000 ADDR (.data_RAM2)
                0x000000e0        0x4 LONG 0x0 SIZEOF (.data_RAM2)
                0x000000e4                __data_section_table_end = .
                0x000000e4                __bss_section_table = .
                0x000000e4        0x4 LONG 0x1000000c ADDR (.bss)
                0x000000e8        0x4 LONG 0x5c SIZEOF (.bss)
                0x000000ec        0x4 LONG 0x2007c000 ADDR (.bss_RAM2)
                0x000000f0        0x4 LONG 0x0 SIZEOF (.bss_RAM2)
                0x000000f4                __bss_section_table_end = .
                0x000000f4                __section_table_end = .
 *(.after_vectors*)
 .after_vectors
                0x000000f4      0x140 ./src/4_Inicializaciones/cr_startup_lpc175x_6x.o
                0x000000f4                data_init
                0x00000138                bss_init
                0x00000170                ResetISR
                0x000001e4                NMI_Handler
                0x000001ec                HardFault_Handler
                0x000001f4                MemManage_Handler
                0x000001fc                BusFault_Handler
                0x00000204                UsageFault_Handler
                0x0000020c                SVC_Handler
                0x00000214                DebugMon_Handler
                0x0000021c                PendSV_Handler
                0x0000022c                CANActivity_IRQHandler
                0x0000022c                TIMER3_IRQHandler
                0x0000022c                USBActivity_IRQHandler
                0x0000022c                EINT2_IRQHandler
                0x0000022c                IntDefaultHandler
                0x0000022c                PLL0_IRQHandler
                0x0000022c                CAN_IRQHandler
                0x0000022c                I2C0_IRQHandler
                0x0000022c                SSP0_IRQHandler
                0x0000022c                I2S_IRQHandler
                0x0000022c                I2C1_IRQHandler
                0x0000022c                RTC_IRQHandler
                0x0000022c                SPI_IRQHandler
                0x0000022c                RIT_IRQHandler
                0x0000022c                EINT1_IRQHandler
                0x0000022c                TIMER1_IRQHandler
                0x0000022c                UART2_IRQHandler
                0x0000022c                ADC_IRQHandler
                0x0000022c                SSP1_IRQHandler
                0x0000022c                USB_IRQHandler
                0x0000022c                BOD_IRQHandler
                0x0000022c                PWM1_IRQHandler
                0x0000022c                WDT_IRQHandler
                0x0000022c                I2C2_IRQHandler
                0x0000022c                QEI_IRQHandler
                0x0000022c                PLL1_IRQHandler
                0x0000022c                DMA_IRQHandler
                0x0000022c                TIMER2_IRQHandler
                0x0000022c                UART3_IRQHandler
                0x0000022c                MCPWM_IRQHandler
                0x0000022c                ENET_IRQHandler
 *(.text*)
 .text.Inicializar
                0x00000234       0x34 ./src/4_Inicializaciones/Inicializaciones.o
                0x00000234                Inicializar
 .text.InitSysTick
                0x00000268       0x40 ./src/4_Inicializaciones/Inicializaciones.o
                0x00000268                InitSysTick
 .text.InitAlerta
                0x000002a8       0x50 ./src/4_Inicializaciones/Inicializaciones.o
                0x000002a8                InitAlerta
 .text.InitAlarma
                0x000002f8       0x50 ./src/4_Inicializaciones/Inicializaciones.o
                0x000002f8                InitAlarma
 .text.InitUART0
                0x00000348       0x74 ./src/4_Inicializaciones/Inicializaciones.o
                0x00000348                InitUART0
 .text.InitUART1
                0x000003bc       0x74 ./src/4_Inicializaciones/Inicializaciones.o
                0x000003bc                InitUART1
 .text.InitGPIOs
                0x00000430       0xd8 ./src/4_Inicializaciones/Inicializaciones.o
                0x00000430                InitGPIOs
 .text.InitTeclado
                0x00000508       0xd0 ./src/4_Inicializaciones/Inicializaciones.o
                0x00000508                InitTeclado
 .text.InitDisplay
                0x000005d8       0x80 ./src/4_Inicializaciones/Inicializaciones.o
                0x000005d8                InitDisplay
 .text.Inicializar_Timer
                0x00000658       0x68 ./src/4_Inicializaciones/Inicializaciones.o
                0x00000658                Inicializar_Timer
 .text.Init_LCD
                0x000006c0      0x1e0 ./src/4_Inicializaciones/Inicializaciones.o
                0x000006c0                Init_LCD
 .text.InitPLL  0x000008a0      0x140 ./src/4_Inicializaciones/Oscilador_Config.o
                0x000008a0                InitPLL
 .text.Barrido_Teclado
                0x000009e0      0x2a0 ./src/3_Drivers/Funciones_Basicas.o
                0x000009e0                Barrido_Teclado
 .text.Validacion_Teclado
                0x00000c80       0x74 ./src/3_Drivers/Funciones_Basicas.o
                0x00000c80                Validacion_Teclado
 .text.Barrido_Display
                0x00000cf4       0xd0 ./src/3_Drivers/Funciones_Basicas.o
                0x00000cf4                Barrido_Display
 .text.Dato_LCD
                0x00000dc4       0xfc ./src/3_Drivers/Funciones_Basicas.o
                0x00000dc4                Dato_LCD
 .text.SysTick_Handler
                0x00000ec0       0x30 ./src/3_Drivers/Funciones_ISR.o
                0x00000ec0                SysTick_Handler
 .text.EINT0_IRQHandler
                0x00000ef0       0x28 ./src/3_Drivers/Funciones_ISR.o
                0x00000ef0                EINT0_IRQHandler
 .text.EINT3_IRQHandler
                0x00000f18       0x28 ./src/3_Drivers/Funciones_ISR.o
                0x00000f18                EINT3_IRQHandler
 .text.TIMER0_IRQHandler
                0x00000f40       0x3c ./src/3_Drivers/Funciones_ISR.o
                0x00000f40                TIMER0_IRQHandler
 .text.UART0_IRQHandler
                0x00000f7c       0x68 ./src/3_Drivers/Funciones_ISR.o
                0x00000f7c                UART0_IRQHandler
 .text.UART1_IRQHandler
                0x00000fe4       0x68 ./src/3_Drivers/Funciones_ISR.o
                0x00000fe4                UART1_IRQHandler
 .text.SetPINSEL
                0x0000104c       0x88 ./src/3_Drivers/Funciones_PINES.o
                0x0000104c                SetPINSEL
 .text.SetPINMODE
                0x000010d4       0x7c ./src/3_Drivers/Funciones_PINES.o
                0x000010d4                SetPINMODE
 .text.SetDIR   0x00001150       0x6c ./src/3_Drivers/Funciones_PINES.o
                0x00001150                SetDIR
 .text.SetPIN   0x000011bc       0x68 ./src/3_Drivers/Funciones_PINES.o
                0x000011bc                SetPIN
 .text.GetPIN   0x00001224       0x38 ./src/3_Drivers/Funciones_PINES.o
                0x00001224                GetPIN
 .text.PopTx0   0x0000125c       0x58 ./src/3_Drivers/Funciones_UART.o
                0x0000125c                PopTx0
 .text.PushRx0  0x000012b4       0x40 ./src/3_Drivers/Funciones_UART.o
                0x000012b4                PushRx0
 .text.PopTx1   0x000012f4       0x58 ./src/3_Drivers/Funciones_UART.o
                0x000012f4                PopTx1
 .text.PushRx1  0x0000134c       0x40 ./src/3_Drivers/Funciones_UART.o
                0x0000134c                PushRx1
 .text.Teclado  0x0000138c       0x30 ./src/2_Primitivas/Funciones.o
                0x0000138c                Teclado
 .text.Display_lcd
                0x000013bc       0x5c ./src/2_Primitivas/Funciones.o
                0x000013bc                Display_lcd
 .text.PushTx1  0x00001418       0x74 ./src/2_Primitivas/Funciones.o
                0x00001418                PushTx1
 .text.Transmitir1
                0x0000148c       0x34 ./src/2_Primitivas/Funciones.o
                0x0000148c                Transmitir1
 .text.Password
                0x000014c0      0x124 ./src/2_Primitivas/Funciones_de_Estados.o
                0x000014c0                Password
 .text.Check_Pass
                0x000015e4       0x60 ./src/2_Primitivas/Funciones_de_Estados.o
                0x000015e4                Check_Pass
 .text.Check_Sensores
                0x00001644       0x48 ./src/2_Primitivas/Funciones_de_Estados.o
                0x00001644                Check_Sensores
 .text.Activar_Sistema
                0x0000168c        0xc ./src/2_Primitivas/Funciones_de_Estados.o
                0x0000168c                Activar_Sistema
 .text.Desactivar_Sistema
                0x00001698       0x44 ./src/2_Primitivas/Funciones_de_Estados.o
                0x00001698                Desactivar_Sistema
 .text.Activar_Alerta
                0x000016dc       0x24 ./src/2_Primitivas/Funciones_de_Estados.o
                0x000016dc                Activar_Alerta
 .text.Desactivar_Alerta
                0x00001700       0x24 ./src/2_Primitivas/Funciones_de_Estados.o
                0x00001700                Desactivar_Alerta
 .text.Activar_Alarma
                0x00001724       0x30 ./src/2_Primitivas/Funciones_de_Estados.o
                0x00001724                Activar_Alarma
 .text.Desactivar_Alarma
                0x00001754       0x30 ./src/2_Primitivas/Funciones_de_Estados.o
                0x00001754                Desactivar_Alarma
 .text.Maquina_Sistema_Seguridad
                0x00001784      0x398 ./src/2_Primitivas/Maquina_Estado.o
                0x00001784                Maquina_Sistema_Seguridad
 .text.main     0x00001b1c       0x10 ./src/1_Aplicacion/main.o
                0x00001b1c                main
 .text.__weak_main
                0x00001b2c        0x4 c:/nxp/lpcxpresso_7.0.2_102/lpcxpresso/tools/bin/../lib/gcc/arm-none-eabi/4.8.3/../../../../arm-none-eabi/lib/armv7-m\libcr_c.a(__weak__main.o)
                0x00001b2c                __weak_main
                0x00001b2c                __main
 *(.rodata .rodata.* .constdata .constdata.*)
 .rodata        0x00001b30        0x4 ./src/3_Drivers/Funciones_ISR.o
 .rodata        0x00001b34       0x58 ./src/2_Primitivas/Funciones_de_Estados.o
 .rodata        0x00001b8c       0xac ./src/2_Primitivas/Maquina_Estado.o
                0x00001c38                . = ALIGN (0x4)

.glue_7         0x00001c38        0x0
 .glue_7        0x00000000        0x0 linker stubs

.glue_7t        0x00001c38        0x0
 .glue_7t       0x00000000        0x0 linker stubs

.vfp11_veneer   0x00001c38        0x0
 .vfp11_veneer  0x00000000        0x0 linker stubs

.v4_bx          0x00001c38        0x0
 .v4_bx         0x00000000        0x0 linker stubs

.iplt           0x00001c38        0x0
 .iplt          0x00000000        0x0 ./src/4_Inicializaciones/Inicializaciones.o

.rel.dyn        0x00001c38        0x0
 .rel.iplt      0x00000000        0x0 ./src/4_Inicializaciones/Inicializaciones.o

.ARM.extab
 *(.ARM.extab* .gnu.linkonce.armextab.*)
                0x00001c38                __exidx_start = .

.ARM.exidx
 *(.ARM.exidx* .gnu.linkonce.armexidx.*)
                0x00001c38                __exidx_end = .
                0x00001c38                _etext = .

.data_RAM2      0x2007c000        0x0 load address 0x00001c38
 FILL mask 0xff
 *(.ramfunc.$RAM2)
 *(.data.$RAM2*)
 *(.data.$RamAHB32*)
                0x2007c000                . = ALIGN (0x4)

.uninit_RESERVED
                0x10000000        0x0
 *(.bss.$RESERVED*)
                0x10000000                . = ALIGN (0x4)
                0x10000000                _end_uninit_RESERVED = .

.data           0x10000000        0xc load address 0x00001c38
 FILL mask 0xff
                0x10000000                _data = .
 *(vtable)
 *(.ramfunc*)
 *(.data*)
 .data.tecla_anterior.3755
                0x10000000        0x1 ./src/3_Drivers/Funciones_Basicas.o
 .data.cont.3756
                0x10000001        0x1 ./src/3_Drivers/Funciones_Basicas.o
 *fill*         0x10000002        0x2 
 .data.Pass     0x10000004        0x4 ./src/1_Aplicacion/main.o
                0x10000004                Pass
 .data.Buffer_Teclado
                0x10000008        0x1 ./src/1_Aplicacion/main.o
                0x10000008                Buffer_Teclado
                0x1000000c                . = ALIGN (0x4)
 *fill*         0x10000009        0x3 ff
                0x1000000c                _edata = .

.igot.plt       0x1000000c        0x0 load address 0x00001c44
 .igot.plt      0x00000000        0x0 ./src/4_Inicializaciones/Inicializaciones.o

.bss_RAM2       0x2007c000        0x0
 *(.bss.$RAM2*)
 *(.bss.$RamAHB32*)
                0x2007c000                . = ALIGN (0x4)

.bss            0x1000000c       0x5c
                0x1000000c                _bss = .
 *(.bss*)
 .bss.digito.3760
                0x1000000c        0x1 ./src/3_Drivers/Funciones_Basicas.o
 .bss.cont.3760
                0x1000000d        0x1 ./src/3_Drivers/Funciones_ISR.o
 .bss.i.3753    0x1000000e        0x1 ./src/2_Primitivas/Funciones_de_Estados.o
 .bss.Estado    0x1000000f        0x1 ./src/1_Aplicacion/main.o
                0x1000000f                Estado
 .bss.Sensor_Peso
                0x10000010        0x1 ./src/1_Aplicacion/main.o
                0x10000010                Sensor_Peso
 .bss.Sensor_Infrarrojo
                0x10000011        0x1 ./src/1_Aplicacion/main.o
                0x10000011                Sensor_Infrarrojo
 *(COMMON)
 *fill*         0x10000012        0x2 
 COMMON         0x10000014       0x54 ./src/1_Aplicacion/main.o
                0x10000014                enviando0
                0x10000015                inx_out
                0x10000018                bufferTx0
                0x10000028                tecla
                0x1000002c                bufferTx1
                0x1000003c                Buffer_Display
                0x10000042                inx_in
                0x10000044                bufferRx1
                0x10000054                enviando1
                0x10000058                bufferRx0
                0x10000068                . = ALIGN (0x4)
                0x10000068                _ebss = .
                0x10000068                PROVIDE (end, .)

.noinit_RAM2    0x2007c000        0x0
 *(.noinit.$RAM2*)
 *(.noinit.$RamAHB32*)
                0x2007c000                . = ALIGN (0x4)

.noinit         0x10000068        0x0
                0x10000068                _noinit = .
 *(.noinit*)
                0x10000068                . = ALIGN (0x4)
                0x10000068                _end_noinit = .
                0x10000068                PROVIDE (_pvHeapStart, .)
                0x10008000                PROVIDE (_vStackTop, (__top_RamLoc32 - 0x0))
OUTPUT(Sistema_Seguridad_v9.axf elf32-littlearm)

.debug_info     0x00000000     0x11c6
 .debug_info    0x00000000      0x204 ./src/4_Inicializaciones/Inicializaciones.o
 .debug_info    0x00000204       0x6b ./src/4_Inicializaciones/Oscilador_Config.o
 .debug_info    0x0000026f      0x24b ./src/4_Inicializaciones/cr_startup_lpc175x_6x.o
 .debug_info    0x000004ba      0x184 ./src/3_Drivers/Funciones_Basicas.o
 .debug_info    0x0000063e      0x14f ./src/3_Drivers/Funciones_ISR.o
 .debug_info    0x0000078d      0x255 ./src/3_Drivers/Funciones_PINES.o
 .debug_info    0x000009e2      0x142 ./src/3_Drivers/Funciones_UART.o
 .debug_info    0x00000b24      0x2dd ./src/2_Primitivas/Funciones.o
 .debug_info    0x00000e01      0x187 ./src/2_Primitivas/Funciones_de_Estados.o
 .debug_info    0x00000f88       0x9d ./src/2_Primitivas/Maquina_Estado.o
 .debug_info    0x00001025      0x1a1 ./src/1_Aplicacion/main.o

.debug_abbrev   0x00000000      0x7c4
 .debug_abbrev  0x00000000       0xe8 ./src/4_Inicializaciones/Inicializaciones.o
 .debug_abbrev  0x000000e8       0x4e ./src/4_Inicializaciones/Oscilador_Config.o
 .debug_abbrev  0x00000136       0xf5 ./src/4_Inicializaciones/cr_startup_lpc175x_6x.o
 .debug_abbrev  0x0000022b       0xba ./src/3_Drivers/Funciones_Basicas.o
 .debug_abbrev  0x000002e5       0xaf ./src/3_Drivers/Funciones_ISR.o
 .debug_abbrev  0x00000394       0x97 ./src/3_Drivers/Funciones_PINES.o
 .debug_abbrev  0x0000042b       0xb1 ./src/3_Drivers/Funciones_UART.o
 .debug_abbrev  0x000004dc      0x113 ./src/2_Primitivas/Funciones.o
 .debug_abbrev  0x000005ef       0xee ./src/2_Primitivas/Funciones_de_Estados.o
 .debug_abbrev  0x000006dd       0x69 ./src/2_Primitivas/Maquina_Estado.o
 .debug_abbrev  0x00000746       0x7e ./src/1_Aplicacion/main.o

.debug_aranges  0x00000000      0x330
 .debug_aranges
                0x00000000       0x78 ./src/4_Inicializaciones/Inicializaciones.o
 .debug_aranges
                0x00000078       0x20 ./src/4_Inicializaciones/Oscilador_Config.o
 .debug_aranges
                0x00000098       0x80 ./src/4_Inicializaciones/cr_startup_lpc175x_6x.o
 .debug_aranges
                0x00000118       0x38 ./src/3_Drivers/Funciones_Basicas.o
 .debug_aranges
                0x00000150       0x48 ./src/3_Drivers/Funciones_ISR.o
 .debug_aranges
                0x00000198       0x50 ./src/3_Drivers/Funciones_PINES.o
 .debug_aranges
                0x000001e8       0x38 ./src/3_Drivers/Funciones_UART.o
 .debug_aranges
                0x00000220       0x68 ./src/2_Primitivas/Funciones.o
 .debug_aranges
                0x00000288       0x68 ./src/2_Primitivas/Funciones_de_Estados.o
 .debug_aranges
                0x000002f0       0x20 ./src/2_Primitivas/Maquina_Estado.o
 .debug_aranges
                0x00000310       0x20 ./src/1_Aplicacion/main.o

.debug_ranges   0x00000000      0x280
 .debug_ranges  0x00000000       0x68 ./src/4_Inicializaciones/Inicializaciones.o
 .debug_ranges  0x00000068       0x10 ./src/4_Inicializaciones/Oscilador_Config.o
 .debug_ranges  0x00000078       0x70 ./src/4_Inicializaciones/cr_startup_lpc175x_6x.o
 .debug_ranges  0x000000e8       0x28 ./src/3_Drivers/Funciones_Basicas.o
 .debug_ranges  0x00000110       0x38 ./src/3_Drivers/Funciones_ISR.o
 .debug_ranges  0x00000148       0x40 ./src/3_Drivers/Funciones_PINES.o
 .debug_ranges  0x00000188       0x28 ./src/3_Drivers/Funciones_UART.o
 .debug_ranges  0x000001b0       0x58 ./src/2_Primitivas/Funciones.o
 .debug_ranges  0x00000208       0x58 ./src/2_Primitivas/Funciones_de_Estados.o
 .debug_ranges  0x00000260       0x10 ./src/2_Primitivas/Maquina_Estado.o
 .debug_ranges  0x00000270       0x10 ./src/1_Aplicacion/main.o

.debug_macro    0x00000000     0x18b3
 .debug_macro   0x00000000       0x36 ./src/4_Inicializaciones/Inicializaciones.o
 .debug_macro   0x00000036      0x856 ./src/4_Inicializaciones/Inicializaciones.o
 .debug_macro   0x0000088c       0xf4 ./src/4_Inicializaciones/Inicializaciones.o
 .debug_macro   0x00000980      0x935 ./src/4_Inicializaciones/Inicializaciones.o
 .debug_macro   0x000012b5      0x373 ./src/4_Inicializaciones/Inicializaciones.o
 .debug_macro   0x00001628       0x36 ./src/4_Inicializaciones/Oscilador_Config.o
 .debug_macro   0x0000165e       0x1d ./src/4_Inicializaciones/cr_startup_lpc175x_6x.o
 .debug_macro   0x0000167b       0x36 ./src/3_Drivers/Funciones_Basicas.o
 .debug_macro   0x000016b1       0x36 ./src/3_Drivers/Funciones_ISR.o
 .debug_macro   0x000016e7       0x36 ./src/3_Drivers/Funciones_PINES.o
 .debug_macro   0x0000171d       0x36 ./src/3_Drivers/Funciones_UART.o
 .debug_macro   0x00001753       0x36 ./src/2_Primitivas/Funciones.o
 .debug_macro   0x00001789       0x36 ./src/2_Primitivas/Funciones_de_Estados.o
 .debug_macro   0x000017bf       0x36 ./src/2_Primitivas/Maquina_Estado.o
 .debug_macro   0x000017f5       0x48 ./src/1_Aplicacion/main.o
 .debug_macro   0x0000183d       0x76 ./src/1_Aplicacion/main.o

.debug_line     0x00000000     0x1175
 .debug_line    0x00000000      0x28a ./src/4_Inicializaciones/Inicializaciones.o
 .debug_line    0x0000028a      0x139 ./src/4_Inicializaciones/Oscilador_Config.o
 .debug_line    0x000003c3       0xef ./src/4_Inicializaciones/cr_startup_lpc175x_6x.o
 .debug_line    0x000004b2      0x1cd ./src/3_Drivers/Funciones_Basicas.o
 .debug_line    0x0000067f      0x162 ./src/3_Drivers/Funciones_ISR.o
 .debug_line    0x000007e1      0x17a ./src/3_Drivers/Funciones_PINES.o
 .debug_line    0x0000095b      0x12e ./src/3_Drivers/Funciones_UART.o
 .debug_line    0x00000a89      0x20a ./src/2_Primitivas/Funciones.o
 .debug_line    0x00000c93      0x1e9 ./src/2_Primitivas/Funciones_de_Estados.o
 .debug_line    0x00000e7c      0x16a ./src/2_Primitivas/Maquina_Estado.o
 .debug_line    0x00000fe6      0x18f ./src/1_Aplicacion/main.o

.debug_str      0x00000000     0x5287
 .debug_str     0x00000000     0x4750 ./src/4_Inicializaciones/Inicializaciones.o
                               0x47c8 (size before relaxing)
 .debug_str     0x00004750       0x35 ./src/4_Inicializaciones/Oscilador_Config.o
                               0x46da (size before relaxing)
 .debug_str     0x00004785      0x1de ./src/4_Inicializaciones/cr_startup_lpc175x_6x.o
                               0x25c6 (size before relaxing)
 .debug_str     0x00004963       0xe2 ./src/3_Drivers/Funciones_Basicas.o
                               0x4773 (size before relaxing)
 .debug_str     0x00004a45       0xae ./src/3_Drivers/Funciones_ISR.o
                               0x4770 (size before relaxing)
 .debug_str     0x00004af3       0x8e ./src/3_Drivers/Funciones_PINES.o
                               0x4741 (size before relaxing)
 .debug_str     0x00004b81       0x77 ./src/3_Drivers/Funciones_UART.o
                               0x471e (size before relaxing)
 .debug_str     0x00004bf8       0x88 ./src/2_Primitivas/Funciones.o
                               0x47c1 (size before relaxing)
 .debug_str     0x00004c80       0xd1 ./src/2_Primitivas/Funciones_de_Estados.o
                               0x4794 (size before relaxing)
 .debug_str     0x00004d51       0x5f ./src/2_Primitivas/Maquina_Estado.o
                               0x4716 (size before relaxing)
 .debug_str     0x00004db0      0x4d7 ./src/1_Aplicacion/main.o
                               0x4c12 (size before relaxing)

.comment        0x00000000       0x70
 .comment       0x00000000       0x70 ./src/4_Inicializaciones/Inicializaciones.o
                                 0x71 (size before relaxing)
 .comment       0x00000000       0x71 ./src/4_Inicializaciones/Oscilador_Config.o
 .comment       0x00000000       0x71 ./src/4_Inicializaciones/cr_startup_lpc175x_6x.o
 .comment       0x00000000       0x71 ./src/3_Drivers/Funciones_Basicas.o
 .comment       0x00000000       0x71 ./src/3_Drivers/Funciones_ISR.o
 .comment       0x00000000       0x71 ./src/3_Drivers/Funciones_PINES.o
 .comment       0x00000000       0x71 ./src/3_Drivers/Funciones_UART.o
 .comment       0x00000000       0x71 ./src/2_Primitivas/Funciones.o
 .comment       0x00000000       0x71 ./src/2_Primitivas/Funciones_de_Estados.o
 .comment       0x00000000       0x71 ./src/2_Primitivas/Maquina_Estado.o
 .comment       0x00000000       0x71 ./src/1_Aplicacion/main.o
 .comment       0x00000000       0x71 c:/nxp/lpcxpresso_7.0.2_102/lpcxpresso/tools/bin/../lib/gcc/arm-none-eabi/4.8.3/../../../../arm-none-eabi/lib/armv7-m\libcr_c.a(__weak__main.o)

.ARM.attributes
                0x00000000       0x33
 .ARM.attributes
                0x00000000       0x33 ./src/4_Inicializaciones/Inicializaciones.o
 .ARM.attributes
                0x00000033       0x33 ./src/4_Inicializaciones/Oscilador_Config.o
 .ARM.attributes
                0x00000066       0x33 ./src/4_Inicializaciones/cr_startup_lpc175x_6x.o
 .ARM.attributes
                0x00000099       0x33 ./src/3_Drivers/Funciones_Basicas.o
 .ARM.attributes
                0x000000cc       0x33 ./src/3_Drivers/Funciones_ISR.o
 .ARM.attributes
                0x000000ff       0x33 ./src/3_Drivers/Funciones_PINES.o
 .ARM.attributes
                0x00000132       0x33 ./src/3_Drivers/Funciones_UART.o
 .ARM.attributes
                0x00000165       0x33 ./src/2_Primitivas/Funciones.o
 .ARM.attributes
                0x00000198       0x33 ./src/2_Primitivas/Funciones_de_Estados.o
 .ARM.attributes
                0x000001cb       0x33 ./src/2_Primitivas/Maquina_Estado.o
 .ARM.attributes
                0x000001fe       0x33 ./src/1_Aplicacion/main.o
 .ARM.attributes
                0x00000231       0x33 c:/nxp/lpcxpresso_7.0.2_102/lpcxpresso/tools/bin/../lib/gcc/arm-none-eabi/4.8.3/../../../../arm-none-eabi/lib/armv7-m\libcr_c.a(__weak__main.o)

.debug_frame    0x00000000      0x838
 .debug_frame   0x00000000      0x15c ./src/4_Inicializaciones/Inicializaciones.o
 .debug_frame   0x0000015c       0x28 ./src/4_Inicializaciones/Oscilador_Config.o
 .debug_frame   0x00000184      0x158 ./src/4_Inicializaciones/cr_startup_lpc175x_6x.o
 .debug_frame   0x000002dc       0x8c ./src/3_Drivers/Funciones_Basicas.o
 .debug_frame   0x00000368       0xb8 ./src/3_Drivers/Funciones_ISR.o
 .debug_frame   0x00000420       0xd4 ./src/3_Drivers/Funciones_PINES.o
 .debug_frame   0x000004f4       0x80 ./src/3_Drivers/Funciones_UART.o
 .debug_frame   0x00000574      0x138 ./src/2_Primitivas/Funciones.o
 .debug_frame   0x000006ac      0x130 ./src/2_Primitivas/Funciones_de_Estados.o
 .debug_frame   0x000007dc       0x30 ./src/2_Primitivas/Maquina_Estado.o
 .debug_frame   0x0000080c       0x2c ./src/1_Aplicacion/main.o
