Archive member included because of file (symbol)

c:/nxp/lpcxpresso_7.0.2_102/lpcxpresso/tools/bin/../lib/gcc/arm-none-eabi/4.8.3/../../../../arm-none-eabi/lib/armv7-m\libcr_c.a(__weak__main.o)
                              ./src/4_Inicializaciones/cr_startup_lpc175x_6x.o (__main)

Allocating common symbols
Common symbol       size              file

bufferRx            0x10              ./src/1_Aplicacion/main.o
inx_out             0x1               ./src/1_Aplicacion/main.o
tecla               0x1               ./src/1_Aplicacion/main.o
Buffer_Display      0x6               ./src/1_Aplicacion/main.o
inx_in              0x1               ./src/1_Aplicacion/main.o
enviando            0x1               ./src/1_Aplicacion/main.o
bufferTx            0x10              ./src/1_Aplicacion/main.o

Discarded input sections

 .text          0x00000000        0x0 ./src/4_Inicializaciones/Inicializaciones.o
 .data          0x00000000        0x0 ./src/4_Inicializaciones/Inicializaciones.o
 .bss           0x00000000        0x0 ./src/4_Inicializaciones/Inicializaciones.o
 .text.InitUART0
                0x00000000       0x64 ./src/4_Inicializaciones/Inicializaciones.o
 .text          0x00000000        0x0 ./src/4_Inicializaciones/Oscilador_Config.o
 .data          0x00000000        0x0 ./src/4_Inicializaciones/Oscilador_Config.o
 .bss           0x00000000        0x0 ./src/4_Inicializaciones/Oscilador_Config.o
 .text          0x00000000        0x0 ./src/4_Inicializaciones/cr_startup_lpc175x_6x.o
 .data          0x00000000        0x0 ./src/4_Inicializaciones/cr_startup_lpc175x_6x.o
 .bss           0x00000000        0x0 ./src/4_Inicializaciones/cr_startup_lpc175x_6x.o
 .text          0x00000000        0x0 ./src/4_Inicializaciones/crp.o
 .data          0x00000000        0x0 ./src/4_Inicializaciones/crp.o
 .bss           0x00000000        0x0 ./src/4_Inicializaciones/crp.o
 .crp           0x00000000        0x4 ./src/4_Inicializaciones/crp.o
 .debug_info    0x00000000       0x3b ./src/4_Inicializaciones/crp.o
 .debug_abbrev  0x00000000       0x33 ./src/4_Inicializaciones/crp.o
 .debug_aranges
                0x00000000       0x18 ./src/4_Inicializaciones/crp.o
 .debug_line    0x00000000       0x40 ./src/4_Inicializaciones/crp.o
 .debug_str     0x00000000      0x13e ./src/4_Inicializaciones/crp.o
 .comment       0x00000000       0x71 ./src/4_Inicializaciones/crp.o
 .ARM.attributes
                0x00000000       0x33 ./src/4_Inicializaciones/crp.o
 .text          0x00000000        0x0 ./src/3_Drivers/Funciones_Basicas.o
 .data          0x00000000        0x0 ./src/3_Drivers/Funciones_Basicas.o
 .bss           0x00000000        0x0 ./src/3_Drivers/Funciones_Basicas.o
 .text.Barrido_Display
                0x00000000      0x14c ./src/3_Drivers/Funciones_Basicas.o
 .bss.digito.3735
                0x00000000        0x1 ./src/3_Drivers/Funciones_Basicas.o
 .text          0x00000000        0x0 ./src/3_Drivers/Funciones_ISR.o
 .data          0x00000000        0x0 ./src/3_Drivers/Funciones_ISR.o
 .bss           0x00000000        0x0 ./src/3_Drivers/Funciones_ISR.o
 .text          0x00000000        0x0 ./src/3_Drivers/Funciones_PINES.o
 .data          0x00000000        0x0 ./src/3_Drivers/Funciones_PINES.o
 .bss           0x00000000        0x0 ./src/3_Drivers/Funciones_PINES.o
 .text.ConfigPIN
                0x00000000       0x58 ./src/3_Drivers/Funciones_PINES.o
 .text.ConfigSALIDA
                0x00000000       0x5c ./src/3_Drivers/Funciones_PINES.o
 .text          0x00000000        0x0 ./src/3_Drivers/Funciones_UART.o
 .data          0x00000000        0x0 ./src/3_Drivers/Funciones_UART.o
 .bss           0x00000000        0x0 ./src/3_Drivers/Funciones_UART.o
 .text          0x00000000        0x0 ./src/2_Primitivas/Funciones.o
 .data          0x00000000        0x0 ./src/2_Primitivas/Funciones.o
 .bss           0x00000000        0x0 ./src/2_Primitivas/Funciones.o
 .text.Display_7Seg
                0x00000000       0x58 ./src/2_Primitivas/Funciones.o
 .text.PushTx   0x00000000       0x40 ./src/2_Primitivas/Funciones.o
 .text.PopRx    0x00000000       0x2c ./src/2_Primitivas/Funciones.o
 .text.Enviartecla
                0x00000000       0x1e ./src/2_Primitivas/Funciones.o
 .text.Recibir  0x00000000       0x54 ./src/2_Primitivas/Funciones.o
 .rodata        0x00000000        0xa ./src/2_Primitivas/Funciones.o
 .bss.dato.3759
                0x00000000        0x1 ./src/2_Primitivas/Funciones.o
 .bss.estado.3758
                0x00000000        0x1 ./src/2_Primitivas/Funciones.o
 .text          0x00000000        0x0 ./src/2_Primitivas/Funciones_de_Estados.o
 .data          0x00000000        0x0 ./src/2_Primitivas/Funciones_de_Estados.o
 .bss           0x00000000        0x0 ./src/2_Primitivas/Funciones_de_Estados.o
 .text          0x00000000        0x0 ./src/2_Primitivas/Maquina_Estado.o
 .data          0x00000000        0x0 ./src/2_Primitivas/Maquina_Estado.o
 .bss           0x00000000        0x0 ./src/2_Primitivas/Maquina_Estado.o
 .text          0x00000000        0x0 ./src/1_Aplicacion/main.o
 .data          0x00000000        0x0 ./src/1_Aplicacion/main.o
 .bss           0x00000000        0x0 ./src/1_Aplicacion/main.o
 .text          0x00000000        0x0 c:/nxp/lpcxpresso_7.0.2_102/lpcxpresso/tools/bin/../lib/gcc/arm-none-eabi/4.8.3/../../../../arm-none-eabi/lib/armv7-m\libcr_c.a(__weak__main.o)
 .data          0x00000000        0x0 c:/nxp/lpcxpresso_7.0.2_102/lpcxpresso/tools/bin/../lib/gcc/arm-none-eabi/4.8.3/../../../../arm-none-eabi/lib/armv7-m\libcr_c.a(__weak__main.o)
 .bss           0x00000000        0x0 c:/nxp/lpcxpresso_7.0.2_102/lpcxpresso/tools/bin/../lib/gcc/arm-none-eabi/4.8.3/../../../../arm-none-eabi/lib/armv7-m\libcr_c.a(__weak__main.o)

Memory Configuration

Name             Origin             Length             Attributes
MFlash512        0x00000000         0x00080000         xr
RamLoc32         0x10000000         0x00008000         xrw
RamAHB32         0x2007c000         0x00008000         xrw
*default*        0x00000000         0xffffffff

Linker script and memory map

LOAD ./src/4_Inicializaciones/Inicializaciones.o
LOAD ./src/4_Inicializaciones/Oscilador_Config.o
LOAD ./src/4_Inicializaciones/cr_startup_lpc175x_6x.o
LOAD ./src/4_Inicializaciones/crp.o
LOAD ./src/3_Drivers/Funciones_Basicas.o
LOAD ./src/3_Drivers/Funciones_ISR.o
LOAD ./src/3_Drivers/Funciones_PINES.o
LOAD ./src/3_Drivers/Funciones_UART.o
LOAD ./src/2_Primitivas/Funciones.o
LOAD ./src/2_Primitivas/Funciones_de_Estados.o
LOAD ./src/2_Primitivas/Maquina_Estado.o
LOAD ./src/1_Aplicacion/main.o
START GROUP
LOAD c:/nxp/lpcxpresso_7.0.2_102/lpcxpresso/tools/bin/../lib/gcc/arm-none-eabi/4.8.3/../../../../arm-none-eabi/lib/armv7-m\libcr_c.a
LOAD c:/nxp/lpcxpresso_7.0.2_102/lpcxpresso/tools/bin/../lib/gcc/arm-none-eabi/4.8.3/armv7-m\libcr_eabihelpers.a
END GROUP
                0x00080000                __top_MFlash512 = 0x80000
                0x10008000                __top_RamLoc32 = 0x10008000
                0x20084000                __top_RamAHB32 = 0x20084000

.text           0x00000000      0x9e0
 FILL mask 0xff
                0x00000000                __vectors_start__ = ABSOLUTE (.)
 *(.isr_vector)
 .isr_vector    0x00000000       0xcc ./src/4_Inicializaciones/cr_startup_lpc175x_6x.o
                0x00000000                g_pfnVectors
                0x000000cc                . = ALIGN (0x4)
                0x000000cc                __section_table_start = .
                0x000000cc                __data_section_table = .
                0x000000cc        0x4 LONG 0x9e0 LOADADDR (.data)
                0x000000d0        0x4 LONG 0x10000000 ADDR (.data)
                0x000000d4        0x4 LONG 0x8 SIZEOF (.data)
                0x000000d8        0x4 LONG 0x9e0 LOADADDR (.data_RAM2)
                0x000000dc        0x4 LONG 0x2007c000 ADDR (.data_RAM2)
                0x000000e0        0x4 LONG 0x0 SIZEOF (.data_RAM2)
                0x000000e4                __data_section_table_end = .
                0x000000e4                __bss_section_table = .
                0x000000e4        0x4 LONG 0x10000008 ADDR (.bss)
                0x000000e8        0x4 LONG 0x30 SIZEOF (.bss)
                0x000000ec        0x4 LONG 0x2007c000 ADDR (.bss_RAM2)
                0x000000f0        0x4 LONG 0x0 SIZEOF (.bss_RAM2)
                0x000000f4                __bss_section_table_end = .
                0x000000f4                __section_table_end = .
 *(.after_vectors*)
 .after_vectors
                0x000000f4       0x74 ./src/4_Inicializaciones/cr_startup_lpc175x_6x.o
                0x000000f4                NMI_Handler
                0x000000f6                HardFault_Handler
                0x000000f8                MemManage_Handler
                0x000000fa                BusFault_Handler
                0x000000fc                UsageFault_Handler
                0x000000fe                SVC_Handler
                0x00000100                DebugMon_Handler
                0x00000102                PendSV_Handler
                0x00000106                USBActivity_IRQHandler
                0x00000106                I2C1_IRQHandler
                0x00000106                EINT2_IRQHandler
                0x00000106                UART1_IRQHandler
                0x00000106                CANActivity_IRQHandler
                0x00000106                TIMER3_IRQHandler
                0x00000106                MCPWM_IRQHandler
                0x00000106                I2C0_IRQHandler
                0x00000106                IntDefaultHandler
                0x00000106                PLL0_IRQHandler
                0x00000106                RIT_IRQHandler
                0x00000106                PLL1_IRQHandler
                0x00000106                SSP0_IRQHandler
                0x00000106                I2S_IRQHandler
                0x00000106                I2C2_IRQHandler
                0x00000106                RTC_IRQHandler
                0x00000106                TIMER0_IRQHandler
                0x00000106                SPI_IRQHandler
                0x00000106                UART3_IRQHandler
                0x00000106                EINT1_IRQHandler
                0x00000106                TIMER1_IRQHandler
                0x00000106                UART2_IRQHandler
                0x00000106                ADC_IRQHandler
                0x00000106                SSP1_IRQHandler
                0x00000106                USB_IRQHandler
                0x00000106                BOD_IRQHandler
                0x00000106                PWM1_IRQHandler
                0x00000106                WDT_IRQHandler
                0x00000106                CAN_IRQHandler
                0x00000106                QEI_IRQHandler
                0x00000106                TIMER2_IRQHandler
                0x00000106                DMA_IRQHandler
                0x00000106                ENET_IRQHandler
                0x00000108                data_init
                0x0000011a                bss_init
                0x0000012a                ResetISR
 *(.text*)
 .text.InitSysTick
                0x00000168       0x2c ./src/4_Inicializaciones/Inicializaciones.o
                0x00000168                InitSysTick
 .text.InitAlerta
                0x00000194       0x40 ./src/4_Inicializaciones/Inicializaciones.o
                0x00000194                InitAlerta
 .text.InitAlarma
                0x000001d4       0x40 ./src/4_Inicializaciones/Inicializaciones.o
                0x000001d4                InitAlarma
 .text.InitGPIOs
                0x00000214       0xd8 ./src/4_Inicializaciones/Inicializaciones.o
                0x00000214                InitGPIOs
 .text.InitTeclado
                0x000002ec       0x42 ./src/4_Inicializaciones/Inicializaciones.o
                0x000002ec                InitTeclado
 .text.InitDisplay
                0x0000032e      0x11e ./src/4_Inicializaciones/Inicializaciones.o
                0x0000032e                InitDisplay
 .text.Inicializar
                0x0000044c       0x22 ./src/4_Inicializaciones/Inicializaciones.o
                0x0000044c                Inicializar
 *fill*         0x0000046e        0x2 
 .text.InitPLL  0x00000470        0xc ./src/4_Inicializaciones/Oscilador_Config.o
                0x00000470                InitPLL
 .text.Barrido_Teclado
                0x0000047c       0x22 ./src/3_Drivers/Funciones_Basicas.o
                0x0000047c                Barrido_Teclado
 *fill*         0x0000049e        0x2 
 .text.Validacion_Teclado
                0x000004a0       0x40 ./src/3_Drivers/Funciones_Basicas.o
                0x000004a0                Validacion_Teclado
 .text.SysTick_Handler
                0x000004e0        0x4 ./src/3_Drivers/Funciones_ISR.o
                0x000004e0                SysTick_Handler
 .text.EINT0_IRQHandler
                0x000004e4       0x1c ./src/3_Drivers/Funciones_ISR.o
                0x000004e4                EINT0_IRQHandler
 .text.EINT3_IRQHandler
                0x00000500       0x1c ./src/3_Drivers/Funciones_ISR.o
                0x00000500                EINT3_IRQHandler
 .text.UART0_IRQHandler
                0x0000051c       0x44 ./src/3_Drivers/Funciones_ISR.o
                0x0000051c                UART0_IRQHandler
 .text.SetPINSEL
                0x00000560       0x32 ./src/3_Drivers/Funciones_PINES.o
                0x00000560                SetPINSEL
 *fill*         0x00000592        0x2 
 .text.SetPINMODE
                0x00000594       0x38 ./src/3_Drivers/Funciones_PINES.o
                0x00000594                SetPINMODE
 .text.SetDIR   0x000005cc       0x22 ./src/3_Drivers/Funciones_PINES.o
                0x000005cc                SetDIR
 *fill*         0x000005ee        0x2 
 .text.SetPIN   0x000005f0       0x20 ./src/3_Drivers/Funciones_PINES.o
                0x000005f0                SetPIN
 .text.GetPIN   0x00000610       0x14 ./src/3_Drivers/Funciones_PINES.o
                0x00000610                GetPIN
 .text.PopTx    0x00000624       0x2c ./src/3_Drivers/Funciones_UART.o
                0x00000624                PopTx
 .text.PushRx   0x00000650       0x1c ./src/3_Drivers/Funciones_UART.o
                0x00000650                PushRx
 .text.Teclado  0x0000066c       0x14 ./src/2_Primitivas/Funciones.o
                0x0000066c                Teclado
 .text.Check_Pass
                0x00000680       0x38 ./src/2_Primitivas/Funciones_de_Estados.o
                0x00000680                Check_Pass
 .text.Password
                0x000006b8       0x88 ./src/2_Primitivas/Funciones_de_Estados.o
                0x000006b8                Password
 .text.Check_Sensores
                0x00000740       0x2c ./src/2_Primitivas/Funciones_de_Estados.o
                0x00000740                Check_Sensores
 .text.Activar_Sistema
                0x0000076c        0x2 ./src/2_Primitivas/Funciones_de_Estados.o
                0x0000076c                Activar_Sistema
 *fill*         0x0000076e        0x2 
 .text.Desactivar_Sistema
                0x00000770       0x40 ./src/2_Primitivas/Funciones_de_Estados.o
                0x00000770                Desactivar_Sistema
 .text.Activar_Alerta
                0x000007b0       0x24 ./src/2_Primitivas/Funciones_de_Estados.o
                0x000007b0                Activar_Alerta
 .text.Desactivar_Alerta
                0x000007d4       0x24 ./src/2_Primitivas/Funciones_de_Estados.o
                0x000007d4                Desactivar_Alerta
 .text.Activar_Alarma
                0x000007f8       0x2e ./src/2_Primitivas/Funciones_de_Estados.o
                0x000007f8                Activar_Alarma
 .text.Desactivar_Alarma
                0x00000826       0x2e ./src/2_Primitivas/Funciones_de_Estados.o
                0x00000826                Desactivar_Alarma
 .text.Maquina_Sistema_Seguridad
                0x00000854      0x17c ./src/2_Primitivas/Maquina_Estado.o
                0x00000854                Maquina_Sistema_Seguridad
 .text.startup.main
                0x000009d0        0xc ./src/1_Aplicacion/main.o
                0x000009d0                main
 .text.__weak_main
                0x000009dc        0x4 c:/nxp/lpcxpresso_7.0.2_102/lpcxpresso/tools/bin/../lib/gcc/arm-none-eabi/4.8.3/../../../../arm-none-eabi/lib/armv7-m\libcr_c.a(__weak__main.o)
                0x000009dc                __weak_main
                0x000009dc                __main
 *(.rodata .rodata.* .constdata .constdata.*)
                0x000009e0                . = ALIGN (0x4)

.glue_7         0x000009e0        0x0
 .glue_7        0x00000000        0x0 linker stubs

.glue_7t        0x000009e0        0x0
 .glue_7t       0x00000000        0x0 linker stubs

.vfp11_veneer   0x000009e0        0x0
 .vfp11_veneer  0x00000000        0x0 linker stubs

.v4_bx          0x000009e0        0x0
 .v4_bx         0x00000000        0x0 linker stubs

.iplt           0x000009e0        0x0
 .iplt          0x00000000        0x0 ./src/4_Inicializaciones/Inicializaciones.o

.rel.dyn        0x000009e0        0x0
 .rel.iplt      0x00000000        0x0 ./src/4_Inicializaciones/Inicializaciones.o

.ARM.extab
 *(.ARM.extab* .gnu.linkonce.armextab.*)
                0x000009e0                __exidx_start = .

.ARM.exidx
 *(.ARM.exidx* .gnu.linkonce.armexidx.*)
                0x000009e0                __exidx_end = .
                0x000009e0                _etext = .

.data_RAM2      0x2007c000        0x0 load address 0x000009e0
 FILL mask 0xff
 *(.ramfunc.$RAM2)
 *(.data.$RAM2*)
 *(.data.$RamAHB32*)
                0x2007c000                . = ALIGN (0x4)

.uninit_RESERVED
                0x10000000        0x0
 *(.bss.$RESERVED*)
                0x10000000                . = ALIGN (0x4)
                0x10000000                _end_uninit_RESERVED = .

.data           0x10000000        0x8 load address 0x000009e0
 FILL mask 0xff
                0x10000000                _data = .
 *(vtable)
 *(.ramfunc*)
 *(.data*)
 .data.cont.3731
                0x10000000        0x1 ./src/3_Drivers/Funciones_Basicas.o
 .data.tecla_anterior.3730
                0x10000001        0x1 ./src/3_Drivers/Funciones_Basicas.o
 .data.Estado   0x10000002        0x1 ./src/1_Aplicacion/main.o
                0x10000002                Estado
 .data.Pass     0x10000003        0x2 ./src/1_Aplicacion/main.o
                0x10000003                Pass
 .data.Buffer_Teclado
                0x10000005        0x1 ./src/1_Aplicacion/main.o
                0x10000005                Buffer_Teclado
                0x10000008                . = ALIGN (0x4)
 *fill*         0x10000006        0x2 ff
                0x10000008                _edata = .

.igot.plt       0x10000008        0x0 load address 0x000009e8
 .igot.plt      0x00000000        0x0 ./src/4_Inicializaciones/Inicializaciones.o

.bss_RAM2       0x2007c000        0x0
 *(.bss.$RAM2*)
 *(.bss.$RamAHB32*)
                0x2007c000                . = ALIGN (0x4)

.bss            0x10000008       0x30
                0x10000008                _bss = .
 *(.bss*)
 .bss.i.3728    0x10000008        0x1 ./src/2_Primitivas/Funciones_de_Estados.o
 .bss.Sensor_Peso
                0x10000009        0x1 ./src/1_Aplicacion/main.o
                0x10000009                Sensor_Peso
 .bss.Sensor_Infrarrojo
                0x1000000a        0x1 ./src/1_Aplicacion/main.o
                0x1000000a                Sensor_Infrarrojo
 *(COMMON)
 COMMON         0x1000000b       0x2a ./src/1_Aplicacion/main.o
                0x1000000b                bufferRx
                0x1000001b                inx_out
                0x1000001c                tecla
                0x1000001d                Buffer_Display
                0x10000023                inx_in
                0x10000024                enviando
                0x10000025                bufferTx
                0x10000038                . = ALIGN (0x4)
 *fill*         0x10000035        0x3 
                0x10000038                _ebss = .
                0x10000038                PROVIDE (end, .)

.noinit_RAM2    0x2007c000        0x0
 *(.noinit.$RAM2*)
 *(.noinit.$RamAHB32*)
                0x2007c000                . = ALIGN (0x4)

.noinit         0x10000038        0x0
                0x10000038                _noinit = .
 *(.noinit*)
                0x10000038                . = ALIGN (0x4)
                0x10000038                _end_noinit = .
                0x10000038                PROVIDE (_pvHeapStart, .)
                0x10008000                PROVIDE (_vStackTop, (__top_RamLoc32 - 0x0))
OUTPUT(Sistema_Seguridad_v8.axf elf32-littlearm)

.debug_info     0x00000000     0x20b4
 .debug_info    0x00000000      0x91c ./src/4_Inicializaciones/Inicializaciones.o
 .debug_info    0x0000091c       0x67 ./src/4_Inicializaciones/Oscilador_Config.o
 .debug_info    0x00000983      0x26b ./src/4_Inicializaciones/cr_startup_lpc175x_6x.o
 .debug_info    0x00000bee      0x410 ./src/3_Drivers/Funciones_Basicas.o
 .debug_info    0x00000ffe      0x133 ./src/3_Drivers/Funciones_ISR.o
 .debug_info    0x00001131      0x262 ./src/3_Drivers/Funciones_PINES.o
 .debug_info    0x00001393       0xdc ./src/3_Drivers/Funciones_UART.o
 .debug_info    0x0000146f      0x27e ./src/2_Primitivas/Funciones.o
 .debug_info    0x000016ed      0x4b0 ./src/2_Primitivas/Funciones_de_Estados.o
 .debug_info    0x00001b9d      0x388 ./src/2_Primitivas/Maquina_Estado.o
 .debug_info    0x00001f25      0x18f ./src/1_Aplicacion/main.o

.debug_abbrev   0x00000000      0x9d6
 .debug_abbrev  0x00000000      0x136 ./src/4_Inicializaciones/Inicializaciones.o
 .debug_abbrev  0x00000136       0x4b ./src/4_Inicializaciones/Oscilador_Config.o
 .debug_abbrev  0x00000181      0x11d ./src/4_Inicializaciones/cr_startup_lpc175x_6x.o
 .debug_abbrev  0x0000029e       0xfb ./src/3_Drivers/Funciones_Basicas.o
 .debug_abbrev  0x00000399       0xf6 ./src/3_Drivers/Funciones_ISR.o
 .debug_abbrev  0x0000048f       0xb2 ./src/3_Drivers/Funciones_PINES.o
 .debug_abbrev  0x00000541       0xae ./src/3_Drivers/Funciones_UART.o
 .debug_abbrev  0x000005ef      0x156 ./src/2_Primitivas/Funciones.o
 .debug_abbrev  0x00000745      0x130 ./src/2_Primitivas/Funciones_de_Estados.o
 .debug_abbrev  0x00000875       0xc8 ./src/2_Primitivas/Maquina_Estado.o
 .debug_abbrev  0x0000093d       0x99 ./src/1_Aplicacion/main.o

.debug_aranges  0x00000000      0x2c0
 .debug_aranges
                0x00000000       0x58 ./src/4_Inicializaciones/Inicializaciones.o
 .debug_aranges
                0x00000058       0x20 ./src/4_Inicializaciones/Oscilador_Config.o
 .debug_aranges
                0x00000078       0x80 ./src/4_Inicializaciones/cr_startup_lpc175x_6x.o
 .debug_aranges
                0x000000f8       0x30 ./src/3_Drivers/Funciones_Basicas.o
 .debug_aranges
                0x00000128       0x38 ./src/3_Drivers/Funciones_ISR.o
 .debug_aranges
                0x00000160       0x50 ./src/3_Drivers/Funciones_PINES.o
 .debug_aranges
                0x000001b0       0x28 ./src/3_Drivers/Funciones_UART.o
 .debug_aranges
                0x000001d8       0x48 ./src/2_Primitivas/Funciones.o
 .debug_aranges
                0x00000220       0x60 ./src/2_Primitivas/Funciones_de_Estados.o
 .debug_aranges
                0x00000280       0x20 ./src/2_Primitivas/Maquina_Estado.o
 .debug_aranges
                0x000002a0       0x20 ./src/1_Aplicacion/main.o

.debug_ranges   0x00000000      0x210
 .debug_ranges  0x00000000       0x48 ./src/4_Inicializaciones/Inicializaciones.o
 .debug_ranges  0x00000048       0x10 ./src/4_Inicializaciones/Oscilador_Config.o
 .debug_ranges  0x00000058       0x70 ./src/4_Inicializaciones/cr_startup_lpc175x_6x.o
 .debug_ranges  0x000000c8       0x20 ./src/3_Drivers/Funciones_Basicas.o
 .debug_ranges  0x000000e8       0x28 ./src/3_Drivers/Funciones_ISR.o
 .debug_ranges  0x00000110       0x40 ./src/3_Drivers/Funciones_PINES.o
 .debug_ranges  0x00000150       0x18 ./src/3_Drivers/Funciones_UART.o
 .debug_ranges  0x00000168       0x38 ./src/2_Primitivas/Funciones.o
 .debug_ranges  0x000001a0       0x50 ./src/2_Primitivas/Funciones_de_Estados.o
 .debug_ranges  0x000001f0       0x10 ./src/2_Primitivas/Maquina_Estado.o
 .debug_ranges  0x00000200       0x10 ./src/1_Aplicacion/main.o

.debug_line     0x00000000      0xc9d
 .debug_line    0x00000000      0x1b4 ./src/4_Inicializaciones/Inicializaciones.o
 .debug_line    0x000001b4       0xd0 ./src/4_Inicializaciones/Oscilador_Config.o
 .debug_line    0x00000284       0xaf ./src/4_Inicializaciones/cr_startup_lpc175x_6x.o
 .debug_line    0x00000333      0x12a ./src/3_Drivers/Funciones_Basicas.o
 .debug_line    0x0000045d      0x10e ./src/3_Drivers/Funciones_ISR.o
 .debug_line    0x0000056b      0x162 ./src/3_Drivers/Funciones_PINES.o
 .debug_line    0x000006cd       0xdc ./src/3_Drivers/Funciones_UART.o
 .debug_line    0x000007a9      0x153 ./src/2_Primitivas/Funciones.o
 .debug_line    0x000008fc      0x1a9 ./src/2_Primitivas/Funciones_de_Estados.o
 .debug_line    0x00000aa5      0x129 ./src/2_Primitivas/Maquina_Estado.o
 .debug_line    0x00000bce       0xcf ./src/1_Aplicacion/main.o

.debug_str      0x00000000      0x7b6
 .debug_str     0x00000000      0x266 ./src/4_Inicializaciones/Inicializaciones.o
                                0x273 (size before relaxing)
 .debug_str     0x00000266       0x2d ./src/4_Inicializaciones/Oscilador_Config.o
                                0x17f (size before relaxing)
 .debug_str     0x00000293      0x19d ./src/4_Inicializaciones/cr_startup_lpc175x_6x.o
                                0x2b8 (size before relaxing)
 .debug_str     0x00000430       0xab ./src/3_Drivers/Funciones_Basicas.o
                                0x1f0 (size before relaxing)
 .debug_str     0x000004db       0x8d ./src/3_Drivers/Funciones_ISR.o
                                0x202 (size before relaxing)
 .debug_str     0x00000568       0x64 ./src/3_Drivers/Funciones_PINES.o
                                0x1e6 (size before relaxing)
 .debug_str     0x000005cc       0x43 ./src/3_Drivers/Funciones_UART.o
                                0x19c (size before relaxing)
 .debug_str     0x0000060f       0x65 ./src/2_Primitivas/Funciones.o
                                0x21d (size before relaxing)
 .debug_str     0x00000674       0xc8 ./src/2_Primitivas/Funciones_de_Estados.o
                                0x23f (size before relaxing)
 .debug_str     0x0000073c       0x5f ./src/2_Primitivas/Maquina_Estado.o
                                0x23f (size before relaxing)
 .debug_str     0x0000079b       0x1b ./src/1_Aplicacion/main.o
                                0x205 (size before relaxing)

.comment        0x00000000       0x70
 .comment       0x00000000       0x70 ./src/4_Inicializaciones/Inicializaciones.o
                                 0x71 (size before relaxing)
 .comment       0x00000000       0x71 ./src/4_Inicializaciones/Oscilador_Config.o
 .comment       0x00000000       0x71 ./src/4_Inicializaciones/cr_startup_lpc175x_6x.o
 .comment       0x00000000       0x71 ./src/3_Drivers/Funciones_Basicas.o
 .comment       0x00000000       0x71 ./src/3_Drivers/Funciones_ISR.o
 .comment       0x00000000       0x71 ./src/3_Drivers/Funciones_PINES.o
 .comment       0x00000000       0x71 ./src/3_Drivers/Funciones_UART.o
 .comment       0x00000000       0x71 ./src/2_Primitivas/Funciones.o
 .comment       0x00000000       0x71 ./src/2_Primitivas/Funciones_de_Estados.o
 .comment       0x00000000       0x71 ./src/2_Primitivas/Maquina_Estado.o
 .comment       0x00000000       0x71 ./src/1_Aplicacion/main.o
 .comment       0x00000000       0x71 c:/nxp/lpcxpresso_7.0.2_102/lpcxpresso/tools/bin/../lib/gcc/arm-none-eabi/4.8.3/../../../../arm-none-eabi/lib/armv7-m\libcr_c.a(__weak__main.o)

.ARM.attributes
                0x00000000       0x33
 .ARM.attributes
                0x00000000       0x33 ./src/4_Inicializaciones/Inicializaciones.o
 .ARM.attributes
                0x00000033       0x33 ./src/4_Inicializaciones/Oscilador_Config.o
 .ARM.attributes
                0x00000066       0x33 ./src/4_Inicializaciones/cr_startup_lpc175x_6x.o
 .ARM.attributes
                0x00000099       0x33 ./src/3_Drivers/Funciones_Basicas.o
 .ARM.attributes
                0x000000cc       0x33 ./src/3_Drivers/Funciones_ISR.o
 .ARM.attributes
                0x000000ff       0x33 ./src/3_Drivers/Funciones_PINES.o
 .ARM.attributes
                0x00000132       0x33 ./src/3_Drivers/Funciones_UART.o
 .ARM.attributes
                0x00000165       0x33 ./src/2_Primitivas/Funciones.o
 .ARM.attributes
                0x00000198       0x33 ./src/2_Primitivas/Funciones_de_Estados.o
 .ARM.attributes
                0x000001cb       0x33 ./src/2_Primitivas/Maquina_Estado.o
 .ARM.attributes
                0x000001fe       0x33 ./src/1_Aplicacion/main.o
 .ARM.attributes
                0x00000231       0x33 c:/nxp/lpcxpresso_7.0.2_102/lpcxpresso/tools/bin/../lib/gcc/arm-none-eabi/4.8.3/../../../../arm-none-eabi/lib/armv7-m\libcr_c.a(__weak__main.o)

.debug_frame    0x00000000      0x548
 .debug_frame   0x00000000       0xcc ./src/4_Inicializaciones/Inicializaciones.o
 .debug_frame   0x000000cc       0x20 ./src/4_Inicializaciones/Oscilador_Config.o
 .debug_frame   0x000000ec       0xf0 ./src/4_Inicializaciones/cr_startup_lpc175x_6x.o
 .debug_frame   0x000001dc       0x5c ./src/3_Drivers/Funciones_Basicas.o
 .debug_frame   0x00000238       0x58 ./src/3_Drivers/Funciones_ISR.o
 .debug_frame   0x00000290       0xc4 ./src/3_Drivers/Funciones_PINES.o
 .debug_frame   0x00000354       0x30 ./src/3_Drivers/Funciones_UART.o
 .debug_frame   0x00000384       0x90 ./src/2_Primitivas/Funciones.o
 .debug_frame   0x00000414       0xe0 ./src/2_Primitivas/Funciones_de_Estados.o
 .debug_frame   0x000004f4       0x2c ./src/2_Primitivas/Maquina_Estado.o
 .debug_frame   0x00000520       0x28 ./src/1_Aplicacion/main.o

.debug_loc      0x00000000      0x7e5
 .debug_loc     0x00000000      0x15f ./src/4_Inicializaciones/cr_startup_lpc175x_6x.o
 .debug_loc     0x0000015f       0x59 ./src/3_Drivers/Funciones_Basicas.o
 .debug_loc     0x000001b8       0x31 ./src/3_Drivers/Funciones_ISR.o
 .debug_loc     0x000001e9      0x2f2 ./src/3_Drivers/Funciones_PINES.o
 .debug_loc     0x000004db       0x38 ./src/3_Drivers/Funciones_UART.o
 .debug_loc     0x00000513      0x17d ./src/2_Primitivas/Funciones.o
 .debug_loc     0x00000690       0x56 ./src/2_Primitivas/Funciones_de_Estados.o
 .debug_loc     0x000006e6       0xff ./src/2_Primitivas/Maquina_Estado.o
